main.c:87:5:main	56	static,ignoring_inline_asm
main.c:152:6:SystemClock_Config	88	static
main.c:196:13:MX_I2C1_Init	8	static
main.c:230:13:MX_I2S3_Init	8	static
main.c:264:13:MX_SPI1_Init	8	static
main.c:302:13:MX_USART2_UART_Init	8	static
main.c:335:13:MX_GPIO_Init	56	static
main.c:423:6:Red_LED_App	24	static
main.c:432:6:Green_LED_App	24	static
main.c:441:6:Delay_App	24	static
main.c:455:6:TaskMonitor_App	16	static
main.c:471:6:HAL_TIM_PeriodElapsedCallback	16	static
main.c:488:6:Error_Handler	4	static,ignoring_inline_asm
