Archive member included to satisfy reference by file (symbol)

c:/st/stm32cubeide_1.8.0/stm32cubeide/plugins/com.st.stm32cube.ide.mcu.externaltools.gnu-tools-for-stm32.9-2020-q2-update.win32_2.0.0.202105311346/tools/bin/../lib/gcc/arm-none-eabi/9.3.1/../../../../arm-none-eabi/lib/thumb/v7e-m+fp/hard\libc_nano.a(lib_a-errno.o)
                              ./Core/Src/syscalls.o (__errno)
c:/st/stm32cubeide_1.8.0/stm32cubeide/plugins/com.st.stm32cube.ide.mcu.externaltools.gnu-tools-for-stm32.9-2020-q2-update.win32_2.0.0.202105311346/tools/bin/../lib/gcc/arm-none-eabi/9.3.1/../../../../arm-none-eabi/lib/thumb/v7e-m+fp/hard\libc_nano.a(lib_a-exit.o)
                              c:/st/stm32cubeide_1.8.0/stm32cubeide/plugins/com.st.stm32cube.ide.mcu.externaltools.gnu-tools-for-stm32.9-2020-q2-update.win32_2.0.0.202105311346/tools/bin/../lib/gcc/arm-none-eabi/9.3.1/../../../../arm-none-eabi/lib/thumb/v7e-m+fp/hard/crt0.o (exit)
c:/st/stm32cubeide_1.8.0/stm32cubeide/plugins/com.st.stm32cube.ide.mcu.externaltools.gnu-tools-for-stm32.9-2020-q2-update.win32_2.0.0.202105311346/tools/bin/../lib/gcc/arm-none-eabi/9.3.1/../../../../arm-none-eabi/lib/thumb/v7e-m+fp/hard\libc_nano.a(lib_a-impure.o)
                              c:/st/stm32cubeide_1.8.0/stm32cubeide/plugins/com.st.stm32cube.ide.mcu.externaltools.gnu-tools-for-stm32.9-2020-q2-update.win32_2.0.0.202105311346/tools/bin/../lib/gcc/arm-none-eabi/9.3.1/../../../../arm-none-eabi/lib/thumb/v7e-m+fp/hard\libc_nano.a(lib_a-exit.o) (_global_impure_ptr)
c:/st/stm32cubeide_1.8.0/stm32cubeide/plugins/com.st.stm32cube.ide.mcu.externaltools.gnu-tools-for-stm32.9-2020-q2-update.win32_2.0.0.202105311346/tools/bin/../lib/gcc/arm-none-eabi/9.3.1/../../../../arm-none-eabi/lib/thumb/v7e-m+fp/hard\libc_nano.a(lib_a-init.o)
                              c:/st/stm32cubeide_1.8.0/stm32cubeide/plugins/com.st.stm32cube.ide.mcu.externaltools.gnu-tools-for-stm32.9-2020-q2-update.win32_2.0.0.202105311346/tools/bin/../lib/gcc/arm-none-eabi/9.3.1/../../../../arm-none-eabi/lib/thumb/v7e-m+fp/hard/crt0.o (__libc_init_array)
c:/st/stm32cubeide_1.8.0/stm32cubeide/plugins/com.st.stm32cube.ide.mcu.externaltools.gnu-tools-for-stm32.9-2020-q2-update.win32_2.0.0.202105311346/tools/bin/../lib/gcc/arm-none-eabi/9.3.1/../../../../arm-none-eabi/lib/thumb/v7e-m+fp/hard\libc_nano.a(lib_a-malloc.o)
                              ./Middlewares/ST/STM32_USB_Host_Library/Class/CDC/Src/usbh_cdc.o (malloc)
c:/st/stm32cubeide_1.8.0/stm32cubeide/plugins/com.st.stm32cube.ide.mcu.externaltools.gnu-tools-for-stm32.9-2020-q2-update.win32_2.0.0.202105311346/tools/bin/../lib/gcc/arm-none-eabi/9.3.1/../../../../arm-none-eabi/lib/thumb/v7e-m+fp/hard\libc_nano.a(lib_a-memcmp.o)
                              ./common/ThirdParty/SEGGER/OS/SEGGER_SYSVIEW_FreeRTOS.o (memcmp)
c:/st/stm32cubeide_1.8.0/stm32cubeide/plugins/com.st.stm32cube.ide.mcu.externaltools.gnu-tools-for-stm32.9-2020-q2-update.win32_2.0.0.202105311346/tools/bin/../lib/gcc/arm-none-eabi/9.3.1/../../../../arm-none-eabi/lib/thumb/v7e-m+fp/hard\libc_nano.a(lib_a-memcpy-stub.o)
                              ./common/ThirdParty/FreeRTOS/queue.o (memcpy)
c:/st/stm32cubeide_1.8.0/stm32cubeide/plugins/com.st.stm32cube.ide.mcu.externaltools.gnu-tools-for-stm32.9-2020-q2-update.win32_2.0.0.202105311346/tools/bin/../lib/gcc/arm-none-eabi/9.3.1/../../../../arm-none-eabi/lib/thumb/v7e-m+fp/hard\libc_nano.a(lib_a-memset.o)
                              c:/st/stm32cubeide_1.8.0/stm32cubeide/plugins/com.st.stm32cube.ide.mcu.externaltools.gnu-tools-for-stm32.9-2020-q2-update.win32_2.0.0.202105311346/tools/bin/../lib/gcc/arm-none-eabi/9.3.1/../../../../arm-none-eabi/lib/thumb/v7e-m+fp/hard/crt0.o (memset)
c:/st/stm32cubeide_1.8.0/stm32cubeide/plugins/com.st.stm32cube.ide.mcu.externaltools.gnu-tools-for-stm32.9-2020-q2-update.win32_2.0.0.202105311346/tools/bin/../lib/gcc/arm-none-eabi/9.3.1/../../../../arm-none-eabi/lib/thumb/v7e-m+fp/hard\libc_nano.a(lib_a-nano-freer.o)
                              c:/st/stm32cubeide_1.8.0/stm32cubeide/plugins/com.st.stm32cube.ide.mcu.externaltools.gnu-tools-for-stm32.9-2020-q2-update.win32_2.0.0.202105311346/tools/bin/../lib/gcc/arm-none-eabi/9.3.1/../../../../arm-none-eabi/lib/thumb/v7e-m+fp/hard\libc_nano.a(lib_a-malloc.o) (_free_r)
c:/st/stm32cubeide_1.8.0/stm32cubeide/plugins/com.st.stm32cube.ide.mcu.externaltools.gnu-tools-for-stm32.9-2020-q2-update.win32_2.0.0.202105311346/tools/bin/../lib/gcc/arm-none-eabi/9.3.1/../../../../arm-none-eabi/lib/thumb/v7e-m+fp/hard\libc_nano.a(lib_a-nano-mallocr.o)
                              c:/st/stm32cubeide_1.8.0/stm32cubeide/plugins/com.st.stm32cube.ide.mcu.externaltools.gnu-tools-for-stm32.9-2020-q2-update.win32_2.0.0.202105311346/tools/bin/../lib/gcc/arm-none-eabi/9.3.1/../../../../arm-none-eabi/lib/thumb/v7e-m+fp/hard\libc_nano.a(lib_a-malloc.o) (_malloc_r)
[...]
Memory Configuration

Name             Origin             Length             Attributes
CCMRAM           0x0000000010000000 0x0000000000010000 xrw
RAM              0x0000000020000000 0x0000000000020000 xrw
FLASH            0x0000000008000000 0x0000000000100000 xr
*default*        0x0000000000000000 0xffffffffffffffff

Linker script and memory map

LOAD c:/st/stm32cubeide_1.8.0/stm32cubeide/plugins/com.st.stm32cube.ide.mcu.externaltools.gnu-tools-for-stm32.9-2020-q2-update.win32_2.0.0.202105311346/tools/bin/../lib/gcc/arm-none-eabi/9.3.1/thumb/v7e-m+fp/hard/crti.o
LOAD c:/st/stm32cubeide_1.8.0/stm32cubeide/plugins/com.st.stm32cube.ide.mcu.externaltools.gnu-tools-for-stm32.9-2020-q2-update.win32_2.0.0.202105311346/tools/bin/../lib/gcc/arm-none-eabi/9.3.1/thumb/v7e-m+fp/hard/crtbegin.o
LOAD c:/st/stm32cubeide_1.8.0/stm32cubeide/plugins/com.st.stm32cube.ide.mcu.externaltools.gnu-tools-for-stm32.9-2020-q2-update.win32_2.0.0.202105311346/tools/bin/../lib/gcc/arm-none-eabi/9.3.1/../../../../arm-none-eabi/lib/thumb/v7e-m+fp/hard/crt0.o
LOAD ./Core/Src/main.o
LOAD ./Core/Src/stm32f4xx_hal_msp.o
LOAD ./Core/Src/stm32f4xx_hal_timebase_tim.o
LOAD ./Core/Src/stm32f4xx_it.o
LOAD ./Core/Src/syscalls.o
LOAD ./Core/Src/sysmem.o
LOAD ./Core/Src/system_stm32f4xx.o
LOAD ./Core/Startup/startup_stm32f407vgtx.o
LOAD ./Drivers/STM32F4xx_HAL_Driver/Src/stm32f4xx_hal.o
LOAD ./Drivers/STM32F4xx_HAL_Driver/Src/stm32f4xx_hal_cortex.o
LOAD ./Drivers/STM32F4xx_HAL_Driver/Src/stm32f4xx_hal_dma.o
LOAD ./Drivers/STM32F4xx_HAL_Driver/Src/stm32f4xx_hal_dma_ex.o
LOAD ./Drivers/STM32F4xx_HAL_Driver/Src/stm32f4xx_hal_exti.o
LOAD ./Drivers/STM32F4xx_HAL_Driver/Src/stm32f4xx_hal_flash.o
LOAD ./Drivers/STM32F4xx_HAL_Driver/Src/stm32f4xx_hal_flash_ex.o
LOAD ./Drivers/STM32F4xx_HAL_Driver/Src/stm32f4xx_hal_flash_ramfunc.o
LOAD ./Drivers/STM32F4xx_HAL_Driver/Src/stm32f4xx_hal_gpio.o
LOAD ./Drivers/STM32F4xx_HAL_Driver/Src/stm32f4xx_hal_hcd.o
LOAD ./Drivers/STM32F4xx_HAL_Driver/Src/stm32f4xx_hal_i2c.o
LOAD ./Drivers/STM32F4xx_HAL_Driver/Src/stm32f4xx_hal_i2c_ex.o
LOAD ./Drivers/STM32F4xx_HAL_Driver/Src/stm32f4xx_hal_i2s.o
LOAD ./Drivers/STM32F4xx_HAL_Driver/Src/stm32f4xx_hal_i2s_ex.o
LOAD ./Drivers/STM32F4xx_HAL_Driver/Src/stm32f4xx_hal_pwr.o
LOAD ./Drivers/STM32F4xx_HAL_Driver/Src/stm32f4xx_hal_pwr_ex.o
LOAD ./Drivers/STM32F4xx_HAL_Driver/Src/stm32f4xx_hal_rcc.o
LOAD ./Drivers/STM32F4xx_HAL_Driver/Src/stm32f4xx_hal_rcc_ex.o
LOAD ./Drivers/STM32F4xx_HAL_Driver/Src/stm32f4xx_hal_spi.o
LOAD ./Drivers/STM32F4xx_HAL_Driver/Src/stm32f4xx_hal_tim.o
LOAD ./Drivers/STM32F4xx_HAL_Driver/Src/stm32f4xx_hal_tim_ex.o
LOAD ./Drivers/STM32F4xx_HAL_Driver/Src/stm32f4xx_hal_uart.o
LOAD ./Drivers/STM32F4xx_HAL_Driver/Src/stm32f4xx_ll_usb.o
LOAD ./Middlewares/ST/STM32_USB_Host_Library/Class/CDC/Src/usbh_cdc.o
LOAD ./Middlewares/ST/STM32_USB_Host_Library/Core/Src/usbh_core.o
LOAD ./Middlewares/ST/STM32_USB_Host_Library/Core/Src/usbh_ctlreq.o
LOAD ./Middlewares/ST/STM32_USB_Host_Library/Core/Src/usbh_ioreq.o
LOAD ./Middlewares/ST/STM32_USB_Host_Library/Core/Src/usbh_pipes.o
LOAD ./USB_HOST/App/usb_host.o
LOAD ./USB_HOST/Target/usbh_conf.o
LOAD ./USB_HOST/Target/usbh_platform.o
LOAD ./common/ThirdParty/FreeRTOS/croutine.o
LOAD ./common/ThirdParty/FreeRTOS/event_groups.o
LOAD ./common/ThirdParty/FreeRTOS/list.o
LOAD ./common/ThirdParty/FreeRTOS/queue.o
LOAD ./common/ThirdParty/FreeRTOS/stream_buffer.o
LOAD ./common/ThirdParty/FreeRTOS/tasks.o
LOAD ./common/ThirdParty/FreeRTOS/timers.o
LOAD ./common/ThirdParty/FreeRTOS/portable/GCC/ARM_CM4F/port.o
LOAD ./common/ThirdParty/FreeRTOS/portable/MemMang/heap_2.o
LOAD ./common/ThirdParty/FreeRTOS/portable/MemMang/heap_4.o
LOAD ./common/ThirdParty/SEGGER/Config/SEGGER_SYSVIEW_Config_FreeRTOS.o
LOAD ./common/ThirdParty/SEGGER/OS/SEGGER_SYSVIEW_FreeRTOS.o
LOAD ./common/ThirdParty/SEGGER/Rec/segger_uart.o
LOAD ./common/ThirdParty/SEGGER/SEGGER/SEGGER_RTT.o
LOAD ./common/ThirdParty/SEGGER/SEGGER/SEGGER_RTT_ASM_ARMv7M.o
LOAD ./common/ThirdParty/SEGGER/SEGGER/SEGGER_RTT_printf.o
LOAD ./common/ThirdParty/SEGGER/SEGGER/SEGGER_SYSVIEW.o
LOAD ./common/ThirdParty/SEGGER/SEGGER/Syscalls/SEGGER_RTT_Syscalls_GCC.o
LOAD ./common/ThirdParty/SEGGER/SEGGER/Syscalls/SEGGER_RTT_Syscalls_IAR.o
LOAD ./common/ThirdParty/SEGGER/SEGGER/Syscalls/SEGGER_RTT_Syscalls_KEIL.o
LOAD ./common/ThirdParty/SEGGER/SEGGER/Syscalls/SEGGER_RTT_Syscalls_SES.o
START GROUP
LOAD c:/st/stm32cubeide_1.8.0/stm32cubeide/plugins/com.st.stm32cube.ide.mcu.externaltools.gnu-tools-for-stm32.9-2020-q2-update.win32_2.0.0.202105311346/tools/bin/../lib/gcc/arm-none-eabi/9.3.1/../../../../arm-none-eabi/lib/thumb/v7e-m+fp/hard\libc_nano.a
LOAD c:/st/stm32cubeide_1.8.0/stm32cubeide/plugins/com.st.stm32cube.ide.mcu.externaltools.gnu-tools-for-stm32.9-2020-q2-update.win32_2.0.0.202105311346/tools/bin/../lib/gcc/arm-none-eabi/9.3.1/../../../../arm-none-eabi/lib/thumb/v7e-m+fp/hard\libm.a
END GROUP
START GROUP
LOAD c:/st/stm32cubeide_1.8.0/stm32cubeide/plugins/com.st.stm32cube.ide.mcu.externaltools.gnu-tools-for-stm32.9-2020-q2-update.win32_2.0.0.202105311346/tools/bin/../lib/gcc/arm-none-eabi/9.3.1/thumb/v7e-m+fp/hard\libgcc.a
LOAD c:/st/stm32cubeide_1.8.0/stm32cubeide/plugins/com.st.stm32cube.ide.mcu.externaltools.gnu-tools-for-stm32.9-2020-q2-update.win32_2.0.0.202105311346/tools/bin/../lib/gcc/arm-none-eabi/9.3.1/../../../../arm-none-eabi/lib/thumb/v7e-m+fp/hard\libc_nano.a
END GROUP
START GROUP
LOAD c:/st/stm32cubeide_1.8.0/stm32cubeide/plugins/com.st.stm32cube.ide.mcu.externaltools.gnu-tools-for-stm32.9-2020-q2-update.win32_2.0.0.202105311346/tools/bin/../lib/gcc/arm-none-eabi/9.3.1/thumb/v7e-m+fp/hard\libgcc.a
LOAD c:/st/stm32cubeide_1.8.0/stm32cubeide/plugins/com.st.stm32cube.ide.mcu.externaltools.gnu-tools-for-stm32.9-2020-q2-update.win32_2.0.0.202105311346/tools/bin/../lib/gcc/arm-none-eabi/9.3.1/../../../../arm-none-eabi/lib/thumb/v7e-m+fp/hard\libc_nano.a
LOAD c:/st/stm32cubeide_1.8.0/stm32cubeide/plugins/com.st.stm32cube.ide.mcu.externaltools.gnu-tools-for-stm32.9-2020-q2-update.win32_2.0.0.202105311346/tools/bin/../lib/gcc/arm-none-eabi/9.3.1/../../../../arm-none-eabi/lib/thumb/v7e-m+fp/hard\libnosys.a
END GROUP
START GROUP
LOAD c:/st/stm32cubeide_1.8.0/stm32cubeide/plugins/com.st.stm32cube.ide.mcu.externaltools.gnu-tools-for-stm32.9-2020-q2-update.win32_2.0.0.202105311346/tools/bin/../lib/gcc/arm-none-eabi/9.3.1/thumb/v7e-m+fp/hard\libgcc.a
LOAD c:/st/stm32cubeide_1.8.0/stm32cubeide/plugins/com.st.stm32cube.ide.mcu.externaltools.gnu-tools-for-stm32.9-2020-q2-update.win32_2.0.0.202105311346/tools/bin/../lib/gcc/arm-none-eabi/9.3.1/../../../../arm-none-eabi/lib/thumb/v7e-m+fp/hard\libc_nano.a
LOAD c:/st/stm32cubeide_1.8.0/stm32cubeide/plugins/com.st.stm32cube.ide.mcu.externaltools.gnu-tools-for-stm32.9-2020-q2-update.win32_2.0.0.202105311346/tools/bin/../lib/gcc/arm-none-eabi/9.3.1/../../../../arm-none-eabi/lib/thumb/v7e-m+fp/hard\libnosys.a
END GROUP
LOAD c:/st/stm32cubeide_1.8.0/stm32cubeide/plugins/com.st.stm32cube.ide.mcu.externaltools.gnu-tools-for-stm32.9-2020-q2-update.win32_2.0.0.202105311346/tools/bin/../lib/gcc/arm-none-eabi/9.3.1/thumb/v7e-m+fp/hard/crtend.o
LOAD c:/st/stm32cubeide_1.8.0/stm32cubeide/plugins/com.st.stm32cube.ide.mcu.externaltools.gnu-tools-for-stm32.9-2020-q2-update.win32_2.0.0.202105311346/tools/bin/../lib/gcc/arm-none-eabi/9.3.1/thumb/v7e-m+fp/hard/crtn.o
                0x0000000020020000                _estack = (ORIGIN (RAM) + LENGTH (RAM))
                0x0000000000000200                _Min_Heap_Size = 0x200
                0x0000000000000400                _Min_Stack_Size = 0x400

.isr_vector     0x0000000008000000      0x188
                0x0000000008000000                . = ALIGN (0x4)
 *(.isr_vector)
 .isr_vector    0x0000000008000000      0x188 ./Core/Startup/startup_stm32f407vgtx.o
                0x0000000008000000                g_pfnVectors
                0x0000000008000188                . = ALIGN (0x4)

.text           0x0000000008000190     0xe0d8
                0x0000000008000190                . = ALIGN (0x4)
 *(.text)
 .text          0x0000000008000190       0x40 c:/st/stm32cubeide_1.8.0/stm32cubeide/plugins/com.st.stm32cube.ide.mcu.externaltools.gnu-tools-for-stm32.9-2020-q2-update.win32_2.0.0.202105311346/tools/bin/../lib/gcc/arm-none-eabi/9.3.1/thumb/v7e-m+fp/hard/crtbegin.o
 .text          0x00000000080001d0       0x94 ./common/ThirdParty/SEGGER/SEGGER/SEGGER_RTT_ASM_ARMv7M.o
                0x00000000080001d0                SEGGER_RTT_ASM_WriteSkipNoLock
 .text          0x0000000008000264       0x10 c:/st/stm32cubeide_1.8.0/stm32cubeide/plugins/com.st.stm32cube.ide.mcu.externaltools.gnu-tools-for-stm32.9-2020-q2-update.win32_2.0.0.202105311346/tools/bin/../lib/gcc/arm-none-eabi/9.3.1/../../../../arm-none-eabi/lib/thumb/v7e-m+fp/hard\libc_nano.a(lib_a-strlen.o)
                0x0000000008000264                strlen
 *fill*         0x0000000008000274        0xc 
 .text          0x0000000008000280       0xa0 c:/st/stm32cubeide_1.8.0/stm32cubeide/plugins/com.st.stm32cube.ide.mcu.externaltools.gnu-tools-for-stm32.9-2020-q2-update.win32_2.0.0.202105311346/tools/bin/../lib/gcc/arm-none-eabi/9.3.1/../../../../arm-none-eabi/lib/thumb/v7e-m+fp/hard\libc_nano.a(lib_a-memchr.o)
                0x0000000008000280                memchr
 .text          0x0000000008000320       0x30 c:/st/stm32cubeide_1.8.0/stm32cubeide/plugins/com.st.stm32cube.ide.mcu.externaltools.gnu-tools-for-stm32.9-2020-q2-update.win32_2.0.0.202105311346/tools/bin/../lib/gcc/arm-none-eabi/9.3.1/thumb/v7e-m+fp/hard\libgcc.a(_aeabi_uldivmod.o)
                0x0000000008000320                __aeabi_uldivmod
 .text          0x0000000008000350      0x2c4 c:/st/stm32cubeide_1.8.0/stm32cubeide/plugins/com.st.stm32cube.ide.mcu.externaltools.gnu-tools-for-stm32.9-2020-q2-update.win32_2.0.0.202105311346/tools/bin/../lib/gcc/arm-none-eabi/9.3.1/thumb/v7e-m+fp/hard\libgcc.a(_udivmoddi4.o)
                0x0000000008000350                __udivmoddi4
 .text          0x0000000008000614        0x4 c:/st/stm32cubeide_1.8.0/stm32cubeide/plugins/com.st.stm32cube.ide.mcu.externaltools.gnu-tools-for-stm32.9-2020-q2-update.win32_2.0.0.202105311346/tools/bin/../lib/gcc/arm-none-eabi/9.3.1/thumb/v7e-m+fp/hard\libgcc.a(_dvmd_tls.o)
                0x0000000008000614                __aeabi_idiv0
                0x0000000008000614                __aeabi_ldiv0
 *(.text*)
 .text.MEMS_Write
                0x0000000008000618       0x4c ./Core/Src/main.o
                0x0000000008000618                MEMS_Write
 .text.MEMS_Read
                0x0000000008000664       0x54 ./Core/Src/main.o
                0x0000000008000664                MEMS_Read
 .text.Green_LED_Task
                0x00000000080006b8       0x20 ./Core/Src/main.o
                0x00000000080006b8                Green_LED_Task
 .text.vHandlerTask
                0x00000000080006d8       0x60 ./Core/Src/main.o
                0x00000000080006d8                vHandlerTask
 .text.HAL_GPIO_EXTI_Callback
                0x0000000008000738       0x5c ./Core/Src/main.o
                0x0000000008000738                HAL_GPIO_EXTI_Callback
 .text.main     0x0000000008000794      0x108 ./Core/Src/main.o
                0x0000000008000794                main
 .text.SystemClock_Config
                0x000000000800089c       0xd4 ./Core/Src/main.o
                0x000000000800089c                SystemClock_Config
 .text.MX_I2C1_Init
                0x0000000008000970       0x5c ./Core/Src/main.o
 .text.MX_I2S3_Init
                0x00000000080009cc       0x60 ./Core/Src/main.o
 .text.MX_SPI1_Init
                0x0000000008000a2c       0x6c ./Core/Src/main.o
 .text.MX_USART2_UART_Init
                0x0000000008000a98       0x54 ./Core/Src/main.o
 .text.MX_GPIO_Init
                0x0000000008000aec      0x208 ./Core/Src/main.o
 .text.HAL_TIM_PeriodElapsedCallback
                0x0000000008000cf4       0x24 ./Core/Src/main.o
                0x0000000008000cf4                HAL_TIM_PeriodElapsedCallback
 .text.Error_Handler
                0x0000000008000d18        0xa ./Core/Src/main.o
                0x0000000008000d18                Error_Handler
 *fill*         0x0000000008000d22        0x2 
 .text.HAL_MspInit
                0x0000000008000d24       0x50 ./Core/Src/stm32f4xx_hal_msp.o
                0x0000000008000d24                HAL_MspInit
 .text.HAL_I2C_MspInit
                0x0000000008000d74       0x90 ./Core/Src/stm32f4xx_hal_msp.o
                0x0000000008000d74                HAL_I2C_MspInit
 .text.HAL_I2S_MspInit
                0x0000000008000e04      0x100 ./Core/Src/stm32f4xx_hal_msp.o
                0x0000000008000e04                HAL_I2S_MspInit
 .text.HAL_SPI_MspInit
                0x0000000008000f04       0x90 ./Core/Src/stm32f4xx_hal_msp.o
                0x0000000008000f04                HAL_SPI_MspInit
 .text.HAL_UART_MspInit
                0x0000000008000f94       0x90 ./Core/Src/stm32f4xx_hal_msp.o
                0x0000000008000f94                HAL_UART_MspInit
 .text.HAL_InitTick
                0x0000000008001024       0xb4 ./Core/Src/stm32f4xx_hal_timebase_tim.o
                0x0000000008001024                HAL_InitTick
 .text.NMI_Handler
                0x00000000080010d8        0x6 ./Core/Src/stm32f4xx_it.o
                0x00000000080010d8                NMI_Handler
 .text.HardFault_Handler
                0x00000000080010de        0x6 ./Core/Src/stm32f4xx_it.o
                0x00000000080010de                HardFault_Handler
 .text.MemManage_Handler
                0x00000000080010e4        0x6 ./Core/Src/stm32f4xx_it.o
                0x00000000080010e4                MemManage_Handler
 .text.BusFault_Handler
                0x00000000080010ea        0x6 ./Core/Src/stm32f4xx_it.o
                0x00000000080010ea                BusFault_Handler
 .text.UsageFault_Handler
                0x00000000080010f0        0x6 ./Core/Src/stm32f4xx_it.o
                0x00000000080010f0                UsageFault_Handler
 .text.DebugMon_Handler
                0x00000000080010f6        0xe ./Core/Src/stm32f4xx_it.o
                0x00000000080010f6                DebugMon_Handler
 .text.EXTI0_IRQHandler
                0x0000000008001104        0xe ./Core/Src/stm32f4xx_it.o
                0x0000000008001104                EXTI0_IRQHandler
 *fill*         0x0000000008001112        0x2 
 .text.TIM6_DAC_IRQHandler
                0x0000000008001114       0x14 ./Core/Src/stm32f4xx_it.o
                0x0000000008001114                TIM6_DAC_IRQHandler
 .text.OTG_FS_IRQHandler
                0x0000000008001128       0x14 ./Core/Src/stm32f4xx_it.o
                0x0000000008001128                OTG_FS_IRQHandler
 .text._sbrk    0x000000000800113c       0x6c ./Core/Src/sysmem.o
                0x000000000800113c                _sbrk
 .text.SystemInit
                0x00000000080011a8       0x24 ./Core/Src/system_stm32f4xx.o
                0x00000000080011a8                SystemInit
 .text.Reset_Handler
                0x00000000080011cc       0x50 ./Core/Startup/startup_stm32f407vgtx.o
                0x00000000080011cc                Reset_Handler
 .text.Default_Handler
                0x000000000800121c        0x2 ./Core/Startup/startup_stm32f407vgtx.o
                0x000000000800121c                RTC_Alarm_IRQHandler
                0x000000000800121c                HASH_RNG_IRQHandler
                0x000000000800121c                EXTI2_IRQHandler
                0x000000000800121c                TIM8_CC_IRQHandler
                0x000000000800121c                TIM1_CC_IRQHandler
                0x000000000800121c                DMA2_Stream5_IRQHandler
                0x000000000800121c                DMA1_Stream5_IRQHandler
                0x000000000800121c                PVD_IRQHandler
                0x000000000800121c                SDIO_IRQHandler
                0x000000000800121c                TAMP_STAMP_IRQHandler
                0x000000000800121c                CAN2_RX1_IRQHandler
                0x000000000800121c                EXTI3_IRQHandler
                0x000000000800121c                TIM8_TRG_COM_TIM14_IRQHandler
                0x000000000800121c                TIM1_UP_TIM10_IRQHandler
                0x000000000800121c                TIM8_UP_TIM13_IRQHandler
                0x000000000800121c                I2C3_ER_IRQHandler
                0x000000000800121c                I2C2_EV_IRQHandler
                0x000000000800121c                DMA1_Stream2_IRQHandler
                0x000000000800121c                CAN1_RX0_IRQHandler
                0x000000000800121c                FPU_IRQHandler
                0x000000000800121c                OTG_HS_WKUP_IRQHandler
                0x000000000800121c                CAN2_SCE_IRQHandler
                0x000000000800121c                DMA2_Stream2_IRQHandler
                0x000000000800121c                SPI1_IRQHandler
                0x000000000800121c                TIM1_BRK_TIM9_IRQHandler
                0x000000000800121c                DCMI_IRQHandler
                0x000000000800121c                CAN2_RX0_IRQHandler
                0x000000000800121c                DMA2_Stream3_IRQHandler
                0x000000000800121c                USART6_IRQHandler
                0x000000000800121c                USART3_IRQHandler
                0x000000000800121c                CAN1_RX1_IRQHandler
                0x000000000800121c                UART5_IRQHandler
                0x000000000800121c                DMA2_Stream0_IRQHandler
                0x000000000800121c                TIM4_IRQHandler
                0x000000000800121c                I2C1_EV_IRQHandler
                0x000000000800121c                DMA1_Stream6_IRQHandler
                0x000000000800121c                DMA1_Stream1_IRQHandler
                0x000000000800121c                UART4_IRQHandler
                0x000000000800121c                TIM3_IRQHandler
                0x000000000800121c                RCC_IRQHandler
                0x000000000800121c                TIM8_BRK_TIM12_IRQHandler
                0x000000000800121c                Default_Handler
                0x000000000800121c                EXTI15_10_IRQHandler
                0x000000000800121c                ADC_IRQHandler
                0x000000000800121c                DMA1_Stream7_IRQHandler
                0x000000000800121c                TIM7_IRQHandler
                0x000000000800121c                CAN2_TX_IRQHandler
                0x000000000800121c                TIM5_IRQHandler
                0x000000000800121c                DMA2_Stream7_IRQHandler
                0x000000000800121c                I2C3_EV_IRQHandler
                0x000000000800121c                EXTI9_5_IRQHandler
                0x000000000800121c                RTC_WKUP_IRQHandler
                0x000000000800121c                ETH_WKUP_IRQHandler
                0x000000000800121c                SPI2_IRQHandler
                0x000000000800121c                OTG_HS_EP1_IN_IRQHandler
                0x000000000800121c                DMA1_Stream0_IRQHandler
                0x000000000800121c                CAN1_TX_IRQHandler
                0x000000000800121c                EXTI4_IRQHandler
                0x000000000800121c                FSMC_IRQHandler
                0x000000000800121c                ETH_IRQHandler
                0x000000000800121c                OTG_HS_EP1_OUT_IRQHandler
                0x000000000800121c                WWDG_IRQHandler
                0x000000000800121c                TIM2_IRQHandler
                0x000000000800121c                OTG_FS_WKUP_IRQHandler
                0x000000000800121c                TIM1_TRG_COM_TIM11_IRQHandler
                0x000000000800121c                OTG_HS_IRQHandler
                0x000000000800121c                EXTI1_IRQHandler
                0x000000000800121c                USART2_IRQHandler
                0x000000000800121c                I2C2_ER_IRQHandler
                0x000000000800121c                DMA2_Stream1_IRQHandler
                0x000000000800121c                CAN1_SCE_IRQHandler
                0x000000000800121c                FLASH_IRQHandler
                0x000000000800121c                DMA2_Stream4_IRQHandler
                0x000000000800121c                USART1_IRQHandler
                0x000000000800121c                SPI3_IRQHandler
                0x000000000800121c                DMA1_Stream4_IRQHandler
                0x000000000800121c                I2C1_ER_IRQHandler
                0x000000000800121c                DMA2_Stream6_IRQHandler
                0x000000000800121c                DMA1_Stream3_IRQHandler
 *fill*         0x000000000800121e        0x2 
 .text.HAL_Init
                0x0000000008001220       0x44 ./Drivers/STM32F4xx_HAL_Driver/Src/stm32f4xx_hal.o
                0x0000000008001220                HAL_Init
 .text.HAL_IncTick
                0x0000000008001264       0x28 ./Drivers/STM32F4xx_HAL_Driver/Src/stm32f4xx_hal.o
                0x0000000008001264                HAL_IncTick
 .text.HAL_GetTick
                0x000000000800128c       0x18 ./Drivers/STM32F4xx_HAL_Driver/Src/stm32f4xx_hal.o
                0x000000000800128c                HAL_GetTick
 .text.HAL_Delay
                0x00000000080012a4       0x48 ./Drivers/STM32F4xx_HAL_Driver/Src/stm32f4xx_hal.o
                0x00000000080012a4                HAL_Delay
 .text.__NVIC_SetPriorityGrouping
                0x00000000080012ec       0x48 ./Drivers/STM32F4xx_HAL_Driver/Src/stm32f4xx_hal_cortex.o
 .text.__NVIC_GetPriorityGrouping
                0x0000000008001334       0x1c ./Drivers/STM32F4xx_HAL_Driver/Src/stm32f4xx_hal_cortex.o
 .text.__NVIC_EnableIRQ
                0x0000000008001350       0x3c ./Drivers/STM32F4xx_HAL_Driver/Src/stm32f4xx_hal_cortex.o
 .text.__NVIC_SetPriority
                0x000000000800138c       0x54 ./Drivers/STM32F4xx_HAL_Driver/Src/stm32f4xx_hal_cortex.o
 .text.NVIC_EncodePriority
                0x00000000080013e0       0x66 ./Drivers/STM32F4xx_HAL_Driver/Src/stm32f4xx_hal_cortex.o
 .text.HAL_NVIC_SetPriorityGrouping
                0x0000000008001446       0x16 ./Drivers/STM32F4xx_HAL_Driver/Src/stm32f4xx_hal_cortex.o
                0x0000000008001446                HAL_NVIC_SetPriorityGrouping
 .text.HAL_NVIC_SetPriority
                0x000000000800145c       0x38 ./Drivers/STM32F4xx_HAL_Driver/Src/stm32f4xx_hal_cortex.o
                0x000000000800145c                HAL_NVIC_SetPriority
 .text.HAL_NVIC_EnableIRQ
                0x0000000008001494       0x1c ./Drivers/STM32F4xx_HAL_Driver/Src/stm32f4xx_hal_cortex.o
                0x0000000008001494                HAL_NVIC_EnableIRQ
 .text.HAL_GPIO_Init
                0x00000000080014b0      0x338 ./Drivers/STM32F4xx_HAL_Driver/Src/stm32f4xx_hal_gpio.o
                0x00000000080014b0                HAL_GPIO_Init
 .text.HAL_GPIO_WritePin
                0x00000000080017e8       0x32 ./Drivers/STM32F4xx_HAL_Driver/Src/stm32f4xx_hal_gpio.o
                0x00000000080017e8                HAL_GPIO_WritePin
 .text.HAL_GPIO_TogglePin
                0x000000000800181a       0x34 ./Drivers/STM32F4xx_HAL_Driver/Src/stm32f4xx_hal_gpio.o
                0x000000000800181a                HAL_GPIO_TogglePin
 *fill*         0x000000000800184e        0x2 
 .text.HAL_GPIO_EXTI_IRQHandler
                0x0000000008001850       0x30 ./Drivers/STM32F4xx_HAL_Driver/Src/stm32f4xx_hal_gpio.o
                0x0000000008001850                HAL_GPIO_EXTI_IRQHandler
 .text.HAL_HCD_Init
                0x0000000008001880       0xc4 ./Drivers/STM32F4xx_HAL_Driver/Src/stm32f4xx_hal_hcd.o
                0x0000000008001880                HAL_HCD_Init
 .text.HAL_HCD_HC_Init
                0x0000000008001944      0x11e ./Drivers/STM32F4xx_HAL_Driver/Src/stm32f4xx_hal_hcd.o
                0x0000000008001944                HAL_HCD_HC_Init
 .text.HAL_HCD_HC_Halt
                0x0000000008001a62       0x46 ./Drivers/STM32F4xx_HAL_Driver/Src/stm32f4xx_hal_hcd.o
                0x0000000008001a62                HAL_HCD_HC_Halt
 .text.HAL_HCD_HC_SubmitRequest
                0x0000000008001aa8      0x2ac ./Drivers/STM32F4xx_HAL_Driver/Src/stm32f4xx_hal_hcd.o
                0x0000000008001aa8                HAL_HCD_HC_SubmitRequest
 .text.HAL_HCD_IRQHandler
                0x0000000008001d54      0x216 ./Drivers/STM32F4xx_HAL_Driver/Src/stm32f4xx_hal_hcd.o
                0x0000000008001d54                HAL_HCD_IRQHandler
 .text.HAL_HCD_Start
                0x0000000008001f6a       0x46 ./Drivers/STM32F4xx_HAL_Driver/Src/stm32f4xx_hal_hcd.o
                0x0000000008001f6a                HAL_HCD_Start
 .text.HAL_HCD_Stop
                0x0000000008001fb0       0x3a ./Drivers/STM32F4xx_HAL_Driver/Src/stm32f4xx_hal_hcd.o
                0x0000000008001fb0                HAL_HCD_Stop
 .text.HAL_HCD_ResetPort
                0x0000000008001fea       0x1c ./Drivers/STM32F4xx_HAL_Driver/Src/stm32f4xx_hal_hcd.o
                0x0000000008001fea                HAL_HCD_ResetPort
 .text.HAL_HCD_HC_GetURBState
                0x0000000008002006       0x28 ./Drivers/STM32F4xx_HAL_Driver/Src/stm32f4xx_hal_hcd.o
                0x0000000008002006                HAL_HCD_HC_GetURBState
 .text.HAL_HCD_HC_GetXferCount
                0x000000000800202e       0x28 ./Drivers/STM32F4xx_HAL_Driver/Src/stm32f4xx_hal_hcd.o
                0x000000000800202e                HAL_HCD_HC_GetXferCount
 .text.HAL_HCD_GetCurrentFrame
                0x0000000008002056       0x1c ./Drivers/STM32F4xx_HAL_Driver/Src/stm32f4xx_hal_hcd.o
                0x0000000008002056                HAL_HCD_GetCurrentFrame
 .text.HAL_HCD_GetCurrentSpeed
                0x0000000008002072       0x1c ./Drivers/STM32F4xx_HAL_Driver/Src/stm32f4xx_hal_hcd.o
                0x0000000008002072                HAL_HCD_GetCurrentSpeed
 .text.HCD_HC_IN_IRQHandler
                0x000000000800208e      0x844 ./Drivers/STM32F4xx_HAL_Driver/Src/stm32f4xx_hal_hcd.o
 .text.HCD_HC_OUT_IRQHandler
                0x00000000080028d2      0x802 ./Drivers/STM32F4xx_HAL_Driver/Src/stm32f4xx_hal_hcd.o
 .text.HCD_RXQLVL_IRQHandler
                0x00000000080030d4      0x1a4 ./Drivers/STM32F4xx_HAL_Driver/Src/stm32f4xx_hal_hcd.o
 .text.HCD_Port_IRQHandler
                0x0000000008003278       0xe6 ./Drivers/STM32F4xx_HAL_Driver/Src/stm32f4xx_hal_hcd.o
 *fill*         0x000000000800335e        0x2 
 .text.HAL_I2C_Init
                0x0000000008003360      0x288 ./Drivers/STM32F4xx_HAL_Driver/Src/stm32f4xx_hal_i2c.o
                0x0000000008003360                HAL_I2C_Init
 .text.HAL_I2S_Init
                0x00000000080035e8      0x280 ./Drivers/STM32F4xx_HAL_Driver/Src/stm32f4xx_hal_i2s.o
                0x00000000080035e8                HAL_I2S_Init
 .text.HAL_I2S_TxCpltCallback
                0x0000000008003868       0x14 ./Drivers/STM32F4xx_HAL_Driver/Src/stm32f4xx_hal_i2s.o
                0x0000000008003868                HAL_I2S_TxCpltCallback
 .text.HAL_I2S_RxCpltCallback
                0x000000000800387c       0x14 ./Drivers/STM32F4xx_HAL_Driver/Src/stm32f4xx_hal_i2s.o
                0x000000000800387c                HAL_I2S_RxCpltCallback
 .text.HAL_I2S_ErrorCallback
                0x0000000008003890       0x14 ./Drivers/STM32F4xx_HAL_Driver/Src/stm32f4xx_hal_i2s.o
                0x0000000008003890                HAL_I2S_ErrorCallback
 .text.I2S_Transmit_IT
                0x00000000080038a4       0x5c ./Drivers/STM32F4xx_HAL_Driver/Src/stm32f4xx_hal_i2s.o
 .text.I2S_Receive_IT
                0x0000000008003900       0x5e ./Drivers/STM32F4xx_HAL_Driver/Src/stm32f4xx_hal_i2s.o
 .text.I2S_IRQHandler
                0x000000000800395e      0x114 ./Drivers/STM32F4xx_HAL_Driver/Src/stm32f4xx_hal_i2s.o
 *fill*         0x0000000008003a72        0x2 
 .text.HAL_I2SEx_FullDuplex_IRQHandler
                0x0000000008003a74      0x2a8 ./Drivers/STM32F4xx_HAL_Driver/Src/stm32f4xx_hal_i2s_ex.o
                0x0000000008003a74                HAL_I2SEx_FullDuplex_IRQHandler
 .text.HAL_I2SEx_TxRxCpltCallback
                0x0000000008003d1c       0x14 ./Drivers/STM32F4xx_HAL_Driver/Src/stm32f4xx_hal_i2s_ex.o
                0x0000000008003d1c                HAL_I2SEx_TxRxCpltCallback
 .text.I2SEx_TxISR_I2S
                0x0000000008003d30       0x62 ./Drivers/STM32F4xx_HAL_Driver/Src/stm32f4xx_hal_i2s_ex.o
 *fill*         0x0000000008003d92        0x2 
 .text.I2SEx_TxISR_I2SExt
                0x0000000008003d94       0x98 ./Drivers/STM32F4xx_HAL_Driver/Src/stm32f4xx_hal_i2s_ex.o
 .text.I2SEx_RxISR_I2S
                0x0000000008003e2c       0x64 ./Drivers/STM32F4xx_HAL_Driver/Src/stm32f4xx_hal_i2s_ex.o
 .text.I2SEx_RxISR_I2SExt
                0x0000000008003e90       0x98 ./Drivers/STM32F4xx_HAL_Driver/Src/stm32f4xx_hal_i2s_ex.o
 .text.HAL_RCC_OscConfig
                0x0000000008003f28      0x4f0 ./Drivers/STM32F4xx_HAL_Driver/Src/stm32f4xx_hal_rcc.o
                0x0000000008003f28                HAL_RCC_OscConfig
 .text.HAL_RCC_ClockConfig
                0x0000000008004418      0x1cc ./Drivers/STM32F4xx_HAL_Driver/Src/stm32f4xx_hal_rcc.o
                0x0000000008004418                HAL_RCC_ClockConfig
 .text.HAL_RCC_GetSysClockFreq
                0x00000000080045e4      0x1c4 ./Drivers/STM32F4xx_HAL_Driver/Src/stm32f4xx_hal_rcc.o
                0x00000000080045e4                HAL_RCC_GetSysClockFreq
 .text.HAL_RCC_GetHCLKFreq
                0x00000000080047a8       0x18 ./Drivers/STM32F4xx_HAL_Driver/Src/stm32f4xx_hal_rcc.o
                0x00000000080047a8                HAL_RCC_GetHCLKFreq
 .text.HAL_RCC_GetPCLK1Freq
                0x00000000080047c0       0x28 ./Drivers/STM32F4xx_HAL_Driver/Src/stm32f4xx_hal_rcc.o
                0x00000000080047c0                HAL_RCC_GetPCLK1Freq
 .text.HAL_RCC_GetPCLK2Freq
                0x00000000080047e8       0x28 ./Drivers/STM32F4xx_HAL_Driver/Src/stm32f4xx_hal_rcc.o
                0x00000000080047e8                HAL_RCC_GetPCLK2Freq
 .text.HAL_RCC_GetClockConfig
                0x0000000008004810       0x64 ./Drivers/STM32F4xx_HAL_Driver/Src/stm32f4xx_hal_rcc.o
                0x0000000008004810                HAL_RCC_GetClockConfig
 .text.HAL_RCCEx_PeriphCLKConfig
                0x0000000008004874      0x1c4 ./Drivers/STM32F4xx_HAL_Driver/Src/stm32f4xx_hal_rcc_ex.o
                0x0000000008004874                HAL_RCCEx_PeriphCLKConfig
 .text.HAL_RCCEx_GetPeriphCLKFreq
                0x0000000008004a38       0xbc ./Drivers/STM32F4xx_HAL_Driver/Src/stm32f4xx_hal_rcc_ex.o
                0x0000000008004a38                HAL_RCCEx_GetPeriphCLKFreq
 .text.HAL_SPI_Init
                0x0000000008004af4      0x112 ./Drivers/STM32F4xx_HAL_Driver/Src/stm32f4xx_hal_spi.o
                0x0000000008004af4                HAL_SPI_Init
 .text.HAL_SPI_Transmit
                0x0000000008004c06      0x278 ./Drivers/STM32F4xx_HAL_Driver/Src/stm32f4xx_hal_spi.o
                0x0000000008004c06                HAL_SPI_Transmit
 .text.HAL_SPI_Receive
                0x0000000008004e7e      0x222 ./Drivers/STM32F4xx_HAL_Driver/Src/stm32f4xx_hal_spi.o
                0x0000000008004e7e                HAL_SPI_Receive
 .text.HAL_SPI_TransmitReceive
                0x00000000080050a0      0x344 ./Drivers/STM32F4xx_HAL_Driver/Src/stm32f4xx_hal_spi.o
                0x00000000080050a0                HAL_SPI_TransmitReceive
 .text.SPI_WaitFlagStateUntilTimeout
                0x00000000080053e4      0x110 ./Drivers/STM32F4xx_HAL_Driver/Src/stm32f4xx_hal_spi.o
 .text.SPI_EndRxTransaction
                0x00000000080054f4       0xca ./Drivers/STM32F4xx_HAL_Driver/Src/stm32f4xx_hal_spi.o
 *fill*         0x00000000080055be        0x2 
 .text.SPI_EndRxTxTransaction
                0x00000000080055c0       0x84 ./Drivers/STM32F4xx_HAL_Driver/Src/stm32f4xx_hal_spi.o
 .text.HAL_TIM_Base_Init
                0x0000000008005644       0x9e ./Drivers/STM32F4xx_HAL_Driver/Src/stm32f4xx_hal_tim.o
                0x0000000008005644                HAL_TIM_Base_Init
 .text.HAL_TIM_Base_MspInit
                0x00000000080056e2       0x14 ./Drivers/STM32F4xx_HAL_Driver/Src/stm32f4xx_hal_tim.o
                0x00000000080056e2                HAL_TIM_Base_MspInit
 *fill*         0x00000000080056f6        0x2 
 .text.HAL_TIM_Base_Start_IT
                0x00000000080056f8       0xe0 ./Drivers/STM32F4xx_HAL_Driver/Src/stm32f4xx_hal_tim.o
                0x00000000080056f8                HAL_TIM_Base_Start_IT
 .text.HAL_TIM_IRQHandler
                0x00000000080057d8      0x210 ./Drivers/STM32F4xx_HAL_Driver/Src/stm32f4xx_hal_tim.o
                0x00000000080057d8                HAL_TIM_IRQHandler
 .text.HAL_TIM_OC_DelayElapsedCallback
                0x00000000080059e8       0x14 ./Drivers/STM32F4xx_HAL_Driver/Src/stm32f4xx_hal_tim.o
                0x00000000080059e8                HAL_TIM_OC_DelayElapsedCallback
 .text.HAL_TIM_IC_CaptureCallback
                0x00000000080059fc       0x14 ./Drivers/STM32F4xx_HAL_Driver/Src/stm32f4xx_hal_tim.o
                0x00000000080059fc                HAL_TIM_IC_CaptureCallback
 .text.HAL_TIM_PWM_PulseFinishedCallback
                0x0000000008005a10       0x14 ./Drivers/STM32F4xx_HAL_Driver/Src/stm32f4xx_hal_tim.o
                0x0000000008005a10                HAL_TIM_PWM_PulseFinishedCallback
 .text.HAL_TIM_TriggerCallback
                0x0000000008005a24       0x14 ./Drivers/STM32F4xx_HAL_Driver/Src/stm32f4xx_hal_tim.o
                0x0000000008005a24                HAL_TIM_TriggerCallback
 .text.TIM_Base_SetConfig
                0x0000000008005a38      0x140 ./Drivers/STM32F4xx_HAL_Driver/Src/stm32f4xx_hal_tim.o
                0x0000000008005a38                TIM_Base_SetConfig
 .text.HAL_TIMEx_CommutCallback
                0x0000000008005b78       0x14 ./Drivers/STM32F4xx_HAL_Driver/Src/stm32f4xx_hal_tim_ex.o
                0x0000000008005b78                HAL_TIMEx_CommutCallback
 .text.HAL_TIMEx_BreakCallback
                0x0000000008005b8c       0x14 ./Drivers/STM32F4xx_HAL_Driver/Src/stm32f4xx_hal_tim_ex.o
                0x0000000008005b8c                HAL_TIMEx_BreakCallback
 .text.HAL_UART_Init
                0x0000000008005ba0       0x9a ./Drivers/STM32F4xx_HAL_Driver/Src/stm32f4xx_hal_uart.o
                0x0000000008005ba0                HAL_UART_Init
 .text.HAL_UART_Transmit
                0x0000000008005c3a      0x124 ./Drivers/STM32F4xx_HAL_Driver/Src/stm32f4xx_hal_uart.o
                0x0000000008005c3a                HAL_UART_Transmit
 .text.UART_WaitOnFlagUntilTimeout
                0x0000000008005d5e       0xdc ./Drivers/STM32F4xx_HAL_Driver/Src/stm32f4xx_hal_uart.o
 *fill*         0x0000000008005e3a        0x2 
 .text.UART_SetConfig
                0x0000000008005e3c      0x390 ./Drivers/STM32F4xx_HAL_Driver/Src/stm32f4xx_hal_uart.o
 .text.USB_CoreInit
                0x00000000080061cc       0xc2 ./Drivers/STM32F4xx_HAL_Driver/Src/stm32f4xx_ll_usb.o
                0x00000000080061cc                USB_CoreInit
 .text.USB_EnableGlobalInt
                0x000000000800628e       0x22 ./Drivers/STM32F4xx_HAL_Driver/Src/stm32f4xx_ll_usb.o
                0x000000000800628e                USB_EnableGlobalInt
 .text.USB_DisableGlobalInt
                0x00000000080062b0       0x22 ./Drivers/STM32F4xx_HAL_Driver/Src/stm32f4xx_ll_usb.o
                0x00000000080062b0                USB_DisableGlobalInt
 .text.USB_SetCurrentMode
                0x00000000080062d2       0x98 ./Drivers/STM32F4xx_HAL_Driver/Src/stm32f4xx_ll_usb.o
                0x00000000080062d2                USB_SetCurrentMode
 *fill*         0x000000000800636a        0x2 
 .text.USB_FlushTxFifo
                0x000000000800636c       0x48 ./Drivers/STM32F4xx_HAL_Driver/Src/stm32f4xx_ll_usb.o
                0x000000000800636c                USB_FlushTxFifo
 .text.USB_FlushRxFifo
                0x00000000080063b4       0x40 ./Drivers/STM32F4xx_HAL_Driver/Src/stm32f4xx_ll_usb.o
                0x00000000080063b4                USB_FlushRxFifo
 .text.USB_WritePacket
                0x00000000080063f4       0x7c ./Drivers/STM32F4xx_HAL_Driver/Src/stm32f4xx_ll_usb.o
                0x00000000080063f4                USB_WritePacket
 .text.USB_ReadPacket
                0x0000000008006470       0xb0 ./Drivers/STM32F4xx_HAL_Driver/Src/stm32f4xx_ll_usb.o
                0x0000000008006470                USB_ReadPacket
 .text.USB_ReadInterrupts
                0x0000000008006520       0x26 ./Drivers/STM32F4xx_HAL_Driver/Src/stm32f4xx_ll_usb.o
                0x0000000008006520                USB_ReadInterrupts
 .text.USB_GetMode
                0x0000000008006546       0x1c ./Drivers/STM32F4xx_HAL_Driver/Src/stm32f4xx_ll_usb.o
                0x0000000008006546                USB_GetMode
 *fill*         0x0000000008006562        0x2 
 .text.USB_CoreReset
                0x0000000008006564       0x64 ./Drivers/STM32F4xx_HAL_Driver/Src/stm32f4xx_ll_usb.o
 .text.USB_HostInit
                0x00000000080065c8      0x168 ./Drivers/STM32F4xx_HAL_Driver/Src/stm32f4xx_ll_usb.o
                0x00000000080065c8                USB_HostInit
 .text.USB_InitFSLSPClkSel
                0x0000000008006730       0x74 ./Drivers/STM32F4xx_HAL_Driver/Src/stm32f4xx_ll_usb.o
                0x0000000008006730                USB_InitFSLSPClkSel
 .text.USB_ResetPort
                0x00000000080067a4       0x54 ./Drivers/STM32F4xx_HAL_Driver/Src/stm32f4xx_ll_usb.o
                0x00000000080067a4                USB_ResetPort
 .text.USB_DriveVbus
                0x00000000080067f8       0x72 ./Drivers/STM32F4xx_HAL_Driver/Src/stm32f4xx_ll_usb.o
                0x00000000080067f8                USB_DriveVbus
 .text.USB_GetHostSpeed
                0x000000000800686a       0x2e ./Drivers/STM32F4xx_HAL_Driver/Src/stm32f4xx_ll_usb.o
                0x000000000800686a                USB_GetHostSpeed
 .text.USB_GetCurrentFrame
                0x0000000008006898       0x22 ./Drivers/STM32F4xx_HAL_Driver/Src/stm32f4xx_ll_usb.o
                0x0000000008006898                USB_GetCurrentFrame
 *fill*         0x00000000080068ba        0x2 
 .text.USB_HC_Init
                0x00000000080068bc      0x21c ./Drivers/STM32F4xx_HAL_Driver/Src/stm32f4xx_ll_usb.o
                0x00000000080068bc                USB_HC_Init
 .text.USB_HC_StartXfer
                0x0000000008006ad8      0x284 ./Drivers/STM32F4xx_HAL_Driver/Src/stm32f4xx_ll_usb.o
                0x0000000008006ad8                USB_HC_StartXfer
 .text.USB_HC_ReadInterrupt
                0x0000000008006d5c       0x22 ./Drivers/STM32F4xx_HAL_Driver/Src/stm32f4xx_ll_usb.o
                0x0000000008006d5c                USB_HC_ReadInterrupt
 .text.USB_HC_Halt
                0x0000000008006d7e      0x238 ./Drivers/STM32F4xx_HAL_Driver/Src/stm32f4xx_ll_usb.o
                0x0000000008006d7e                USB_HC_Halt
 *fill*         0x0000000008006fb6        0x2 
 .text.USB_DoPing
                0x0000000008006fb8       0x78 ./Drivers/STM32F4xx_HAL_Driver/Src/stm32f4xx_ll_usb.o
                0x0000000008006fb8                USB_DoPing
 .text.USB_StopHost
                0x0000000008007030      0x10c ./Drivers/STM32F4xx_HAL_Driver/Src/stm32f4xx_ll_usb.o
                0x0000000008007030                USB_StopHost
 .text.USBH_CDC_InterfaceInit
                0x000000000800713c      0x2ac ./Middlewares/ST/STM32_USB_Host_Library/Class/CDC/Src/usbh_cdc.o
 .text.USBH_CDC_InterfaceDeInit
                0x00000000080073e8       0xb2 ./Middlewares/ST/STM32_USB_Host_Library/Class/CDC/Src/usbh_cdc.o
 .text.USBH_CDC_ClassRequest
                0x000000000800749a       0x3e ./Middlewares/ST/STM32_USB_Host_Library/Class/CDC/Src/usbh_cdc.o
 .text.USBH_CDC_Process
                0x00000000080074d8      0x12c ./Middlewares/ST/STM32_USB_Host_Library/Class/CDC/Src/usbh_cdc.o
 .text.USBH_CDC_SOFProcess
                0x0000000008007604       0x16 ./Middlewares/ST/STM32_USB_Host_Library/Class/CDC/Src/usbh_cdc.o
 .text.GetLineCoding
                0x000000000800761a       0x3e ./Middlewares/ST/STM32_USB_Host_Library/Class/CDC/Src/usbh_cdc.o
 .text.SetLineCoding
                0x0000000008007658       0x3e ./Middlewares/ST/STM32_USB_Host_Library/Class/CDC/Src/usbh_cdc.o
 .text.CDC_ProcessTransmission
                0x0000000008007696       0xec ./Middlewares/ST/STM32_USB_Host_Library/Class/CDC/Src/usbh_cdc.o
 .text.CDC_ProcessReception
                0x0000000008007782       0xb6 ./Middlewares/ST/STM32_USB_Host_Library/Class/CDC/Src/usbh_cdc.o
 .text.USBH_CDC_TransmitCallback
                0x0000000008007838       0x14 ./Middlewares/ST/STM32_USB_Host_Library/Class/CDC/Src/usbh_cdc.o
                0x0000000008007838                USBH_CDC_TransmitCallback
 .text.USBH_CDC_ReceiveCallback
                0x000000000800784c       0x14 ./Middlewares/ST/STM32_USB_Host_Library/Class/CDC/Src/usbh_cdc.o
                0x000000000800784c                USBH_CDC_ReceiveCallback
 .text.USBH_CDC_LineCodingChanged
                0x0000000008007860       0x14 ./Middlewares/ST/STM32_USB_Host_Library/Class/CDC/Src/usbh_cdc.o
                0x0000000008007860                USBH_CDC_LineCodingChanged
 .text.USBH_Init
                0x0000000008007874       0x74 ./Middlewares/ST/STM32_USB_Host_Library/Core/Src/usbh_core.o
                0x0000000008007874                USBH_Init
 .text.DeInitStateMachine
                0x00000000080078e8       0xa8 ./Middlewares/ST/STM32_USB_Host_Library/Core/Src/usbh_core.o
 .text.USBH_RegisterClass
                0x0000000008007990       0x54 ./Middlewares/ST/STM32_USB_Host_Library/Core/Src/usbh_core.o
                0x0000000008007990                USBH_RegisterClass
 .text.USBH_SelectInterface
                0x00000000080079e4       0x38 ./Middlewares/ST/STM32_USB_Host_Library/Core/Src/usbh_core.o
                0x00000000080079e4                USBH_SelectInterface
 .text.USBH_FindInterface
                0x0000000008007a1c       0x8c ./Middlewares/ST/STM32_USB_Host_Library/Core/Src/usbh_core.o
                0x0000000008007a1c                USBH_FindInterface
 .text.USBH_Start
                0x0000000008007aa8       0x20 ./Middlewares/ST/STM32_USB_Host_Library/Core/Src/usbh_core.o
                0x0000000008007aa8                USBH_Start
 .text.USBH_Process
                0x0000000008007ac8      0x3c0 ./Middlewares/ST/STM32_USB_Host_Library/Core/Src/usbh_core.o
                0x0000000008007ac8                USBH_Process
 .text.USBH_HandleEnum
                0x0000000008007e88      0x3c8 ./Middlewares/ST/STM32_USB_Host_Library/Core/Src/usbh_core.o
 .text.USBH_LL_SetTimer
                0x0000000008008250       0x1e ./Middlewares/ST/STM32_USB_Host_Library/Core/Src/usbh_core.o
                0x0000000008008250                USBH_LL_SetTimer
 .text.USBH_LL_IncTimer
                0x000000000800826e       0x24 ./Middlewares/ST/STM32_USB_Host_Library/Core/Src/usbh_core.o
                0x000000000800826e                USBH_LL_IncTimer
 .text.USBH_HandleSof
                0x0000000008008292       0x30 ./Middlewares/ST/STM32_USB_Host_Library/Core/Src/usbh_core.o
 .text.USBH_LL_PortEnabled
                0x00000000080082c2       0x1c ./Middlewares/ST/STM32_USB_Host_Library/Core/Src/usbh_core.o
                0x00000000080082c2                USBH_LL_PortEnabled
 .text.USBH_LL_PortDisabled
                0x00000000080082de       0x1c ./Middlewares/ST/STM32_USB_Host_Library/Core/Src/usbh_core.o
                0x00000000080082de                USBH_LL_PortDisabled
 .text.USBH_LL_Connect
                0x00000000080082fa       0x2e ./Middlewares/ST/STM32_USB_Host_Library/Core/Src/usbh_core.o
                0x00000000080082fa                USBH_LL_Connect
 .text.USBH_LL_Disconnect
                0x0000000008008328       0x48 ./Middlewares/ST/STM32_USB_Host_Library/Core/Src/usbh_core.o
                0x0000000008008328                USBH_LL_Disconnect
 .text.USBH_Get_DevDesc
                0x0000000008008370       0x50 ./Middlewares/ST/STM32_USB_Host_Library/Core/Src/usbh_ctlreq.o
                0x0000000008008370                USBH_Get_DevDesc
 .text.USBH_Get_CfgDesc
                0x00000000080083c0       0x48 ./Middlewares/ST/STM32_USB_Host_Library/Core/Src/usbh_ctlreq.o
                0x00000000080083c0                USBH_Get_CfgDesc
 .text.USBH_Get_StringDesc
                0x0000000008008408       0x56 ./Middlewares/ST/STM32_USB_Host_Library/Core/Src/usbh_ctlreq.o
                0x0000000008008408                USBH_Get_StringDesc
 .text.USBH_GetDescriptor
                0x000000000800845e       0x6a ./Middlewares/ST/STM32_USB_Host_Library/Core/Src/usbh_ctlreq.o
                0x000000000800845e                USBH_GetDescriptor
 .text.USBH_SetAddress
                0x00000000080084c8       0x48 ./Middlewares/ST/STM32_USB_Host_Library/Core/Src/usbh_ctlreq.o
                0x00000000080084c8                USBH_SetAddress
 .text.USBH_SetCfg
                0x0000000008008510       0x46 ./Middlewares/ST/STM32_USB_Host_Library/Core/Src/usbh_ctlreq.o
                0x0000000008008510                USBH_SetCfg
 .text.USBH_SetFeature
                0x0000000008008556       0x48 ./Middlewares/ST/STM32_USB_Host_Library/Core/Src/usbh_ctlreq.o
                0x0000000008008556                USBH_SetFeature
 .text.USBH_ClrFeature
                0x000000000800859e       0x48 ./Middlewares/ST/STM32_USB_Host_Library/Core/Src/usbh_ctlreq.o
                0x000000000800859e                USBH_ClrFeature
 .text.USBH_ParseDevDesc
                0x00000000080085e6       0xe0 ./Middlewares/ST/STM32_USB_Host_Library/Core/Src/usbh_ctlreq.o
 .text.USBH_ParseCfgDesc
                0x00000000080086c6      0x144 ./Middlewares/ST/STM32_USB_Host_Library/Core/Src/usbh_ctlreq.o
 .text.USBH_ParseInterfaceDesc
                0x000000000800880a       0x5e ./Middlewares/ST/STM32_USB_Host_Library/Core/Src/usbh_ctlreq.o
 .text.USBH_ParseEPDesc
                0x0000000008008868       0x5a ./Middlewares/ST/STM32_USB_Host_Library/Core/Src/usbh_ctlreq.o
 .text.USBH_ParseStringDesc
                0x00000000080088c2       0x66 ./Middlewares/ST/STM32_USB_Host_Library/Core/Src/usbh_ctlreq.o
 .text.USBH_GetNextDesc
                0x0000000008008928       0x36 ./Middlewares/ST/STM32_USB_Host_Library/Core/Src/usbh_ctlreq.o
                0x0000000008008928                USBH_GetNextDesc
 .text.USBH_CtlReq
                0x000000000800895e       0x7a ./Middlewares/ST/STM32_USB_Host_Library/Core/Src/usbh_ctlreq.o
                0x000000000800895e                USBH_CtlReq
 .text.USBH_HandleControl
                0x00000000080089d8      0x2e8 ./Middlewares/ST/STM32_USB_Host_Library/Core/Src/usbh_ctlreq.o
 .text.USBH_CtlSendSetup
                0x0000000008008cc0       0x34 ./Middlewares/ST/STM32_USB_Host_Library/Core/Src/usbh_ioreq.o
                0x0000000008008cc0                USBH_CtlSendSetup
 .text.USBH_CtlSendData
                0x0000000008008cf4       0x4a ./Middlewares/ST/STM32_USB_Host_Library/Core/Src/usbh_ioreq.o
                0x0000000008008cf4                USBH_CtlSendData
 .text.USBH_CtlReceiveData
                0x0000000008008d3e       0x3c ./Middlewares/ST/STM32_USB_Host_Library/Core/Src/usbh_ioreq.o
                0x0000000008008d3e                USBH_CtlReceiveData
 .text.USBH_BulkSendData
                0x0000000008008d7a       0x4a ./Middlewares/ST/STM32_USB_Host_Library/Core/Src/usbh_ioreq.o
                0x0000000008008d7a                USBH_BulkSendData
 .text.USBH_BulkReceiveData
                0x0000000008008dc4       0x3c ./Middlewares/ST/STM32_USB_Host_Library/Core/Src/usbh_ioreq.o
                0x0000000008008dc4                USBH_BulkReceiveData
 .text.USBH_OpenPipe
                0x0000000008008e00       0x3e ./Middlewares/ST/STM32_USB_Host_Library/Core/Src/usbh_pipes.o
                0x0000000008008e00                USBH_OpenPipe
 .text.USBH_ClosePipe
                0x0000000008008e3e       0x20 ./Middlewares/ST/STM32_USB_Host_Library/Core/Src/usbh_pipes.o
                0x0000000008008e3e                USBH_ClosePipe
 .text.USBH_AllocPipe
                0x0000000008008e5e       0x42 ./Middlewares/ST/STM32_USB_Host_Library/Core/Src/usbh_pipes.o
                0x0000000008008e5e                USBH_AllocPipe
 .text.USBH_FreePipe
                0x0000000008008ea0       0x3c ./Middlewares/ST/STM32_USB_Host_Library/Core/Src/usbh_pipes.o
                0x0000000008008ea0                USBH_FreePipe
 .text.USBH_GetFreePipe
                0x0000000008008edc       0x48 ./Middlewares/ST/STM32_USB_Host_Library/Core/Src/usbh_pipes.o
 .text.MX_USB_HOST_Init
                0x0000000008008f24       0x4c ./USB_HOST/App/usb_host.o
                0x0000000008008f24                MX_USB_HOST_Init
 .text.MX_USB_HOST_Process
                0x0000000008008f70       0x14 ./USB_HOST/App/usb_host.o
                0x0000000008008f70                MX_USB_HOST_Process
 .text.USBH_UserProcess
                0x0000000008008f84       0x5c ./USB_HOST/App/usb_host.o
 .text.HAL_HCD_MspInit
                0x0000000008008fe0       0xc4 ./USB_HOST/Target/usbh_conf.o
                0x0000000008008fe0                HAL_HCD_MspInit
 .text.HAL_HCD_SOF_Callback
                0x00000000080090a4       0x1c ./USB_HOST/Target/usbh_conf.o
                0x00000000080090a4                HAL_HCD_SOF_Callback
 .text.HAL_HCD_Connect_Callback
                0x00000000080090c0       0x1c ./USB_HOST/Target/usbh_conf.o
                0x00000000080090c0                HAL_HCD_Connect_Callback
 .text.HAL_HCD_Disconnect_Callback
                0x00000000080090dc       0x1c ./USB_HOST/Target/usbh_conf.o
                0x00000000080090dc                HAL_HCD_Disconnect_Callback
 .text.HAL_HCD_HC_NotifyURBChange_Callback
                0x00000000080090f8       0x1c ./USB_HOST/Target/usbh_conf.o
                0x00000000080090f8                HAL_HCD_HC_NotifyURBChange_Callback
 .text.HAL_HCD_PortEnabled_Callback
                0x0000000008009114       0x1c ./USB_HOST/Target/usbh_conf.o
                0x0000000008009114                HAL_HCD_PortEnabled_Callback
 .text.HAL_HCD_PortDisabled_Callback
                0x0000000008009130       0x1c ./USB_HOST/Target/usbh_conf.o
                0x0000000008009130                HAL_HCD_PortDisabled_Callback
 .text.USBH_LL_Init
                0x000000000800914c       0x78 ./USB_HOST/Target/usbh_conf.o
                0x000000000800914c                USBH_LL_Init
 .text.USBH_LL_Start
                0x00000000080091c4       0x36 ./USB_HOST/Target/usbh_conf.o
                0x00000000080091c4                USBH_LL_Start
 .text.USBH_LL_Stop
                0x00000000080091fa       0x36 ./USB_HOST/Target/usbh_conf.o
                0x00000000080091fa                USBH_LL_Stop
 .text.USBH_LL_GetSpeed
                0x0000000008009230       0x4e ./USB_HOST/Target/usbh_conf.o
                0x0000000008009230                USBH_LL_GetSpeed
 .text.USBH_LL_ResetPort
                0x000000000800927e       0x36 ./USB_HOST/Target/usbh_conf.o
                0x000000000800927e                USBH_LL_ResetPort
 .text.USBH_LL_GetLastXferSize
                0x00000000080092b4       0x26 ./USB_HOST/Target/usbh_conf.o
                0x00000000080092b4                USBH_LL_GetLastXferSize
 .text.USBH_LL_OpenPipe
                0x00000000080092da       0x5e ./USB_HOST/Target/usbh_conf.o
                0x00000000080092da                USBH_LL_OpenPipe
 .text.USBH_LL_ClosePipe
                0x0000000008009338       0x3e ./USB_HOST/Target/usbh_conf.o
                0x0000000008009338                USBH_LL_ClosePipe
 .text.USBH_LL_SubmitURB
                0x0000000008009376       0x62 ./USB_HOST/Target/usbh_conf.o
                0x0000000008009376                USBH_LL_SubmitURB
 .text.USBH_LL_GetURBState
                0x00000000080093d8       0x26 ./USB_HOST/Target/usbh_conf.o
                0x00000000080093d8                USBH_LL_GetURBState
 .text.USBH_LL_DriverVBUS
                0x00000000080093fe       0x2e ./USB_HOST/Target/usbh_conf.o
                0x00000000080093fe                USBH_LL_DriverVBUS
 .text.USBH_LL_SetToggle
                0x000000000800942c       0x60 ./USB_HOST/Target/usbh_conf.o
                0x000000000800942c                USBH_LL_SetToggle
 .text.USBH_Delay
                0x000000000800948c       0x16 ./USB_HOST/Target/usbh_conf.o
                0x000000000800948c                USBH_Delay
 *fill*         0x00000000080094a2        0x2 
 .text.USBH_Get_USB_Status
                0x00000000080094a4       0x58 ./USB_HOST/Target/usbh_conf.o
                0x00000000080094a4                USBH_Get_USB_Status
 .text.MX_DriverVbusFS
                0x00000000080094fc       0x38 ./USB_HOST/Target/usbh_platform.o
                0x00000000080094fc                MX_DriverVbusFS
 .text.vListInitialise
                0x0000000008009534       0x40 ./common/ThirdParty/FreeRTOS/list.o
                0x0000000008009534                vListInitialise
 .text.vListInitialiseItem
                0x0000000008009574       0x1a ./common/ThirdParty/FreeRTOS/list.o
                0x0000000008009574                vListInitialiseItem
 .text.vListInsertEnd
                0x000000000800958e       0x48 ./common/ThirdParty/FreeRTOS/list.o
                0x000000000800958e                vListInsertEnd
 .text.vListInsert
                0x00000000080095d6       0x72 ./common/ThirdParty/FreeRTOS/list.o
                0x00000000080095d6                vListInsert
 .text.uxListRemove
                0x0000000008009648       0x54 ./common/ThirdParty/FreeRTOS/list.o
                0x0000000008009648                uxListRemove
 .text.xQueueGenericReset
                0x000000000800969c       0xd0 ./common/ThirdParty/FreeRTOS/queue.o
                0x000000000800969c                xQueueGenericReset
 .text.xQueueGenericCreate
                0x000000000800976c       0xbe ./common/ThirdParty/FreeRTOS/queue.o
                0x000000000800976c                xQueueGenericCreate
 .text.prvInitialiseNewQueue
                0x000000000800982a       0x52 ./common/ThirdParty/FreeRTOS/queue.o
 .text.xQueueGenericSend
                0x000000000800987c      0x24c ./common/ThirdParty/FreeRTOS/queue.o
                0x000000000800987c                xQueueGenericSend
 .text.xQueueGenericSendFromISR
                0x0000000008009ac8      0x17c ./common/ThirdParty/FreeRTOS/queue.o
                0x0000000008009ac8                xQueueGenericSendFromISR
 .text.xQueueGiveFromISR
                0x0000000008009c44      0x160 ./common/ThirdParty/FreeRTOS/queue.o
                0x0000000008009c44                xQueueGiveFromISR
 .text.xQueueReceive
                0x0000000008009da4      0x220 ./common/ThirdParty/FreeRTOS/queue.o
                0x0000000008009da4                xQueueReceive
 .text.xQueueSemaphoreTake
                0x0000000008009fc4      0x278 ./common/ThirdParty/FreeRTOS/queue.o
                0x0000000008009fc4                xQueueSemaphoreTake
 .text.prvGetDisinheritPriorityAfterTimeout
                0x000000000800a23c       0x30 ./common/ThirdParty/FreeRTOS/queue.o
 .text.prvCopyDataToQueue
                0x000000000800a26c       0xd4 ./common/ThirdParty/FreeRTOS/queue.o
 .text.prvCopyDataFromQueue
                0x000000000800a340       0x4c ./common/ThirdParty/FreeRTOS/queue.o
 .text.prvUnlockQueue
                0x000000000800a38c       0xa4 ./common/ThirdParty/FreeRTOS/queue.o
 .text.prvIsQueueEmpty
                0x000000000800a430       0x2c ./common/ThirdParty/FreeRTOS/queue.o
 .text.prvIsQueueFull
                0x000000000800a45c       0x30 ./common/ThirdParty/FreeRTOS/queue.o
 .text.vQueueAddToRegistry
                0x000000000800a48c       0x64 ./common/ThirdParty/FreeRTOS/queue.o
                0x000000000800a48c                vQueueAddToRegistry
 .text.vQueueWaitForMessageRestricted
                0x000000000800a4f0       0x68 ./common/ThirdParty/FreeRTOS/queue.o
                0x000000000800a4f0                vQueueWaitForMessageRestricted
 .text.xTaskCreate
                0x000000000800a558       0xd0 ./common/ThirdParty/FreeRTOS/tasks.o
                0x000000000800a558                xTaskCreate
 .text.prvInitialiseNewTask
                0x000000000800a628      0x12c ./common/ThirdParty/FreeRTOS/tasks.o
 .text.prvAddNewTaskToReadyList
                0x000000000800a754      0x118 ./common/ThirdParty/FreeRTOS/tasks.o
 .text.vTaskDelay
                0x000000000800a86c       0x70 ./common/ThirdParty/FreeRTOS/tasks.o
                0x000000000800a86c                vTaskDelay
 .text.vTaskStartScheduler
                0x000000000800a8dc       0xc4 ./common/ThirdParty/FreeRTOS/tasks.o
                0x000000000800a8dc                vTaskStartScheduler
 .text.vTaskSuspendAll
                0x000000000800a9a0       0x1c ./common/ThirdParty/FreeRTOS/tasks.o
                0x000000000800a9a0                vTaskSuspendAll
 .text.xTaskResumeAll
                0x000000000800a9bc      0x140 ./common/ThirdParty/FreeRTOS/tasks.o
                0x000000000800a9bc                xTaskResumeAll
 .text.xTaskGetTickCount
                0x000000000800aafc       0x20 ./common/ThirdParty/FreeRTOS/tasks.o
                0x000000000800aafc                xTaskGetTickCount
 .text.xTaskIncrementTick
                0x000000000800ab1c      0x178 ./common/ThirdParty/FreeRTOS/tasks.o
                0x000000000800ab1c                xTaskIncrementTick
 .text.vTaskSwitchContext
                0x000000000800ac94       0xd4 ./common/ThirdParty/FreeRTOS/tasks.o
                0x000000000800ac94                vTaskSwitchContext
 .text.vTaskPlaceOnEventList
                0x000000000800ad68       0x48 ./common/ThirdParty/FreeRTOS/tasks.o
                0x000000000800ad68                vTaskPlaceOnEventList
 .text.vTaskPlaceOnEventListRestricted
                0x000000000800adb0       0x5c ./common/ThirdParty/FreeRTOS/tasks.o
                0x000000000800adb0                vTaskPlaceOnEventListRestricted
 .text.xTaskRemoveFromEventList
                0x000000000800ae0c       0xcc ./common/ThirdParty/FreeRTOS/tasks.o
                0x000000000800ae0c                xTaskRemoveFromEventList
 .text.vTaskInternalSetTimeOutState
                0x000000000800aed8       0x2c ./common/ThirdParty/FreeRTOS/tasks.o
                0x000000000800aed8                vTaskInternalSetTimeOutState
 .text.xTaskCheckForTimeOut
                0x000000000800af04       0xcc ./common/ThirdParty/FreeRTOS/tasks.o
                0x000000000800af04                xTaskCheckForTimeOut
 .text.vTaskMissedYield
                0x000000000800afd0       0x18 ./common/ThirdParty/FreeRTOS/tasks.o
                0x000000000800afd0                vTaskMissedYield
 .text.prvIdleTask
                0x000000000800afe8       0x30 ./common/ThirdParty/FreeRTOS/tasks.o
 .text.prvInitialiseTaskLists
                0x000000000800b018       0x74 ./common/ThirdParty/FreeRTOS/tasks.o
 .text.prvCheckTasksWaitingTermination
                0x000000000800b08c        0xe ./common/ThirdParty/FreeRTOS/tasks.o
 *fill*         0x000000000800b09a        0x2 
 .text.prvResetNextTaskUnblockTime
                0x000000000800b09c       0x38 ./common/ThirdParty/FreeRTOS/tasks.o
 .text.xTaskGetSchedulerState
                0x000000000800b0d4       0x3c ./common/ThirdParty/FreeRTOS/tasks.o
                0x000000000800b0d4                xTaskGetSchedulerState
 .text.xTaskPriorityInherit
                0x000000000800b110       0xf4 ./common/ThirdParty/FreeRTOS/tasks.o
                0x000000000800b110                xTaskPriorityInherit
 .text.xTaskPriorityDisinherit
                0x000000000800b204      0x100 ./common/ThirdParty/FreeRTOS/tasks.o
                0x000000000800b204                xTaskPriorityDisinherit
 .text.vTaskPriorityDisinheritAfterTimeout
                0x000000000800b304      0x130 ./common/ThirdParty/FreeRTOS/tasks.o
                0x000000000800b304                vTaskPriorityDisinheritAfterTimeout
 .text.pvTaskIncrementMutexHeldCount
                0x000000000800b434       0x28 ./common/ThirdParty/FreeRTOS/tasks.o
                0x000000000800b434                pvTaskIncrementMutexHeldCount
 .text.prvAddCurrentTaskToDelayedList
                0x000000000800b45c       0xf0 ./common/ThirdParty/FreeRTOS/tasks.o
 .text.xTimerCreateTimerTask
                0x000000000800b54c       0x64 ./common/ThirdParty/FreeRTOS/timers.o
                0x000000000800b54c                xTimerCreateTimerTask
 .text.xTimerGenericCommand
                0x000000000800b5b0       0x9c ./common/ThirdParty/FreeRTOS/timers.o
                0x000000000800b5b0                xTimerGenericCommand
 .text.prvProcessExpiredTimer
                0x000000000800b64c       0x98 ./common/ThirdParty/FreeRTOS/timers.o
 .text.prvTimerTask
                0x000000000800b6e4       0x24 ./common/ThirdParty/FreeRTOS/timers.o
 .text.prvProcessTimerOrBlockTask
                0x000000000800b708       0x9c ./common/ThirdParty/FreeRTOS/timers.o
 .text.prvGetNextExpireTime
                0x000000000800b7a4       0x48 ./common/ThirdParty/FreeRTOS/timers.o
 .text.prvSampleTimeNow
                0x000000000800b7ec       0x40 ./common/ThirdParty/FreeRTOS/timers.o
 .text.prvInsertTimerInActiveList
                0x000000000800b82c       0x84 ./common/ThirdParty/FreeRTOS/timers.o
 .text.prvProcessReceivedCommands
                0x000000000800b8b0      0x18c ./common/ThirdParty/FreeRTOS/timers.o
 .text.prvSwitchTimerLists
                0x000000000800ba3c       0xc8 ./common/ThirdParty/FreeRTOS/timers.o
 .text.prvCheckForValidListAndQueue
                0x000000000800bb04       0x6c ./common/ThirdParty/FreeRTOS/timers.o
 .text.pxPortInitialiseStack
                0x000000000800bb70       0x68 ./common/ThirdParty/FreeRTOS/portable/GCC/ARM_CM4F/port.o
                0x000000000800bb70                pxPortInitialiseStack
 .text.prvTaskExitError
                0x000000000800bbd8       0x58 ./common/ThirdParty/FreeRTOS/portable/GCC/ARM_CM4F/port.o
 .text.SVC_Handler
                0x000000000800bc30       0x28 ./common/ThirdParty/FreeRTOS/portable/GCC/ARM_CM4F/port.o
                0x000000000800bc30                SVC_Handler
 .text.prvPortStartFirstTask
                0x000000000800bc58       0x2c ./common/ThirdParty/FreeRTOS/portable/GCC/ARM_CM4F/port.o
 .text.xPortStartScheduler
                0x000000000800bc84      0x164 ./common/ThirdParty/FreeRTOS/portable/GCC/ARM_CM4F/port.o
                0x000000000800bc84                xPortStartScheduler
 .text.vPortEnterCritical
                0x000000000800bde8       0x60 ./common/ThirdParty/FreeRTOS/portable/GCC/ARM_CM4F/port.o
                0x000000000800bde8                vPortEnterCritical
 .text.vPortExitCritical
                0x000000000800be48       0x54 ./common/ThirdParty/FreeRTOS/portable/GCC/ARM_CM4F/port.o
                0x000000000800be48                vPortExitCritical
 *fill*         0x000000000800be9c        0x4 
 .text.PendSV_Handler
                0x000000000800bea0       0x68 ./common/ThirdParty/FreeRTOS/portable/GCC/ARM_CM4F/port.o
                0x000000000800bea0                PendSV_Handler
 .text.SysTick_Handler
                0x000000000800bf08       0x54 ./common/ThirdParty/FreeRTOS/portable/GCC/ARM_CM4F/port.o
                0x000000000800bf08                SysTick_Handler
 .text.vPortSetupTimerInterrupt
                0x000000000800bf5c       0x48 ./common/ThirdParty/FreeRTOS/portable/GCC/ARM_CM4F/port.o
                0x000000000800bf5c                vPortSetupTimerInterrupt
 .text.vPortEnableVFP
                0x000000000800bfa4       0x18 ./common/ThirdParty/FreeRTOS/portable/GCC/ARM_CM4F/port.o
 .text.vPortValidateInterruptPriority
                0x000000000800bfbc       0x80 ./common/ThirdParty/FreeRTOS/portable/GCC/ARM_CM4F/port.o
                0x000000000800bfbc                vPortValidateInterruptPriority
 .text.pvPortMalloc
                0x000000000800c03c      0x1e4 ./common/ThirdParty/FreeRTOS/portable/MemMang/heap_2.o
                0x000000000800c03c                pvPortMalloc
 .text.vPortFree
                0x000000000800c220       0xf0 ./common/ThirdParty/FreeRTOS/portable/MemMang/heap_2.o
                0x000000000800c220                vPortFree
 .text.prvHeapInit
                0x000000000800c310       0x54 ./common/ThirdParty/FreeRTOS/portable/MemMang/heap_2.o
 .text.SYSVIEW_AddTask
                0x000000000800c364       0xd0 ./common/ThirdParty/SEGGER/OS/SEGGER_SYSVIEW_FreeRTOS.o
                0x000000000800c364                SYSVIEW_AddTask
 .text.SYSVIEW_SendTaskInfo
                0x000000000800c434       0x42 ./common/ThirdParty/SEGGER/OS/SEGGER_SYSVIEW_FreeRTOS.o
                0x000000000800c434                SYSVIEW_SendTaskInfo
 *fill*         0x000000000800c476        0x2 
 .text._DoInit  0x000000000800c478       0xb0 ./common/ThirdParty/SEGGER/SEGGER/SEGGER_RTT.o
 .text.SEGGER_RTT_ReadNoLock
                0x000000000800c528      0x10c ./common/ThirdParty/SEGGER/SEGGER/SEGGER_RTT.o
                0x000000000800c528                SEGGER_RTT_ReadNoLock
 .text._EncodeStr
                0x000000000800c634       0x9a ./common/ThirdParty/SEGGER/SEGGER/SEGGER_SYSVIEW.o
 .text._PreparePacket
                0x000000000800c6ce       0x18 ./common/ThirdParty/SEGGER/SEGGER/SEGGER_SYSVIEW.o
 *fill*         0x000000000800c6e6        0x2 
 .text._HandleIncomingPacket
                0x000000000800c6e8       0xe4 ./common/ThirdParty/SEGGER/SEGGER/SEGGER_SYSVIEW.o
 .text._TrySendOverflowPacket
                0x000000000800c7cc       0xe4 ./common/ThirdParty/SEGGER/SEGGER/SEGGER_SYSVIEW.o
 .text._SendPacket
                0x000000000800c8b0      0x1cc ./common/ThirdParty/SEGGER/SEGGER/SEGGER_SYSVIEW.o
 .text.SEGGER_SYSVIEW_RecordVoid
                0x000000000800ca7c       0x3c ./common/ThirdParty/SEGGER/SEGGER/SEGGER_SYSVIEW.o
                0x000000000800ca7c                SEGGER_SYSVIEW_RecordVoid
 .text.SEGGER_SYSVIEW_RecordU32
                0x000000000800cab8       0x78 ./common/ThirdParty/SEGGER/SEGGER/SEGGER_SYSVIEW.o
                0x000000000800cab8                SEGGER_SYSVIEW_RecordU32
 .text.SEGGER_SYSVIEW_RecordU32x2
                0x000000000800cb30       0xb4 ./common/ThirdParty/SEGGER/SEGGER/SEGGER_SYSVIEW.o
                0x000000000800cb30                SEGGER_SYSVIEW_RecordU32x2
 .text.SEGGER_SYSVIEW_RecordU32x3
                0x000000000800cbe4       0xec ./common/ThirdParty/SEGGER/SEGGER/SEGGER_SYSVIEW.o
                0x000000000800cbe4                SEGGER_SYSVIEW_RecordU32x3
 .text.SEGGER_SYSVIEW_RecordU32x4
                0x000000000800ccd0      0x124 ./common/ThirdParty/SEGGER/SEGGER/SEGGER_SYSVIEW.o
                0x000000000800ccd0                SEGGER_SYSVIEW_RecordU32x4
 .text.SEGGER_SYSVIEW_Start
                0x000000000800cdf4      0x174 ./common/ThirdParty/SEGGER/SEGGER/SEGGER_SYSVIEW.o
                0x000000000800cdf4                SEGGER_SYSVIEW_Start
 .text.SEGGER_SYSVIEW_Stop
                0x000000000800cf68       0x4c ./common/ThirdParty/SEGGER/SEGGER/SEGGER_SYSVIEW.o
                0x000000000800cf68                SEGGER_SYSVIEW_Stop
 .text.SEGGER_SYSVIEW_GetSysDesc
                0x000000000800cfb4      0x134 ./common/ThirdParty/SEGGER/SEGGER/SEGGER_SYSVIEW.o
                0x000000000800cfb4                SEGGER_SYSVIEW_GetSysDesc
 .text.SEGGER_SYSVIEW_SendTaskInfo
                0x000000000800d0e8      0x1c8 ./common/ThirdParty/SEGGER/SEGGER/SEGGER_SYSVIEW.o
                0x000000000800d0e8                SEGGER_SYSVIEW_SendTaskInfo
 .text.SEGGER_SYSVIEW_SendTaskList
                0x000000000800d2b0       0x28 ./common/ThirdParty/SEGGER/SEGGER/SEGGER_SYSVIEW.o
                0x000000000800d2b0                SEGGER_SYSVIEW_SendTaskList
 .text.SEGGER_SYSVIEW_RecordSystime
                0x000000000800d2d8       0x64 ./common/ThirdParty/SEGGER/SEGGER/SEGGER_SYSVIEW.o
                0x000000000800d2d8                SEGGER_SYSVIEW_RecordSystime
 .text.SEGGER_SYSVIEW_RecordEnterISR
                0x000000000800d33c       0x84 ./common/ThirdParty/SEGGER/SEGGER/SEGGER_SYSVIEW.o
                0x000000000800d33c                SEGGER_SYSVIEW_RecordEnterISR
 .text.SEGGER_SYSVIEW_RecordExitISR
                0x000000000800d3c0       0x38 ./common/ThirdParty/SEGGER/SEGGER/SEGGER_SYSVIEW.o
                0x000000000800d3c0                SEGGER_SYSVIEW_RecordExitISR
 .text.SEGGER_SYSVIEW_RecordExitISRToScheduler
                0x000000000800d3f8       0x38 ./common/ThirdParty/SEGGER/SEGGER/SEGGER_SYSVIEW.o
                0x000000000800d3f8                SEGGER_SYSVIEW_RecordExitISRToScheduler
 .text.SEGGER_SYSVIEW_OnIdle
                0x000000000800d430       0x38 ./common/ThirdParty/SEGGER/SEGGER/SEGGER_SYSVIEW.o
                0x000000000800d430                SEGGER_SYSVIEW_OnIdle
 .text.SEGGER_SYSVIEW_OnTaskCreate
                0x000000000800d468       0x84 ./common/ThirdParty/SEGGER/SEGGER/SEGGER_SYSVIEW.o
                0x000000000800d468                SEGGER_SYSVIEW_OnTaskCreate
 .text.SEGGER_SYSVIEW_OnTaskStartExec
                0x000000000800d4ec       0x84 ./common/ThirdParty/SEGGER/SEGGER/SEGGER_SYSVIEW.o
                0x000000000800d4ec                SEGGER_SYSVIEW_OnTaskStartExec
 .text.SEGGER_SYSVIEW_OnTaskStartReady
                0x000000000800d570       0x84 ./common/ThirdParty/SEGGER/SEGGER/SEGGER_SYSVIEW.o
                0x000000000800d570                SEGGER_SYSVIEW_OnTaskStartReady
 .text.SEGGER_SYSVIEW_OnTaskStopReady
                0x000000000800d5f4       0xc0 ./common/ThirdParty/SEGGER/SEGGER/SEGGER_SYSVIEW.o
                0x000000000800d5f4                SEGGER_SYSVIEW_OnTaskStopReady
 .text.SEGGER_SYSVIEW_ShrinkId
                0x000000000800d6b4       0x20 ./common/ThirdParty/SEGGER/SEGGER/SEGGER_SYSVIEW.o
                0x000000000800d6b4                SEGGER_SYSVIEW_ShrinkId
 .text.SEGGER_SYSVIEW_SendModule
                0x000000000800d6d4      0x100 ./common/ThirdParty/SEGGER/SEGGER/SEGGER_SYSVIEW.o
                0x000000000800d6d4                SEGGER_SYSVIEW_SendModule
 .text.SEGGER_SYSVIEW_SendModuleDescription
                0x000000000800d7d4       0x3c ./common/ThirdParty/SEGGER/SEGGER/SEGGER_SYSVIEW.o
                0x000000000800d7d4                SEGGER_SYSVIEW_SendModuleDescription
 .text.SEGGER_SYSVIEW_SendNumModules
                0x000000000800d810       0x7c ./common/ThirdParty/SEGGER/SEGGER/SEGGER_SYSVIEW.o
                0x000000000800d810                SEGGER_SYSVIEW_SendNumModules
 .text.SEGGER_SYSVIEW_Warn
                0x000000000800d88c       0xb8 ./common/ThirdParty/SEGGER/SEGGER/SEGGER_SYSVIEW.o
                0x000000000800d88c                SEGGER_SYSVIEW_Warn
 .text.__errno  0x000000000800d944        0xc c:/st/stm32cubeide_1.8.0/stm32cubeide/plugins/com.st.stm32cube.ide.mcu.externaltools.gnu-tools-for-stm32.9-2020-q2-update.win32_2.0.0.202105311346/tools/bin/../lib/gcc/arm-none-eabi/9.3.1/../../../../arm-none-eabi/lib/thumb/v7e-m+fp/hard\libc_nano.a(lib_a-errno.o)
                0x000000000800d944                __errno
 .text.__libc_init_array
                0x000000000800d950       0x48 c:/st/stm32cubeide_1.8.0/stm32cubeide/plugins/com.st.stm32cube.ide.mcu.externaltools.gnu-tools-for-stm32.9-2020-q2-update.win32_2.0.0.202105311346/tools/bin/../lib/gcc/arm-none-eabi/9.3.1/../../../../arm-none-eabi/lib/thumb/v7e-m+fp/hard\libc_nano.a(lib_a-init.o)
                0x000000000800d950                __libc_init_array
 .text.malloc   0x000000000800d998       0x10 c:/st/stm32cubeide_1.8.0/stm32cubeide/plugins/com.st.stm32cube.ide.mcu.externaltools.gnu-tools-for-stm32.9-2020-q2-update.win32_2.0.0.202105311346/tools/bin/../lib/gcc/arm-none-eabi/9.3.1/../../../../arm-none-eabi/lib/thumb/v7e-m+fp/hard\libc_nano.a(lib_a-malloc.o)
                0x000000000800d998                malloc
 .text.free     0x000000000800d9a8       0x10 c:/st/stm32cubeide_1.8.0/stm32cubeide/plugins/com.st.stm32cube.ide.mcu.externaltools.gnu-tools-for-stm32.9-2020-q2-update.win32_2.0.0.202105311346/tools/bin/../lib/gcc/arm-none-eabi/9.3.1/../../../../arm-none-eabi/lib/thumb/v7e-m+fp/hard\libc_nano.a(lib_a-malloc.o)
                0x000000000800d9a8                free
 .text.memcmp   0x000000000800d9b8       0x1c c:/st/stm32cubeide_1.8.0/stm32cubeide/plugins/com.st.stm32cube.ide.mcu.externaltools.gnu-tools-for-stm32.9-2020-q2-update.win32_2.0.0.202105311346/tools/bin/../lib/gcc/arm-none-eabi/9.3.1/../../../../arm-none-eabi/lib/thumb/v7e-m+fp/hard\libc_nano.a(lib_a-memcmp.o)
                0x000000000800d9b8                memcmp
 .text.memcpy   0x000000000800d9d4       0x1c c:/st/stm32cubeide_1.8.0/stm32cubeide/plugins/com.st.stm32cube.ide.mcu.externaltools.gnu-tools-for-stm32.9-2020-q2-update.win32_2.0.0.202105311346/tools/bin/../lib/gcc/arm-none-eabi/9.3.1/../../../../arm-none-eabi/lib/thumb/v7e-m+fp/hard\libc_nano.a(lib_a-memcpy-stub.o)
                0x000000000800d9d4                memcpy
 .text.memset   0x000000000800d9f0       0x10 c:/st/stm32cubeide_1.8.0/stm32cubeide/plugins/com.st.stm32cube.ide.mcu.externaltools.gnu-tools-for-stm32.9-2020-q2-update.win32_2.0.0.202105311346/tools/bin/../lib/gcc/arm-none-eabi/9.3.1/../../../../arm-none-eabi/lib/thumb/v7e-m+fp/hard\libc_nano.a(lib_a-memset.o)
                0x000000000800d9f0                memset
 .text._free_r  0x000000000800da00       0xa0 c:/st/stm32cubeide_1.8.0/stm32cubeide/plugins/com.st.stm32cube.ide.mcu.externaltools.gnu-tools-for-stm32.9-2020-q2-update.win32_2.0.0.202105311346/tools/bin/../lib/gcc/arm-none-eabi/9.3.1/../../../../arm-none-eabi/lib/thumb/v7e-m+fp/hard\libc_nano.a(lib_a-nano-freer.o)
                0x000000000800da00                _free_r
 .text._malloc_r
                0x000000000800daa0       0xb4 c:/st/stm32cubeide_1.8.0/stm32cubeide/plugins/com.st.stm32cube.ide.mcu.externaltools.gnu-tools-for-stm32.9-2020-q2-update.win32_2.0.0.202105311346/tools/bin/../lib/gcc/arm-none-eabi/9.3.1/../../../../arm-none-eabi/lib/thumb/v7e-m+fp/hard\libc_nano.a(lib_a-nano-mallocr.o)
                0x000000000800daa0                _malloc_r
 .text._sbrk_r  0x000000000800db54       0x20 c:/st/stm32cubeide_1.8.0/stm32cubeide/plugins/com.st.stm32cube.ide.mcu.externaltools.gnu-tools-for-stm32.9-2020-q2-update.win32_2.0.0.202105311346/tools/bin/../lib/gcc/arm-none-eabi/9.3.1/../../../../arm-none-eabi/lib/thumb/v7e-m+fp/hard\libc_nano.a(lib_a-sbrkr.o)
                0x000000000800db54                _sbrk_r
 .text.sprintf  0x000000000800db74       0x40 c:/st/stm32cubeide_1.8.0/stm32cubeide/plugins/com.st.stm32cube.ide.mcu.externaltools.gnu-tools-for-stm32.9-2020-q2-update.win32_2.0.0.202105311346/tools/bin/../lib/gcc/arm-none-eabi/9.3.1/../../../../arm-none-eabi/lib/thumb/v7e-m+fp/hard\libc_nano.a(lib_a-sprintf.o)
                0x000000000800db74                siprintf
                0x000000000800db74                sprintf
 .text.strcpy   0x000000000800dbb4       0x10 c:/st/stm32cubeide_1.8.0/stm32cubeide/plugins/com.st.stm32cube.ide.mcu.externaltools.gnu-tools-for-stm32.9-2020-q2-update.win32_2.0.0.202105311346/tools/bin/../lib/gcc/arm-none-eabi/9.3.1/../../../../arm-none-eabi/lib/thumb/v7e-m+fp/hard\libc_nano.a(lib_a-strcpy.o)
                0x000000000800dbb4                strcpy
 .text.__malloc_lock
                0x000000000800dbc4        0xc c:/st/stm32cubeide_1.8.0/stm32cubeide/plugins/com.st.stm32cube.ide.mcu.externaltools.gnu-tools-for-stm32.9-2020-q2-update.win32_2.0.0.202105311346/tools/bin/../lib/gcc/arm-none-eabi/9.3.1/../../../../arm-none-eabi/lib/thumb/v7e-m+fp/hard\libc_nano.a(lib_a-mlock.o)
                0x000000000800dbc4                __malloc_lock
 .text.__malloc_unlock
                0x000000000800dbd0        0xc c:/st/stm32cubeide_1.8.0/stm32cubeide/plugins/com.st.stm32cube.ide.mcu.externaltools.gnu-tools-for-stm32.9-2020-q2-update.win32_2.0.0.202105311346/tools/bin/../lib/gcc/arm-none-eabi/9.3.1/../../../../arm-none-eabi/lib/thumb/v7e-m+fp/hard\libc_nano.a(lib_a-mlock.o)
                0x000000000800dbd0                __malloc_unlock
 .text.__ssputs_r
                0x000000000800dbdc       0xb6 c:/st/stm32cubeide_1.8.0/stm32cubeide/plugins/com.st.stm32cube.ide.mcu.externaltools.gnu-tools-for-stm32.9-2020-q2-update.win32_2.0.0.202105311346/tools/bin/../lib/gcc/arm-none-eabi/9.3.1/../../../../arm-none-eabi/lib/thumb/v7e-m+fp/hard\libc_nano.a(lib_a-nano-svfprintf.o)
                0x000000000800dbdc                __ssputs_r
 *fill*         0x000000000800dc92        0x2 
 .text._svfprintf_r
                0x000000000800dc94      0x200 c:/st/stm32cubeide_1.8.0/stm32cubeide/plugins/com.st.stm32cube.ide.mcu.externaltools.gnu-tools-for-stm32.9-2020-q2-update.win32_2.0.0.202105311346/tools/bin/../lib/gcc/arm-none-eabi/9.3.1/../../../../arm-none-eabi/lib/thumb/v7e-m+fp/hard\libc_nano.a(lib_a-nano-svfprintf.o)
                0x000000000800dc94                _svfiprintf_r
                0x000000000800dc94                _svfprintf_r
 .text._printf_common
                0x000000000800de94       0xda c:/st/stm32cubeide_1.8.0/stm32cubeide/plugins/com.st.stm32cube.ide.mcu.externaltools.gnu-tools-for-stm32.9-2020-q2-update.win32_2.0.0.202105311346/tools/bin/../lib/gcc/arm-none-eabi/9.3.1/../../../../arm-none-eabi/lib/thumb/v7e-m+fp/hard\libc_nano.a(lib_a-nano-vfprintf_i.o)
                0x000000000800de94                _printf_common
 *fill*         0x000000000800df6e        0x2 
 .text._printf_i
                0x000000000800df70      0x24c c:/st/stm32cubeide_1.8.0/stm32cubeide/plugins/com.st.stm32cube.ide.mcu.externaltools.gnu-tools-for-stm32.9-2020-q2-update.win32_2.0.0.202105311346/tools/bin/../lib/gcc/arm-none-eabi/9.3.1/../../../../arm-none-eabi/lib/thumb/v7e-m+fp/hard\libc_nano.a(lib_a-nano-vfprintf_i.o)
                0x000000000800df70                _printf_i
 .text.__retarget_lock_acquire_recursive
                0x000000000800e1bc        0x2 c:/st/stm32cubeide_1.8.0/stm32cubeide/plugins/com.st.stm32cube.ide.mcu.externaltools.gnu-tools-for-stm32.9-2020-q2-update.win32_2.0.0.202105311346/tools/bin/../lib/gcc/arm-none-eabi/9.3.1/../../../../arm-none-eabi/lib/thumb/v7e-m+fp/hard\libc_nano.a(lib_a-lock.o)
                0x000000000800e1bc                __retarget_lock_acquire_recursive
 .text.__retarget_lock_release_recursive
                0x000000000800e1be        0x2 c:/st/stm32cubeide_1.8.0/stm32cubeide/plugins/com.st.stm32cube.ide.mcu.externaltools.gnu-tools-for-stm32.9-2020-q2-update.win32_2.0.0.202105311346/tools/bin/../lib/gcc/arm-none-eabi/9.3.1/../../../../arm-none-eabi/lib/thumb/v7e-m+fp/hard\libc_nano.a(lib_a-lock.o)
                0x000000000800e1be                __retarget_lock_release_recursive
 .text.memmove  0x000000000800e1c0       0x34 c:/st/stm32cubeide_1.8.0/stm32cubeide/plugins/com.st.stm32cube.ide.mcu.externaltools.gnu-tools-for-stm32.9-2020-q2-update.win32_2.0.0.202105311346/tools/bin/../lib/gcc/arm-none-eabi/9.3.1/../../../../arm-none-eabi/lib/thumb/v7e-m+fp/hard\libc_nano.a(lib_a-memmove.o)
                0x000000000800e1c0                memmove
 .text._realloc_r
                0x000000000800e1f4       0x4c c:/st/stm32cubeide_1.8.0/stm32cubeide/plugins/com.st.stm32cube.ide.mcu.externaltools.gnu-tools-for-stm32.9-2020-q2-update.win32_2.0.0.202105311346/tools/bin/../lib/gcc/arm-none-eabi/9.3.1/../../../../arm-none-eabi/lib/thumb/v7e-m+fp/hard\libc_nano.a(lib_a-nano-reallocr.o)
                0x000000000800e1f4                _realloc_r
 .text._malloc_usable_size_r
                0x000000000800e240       0x10 c:/st/stm32cubeide_1.8.0/stm32cubeide/plugins/com.st.stm32cube.ide.mcu.externaltools.gnu-tools-for-stm32.9-2020-q2-update.win32_2.0.0.202105311346/tools/bin/../lib/gcc/arm-none-eabi/9.3.1/../../../../arm-none-eabi/lib/thumb/v7e-m+fp/hard\libc_nano.a(lib_a-nano-msizer.o)
                0x000000000800e240                _malloc_usable_size_r
 *(.glue_7)
 .glue_7        0x000000000800e250        0x0 linker stubs
 *(.glue_7t)
 .glue_7t       0x000000000800e250        0x0 linker stubs
 *(.eh_frame)
 .eh_frame      0x000000000800e250        0x0 c:/st/stm32cubeide_1.8.0/stm32cubeide/plugins/com.st.stm32cube.ide.mcu.externaltools.gnu-tools-for-stm32.9-2020-q2-update.win32_2.0.0.202105311346/tools/bin/../lib/gcc/arm-none-eabi/9.3.1/thumb/v7e-m+fp/hard/crtbegin.o
 *(.init)
 .init          0x000000000800e250        0x4 c:/st/stm32cubeide_1.8.0/stm32cubeide/plugins/com.st.stm32cube.ide.mcu.externaltools.gnu-tools-for-stm32.9-2020-q2-update.win32_2.0.0.202105311346/tools/bin/../lib/gcc/arm-none-eabi/9.3.1/thumb/v7e-m+fp/hard/crti.o
                0x000000000800e250                _init
 .init          0x000000000800e254        0x8 c:/st/stm32cubeide_1.8.0/stm32cubeide/plugins/com.st.stm32cube.ide.mcu.externaltools.gnu-tools-for-stm32.9-2020-q2-update.win32_2.0.0.202105311346/tools/bin/../lib/gcc/arm-none-eabi/9.3.1/thumb/v7e-m+fp/hard/crtn.o
 *(.fini)
 .fini          0x000000000800e25c        0x4 c:/st/stm32cubeide_1.8.0/stm32cubeide/plugins/com.st.stm32cube.ide.mcu.externaltools.gnu-tools-for-stm32.9-2020-q2-update.win32_2.0.0.202105311346/tools/bin/../lib/gcc/arm-none-eabi/9.3.1/thumb/v7e-m+fp/hard/crti.o
                0x000000000800e25c                _fini
 .fini          0x000000000800e260        0x8 c:/st/stm32cubeide_1.8.0/stm32cubeide/plugins/com.st.stm32cube.ide.mcu.externaltools.gnu-tools-for-stm32.9-2020-q2-update.win32_2.0.0.202105311346/tools/bin/../lib/gcc/arm-none-eabi/9.3.1/thumb/v7e-m+fp/hard/crtn.o
                0x000000000800e268                . = ALIGN (0x4)
                0x000000000800e268                _etext = .

.vfp11_veneer   0x000000000800e268        0x0
 .vfp11_veneer  0x000000000800e268        0x0 linker stubs

.v4_bx          0x000000000800e268        0x0
 .v4_bx         0x000000000800e268        0x0 linker stubs

.iplt           0x000000000800e268        0x0
 .iplt          0x000000000800e268        0x0 c:/st/stm32cubeide_1.8.0/stm32cubeide/plugins/com.st.stm32cube.ide.mcu.externaltools.gnu-tools-for-stm32.9-2020-q2-update.win32_2.0.0.202105311346/tools/bin/../lib/gcc/arm-none-eabi/9.3.1/thumb/v7e-m+fp/hard/crtbegin.o

.rodata         0x000000000800e268      0x1f8
                0x000000000800e268                . = ALIGN (0x4)
 *(.rodata)
 .rodata        0x000000000800e268       0x21 ./Core/Src/main.o
 *fill*         0x000000000800e289        0x3 
 .rodata        0x000000000800e28c        0x4 ./Middlewares/ST/STM32_USB_Host_Library/Class/CDC/Src/usbh_cdc.o
 .rodata        0x000000000800e290        0x9 ./common/ThirdParty/FreeRTOS/tasks.o
 *fill*         0x000000000800e299        0x3 
 .rodata        0x000000000800e29c        0xd ./common/ThirdParty/FreeRTOS/timers.o
 *fill*         0x000000000800e2a9        0x3 
 .rodata        0x000000000800e2ac       0xe9 ./common/ThirdParty/FreeRTOS/portable/MemMang/heap_2.o
 *fill*         0x000000000800e395        0x3 
 .rodata        0x000000000800e398       0x58 ./common/ThirdParty/SEGGER/OS/SEGGER_SYSVIEW_FreeRTOS.o
 .rodata        0x000000000800e3f0       0x17 ./common/ThirdParty/SEGGER/SEGGER/SEGGER_RTT.o
 *(.rodata*)
 *fill*         0x000000000800e407        0x1 
 .rodata.AHBPrescTable
                0x000000000800e408       0x10 ./Core/Src/system_stm32f4xx.o
                0x000000000800e408                AHBPrescTable
 .rodata.APBPrescTable
                0x000000000800e418        0x8 ./Core/Src/system_stm32f4xx.o
                0x000000000800e418                APBPrescTable
 .rodata._abSync
                0x000000000800e420        0xa ./common/ThirdParty/SEGGER/SEGGER/SEGGER_SYSVIEW.o
 .rodata._svfprintf_r.str1.1
                0x000000000800e42a       0x11 c:/st/stm32cubeide_1.8.0/stm32cubeide/plugins/com.st.stm32cube.ide.mcu.externaltools.gnu-tools-for-stm32.9-2020-q2-update.win32_2.0.0.202105311346/tools/bin/../lib/gcc/arm-none-eabi/9.3.1/../../../../arm-none-eabi/lib/thumb/v7e-m+fp/hard\libc_nano.a(lib_a-nano-svfprintf.o)
 .rodata._printf_i.str1.1
                0x000000000800e43b       0x22 c:/st/stm32cubeide_1.8.0/stm32cubeide/plugins/com.st.stm32cube.ide.mcu.externaltools.gnu-tools-for-stm32.9-2020-q2-update.win32_2.0.0.202105311346/tools/bin/../lib/gcc/arm-none-eabi/9.3.1/../../../../arm-none-eabi/lib/thumb/v7e-m+fp/hard\libc_nano.a(lib_a-nano-vfprintf_i.o)
                0x000000000800e460                . = ALIGN (0x4)
 *fill*         0x000000000800e45d        0x3 

.ARM.extab      0x000000000800e460        0x0
                0x000000000800e460                . = ALIGN (0x4)
 *(.ARM.extab* .gnu.linkonce.armextab.*)
                0x000000000800e460                . = ALIGN (0x4)

.ARM            0x000000000800e460        0x8
                0x000000000800e460                . = ALIGN (0x4)
                0x000000000800e460                __exidx_start = .
 *(.ARM.exidx*)
 .ARM.exidx     0x000000000800e460        0x8 c:/st/stm32cubeide_1.8.0/stm32cubeide/plugins/com.st.stm32cube.ide.mcu.externaltools.gnu-tools-for-stm32.9-2020-q2-update.win32_2.0.0.202105311346/tools/bin/../lib/gcc/arm-none-eabi/9.3.1/thumb/v7e-m+fp/hard\libgcc.a(_udivmoddi4.o)
                0x000000000800e468                __exidx_end = .
                0x000000000800e468                . = ALIGN (0x4)

.rel.dyn        0x000000000800e468        0x0
 .rel.iplt      0x000000000800e468        0x0 c:/st/stm32cubeide_1.8.0/stm32cubeide/plugins/com.st.stm32cube.ide.mcu.externaltools.gnu-tools-for-stm32.9-2020-q2-update.win32_2.0.0.202105311346/tools/bin/../lib/gcc/arm-none-eabi/9.3.1/thumb/v7e-m+fp/hard/crtbegin.o

.preinit_array  0x000000000800e468        0x0
                0x000000000800e468                . = ALIGN (0x4)
                0x000000000800e468                PROVIDE (__preinit_array_start = .)
 *(.preinit_array*)
                0x000000000800e468                PROVIDE (__preinit_array_end = .)
                0x000000000800e468                . = ALIGN (0x4)

.init_array     0x000000000800e468        0x4
                0x000000000800e468                . = ALIGN (0x4)
                0x000000000800e468                PROVIDE (__init_array_start = .)
 *(SORT_BY_NAME(.init_array.*))
 *(.init_array*)
 .init_array    0x000000000800e468        0x4 c:/st/stm32cubeide_1.8.0/stm32cubeide/plugins/com.st.stm32cube.ide.mcu.externaltools.gnu-tools-for-stm32.9-2020-q2-update.win32_2.0.0.202105311346/tools/bin/../lib/gcc/arm-none-eabi/9.3.1/thumb/v7e-m+fp/hard/crtbegin.o
                0x000000000800e46c                PROVIDE (__init_array_end = .)
                0x000000000800e46c                . = ALIGN (0x4)

.fini_array     0x000000000800e46c        0x4
                0x000000000800e46c                . = ALIGN (0x4)
                [!provide]                        PROVIDE (__fini_array_start = .)
 *(SORT_BY_NAME(.fini_array.*))
 *(.fini_array*)
 .fini_array    0x000000000800e46c        0x4 c:/st/stm32cubeide_1.8.0/stm32cubeide/plugins/com.st.stm32cube.ide.mcu.externaltools.gnu-tools-for-stm32.9-2020-q2-update.win32_2.0.0.202105311346/tools/bin/../lib/gcc/arm-none-eabi/9.3.1/thumb/v7e-m+fp/hard/crtbegin.o
                [!provide]                        PROVIDE (__fini_array_end = .)
                0x000000000800e470                . = ALIGN (0x4)
                0x000000000800e470                _sidata = LOADADDR (.data)

.data           0x0000000020000000       0x9c load address 0x000000000800e470
                0x0000000020000000                . = ALIGN (0x4)
                0x0000000020000000                _sdata = .
 *(.data)
 *(.data*)
 .data.SystemCoreClock
                0x0000000020000000        0x4 ./Core/Src/system_stm32f4xx.o
                0x0000000020000000                SystemCoreClock
 .data.uwTickPrio
                0x0000000020000004        0x4 ./Drivers/STM32F4xx_HAL_Driver/Src/stm32f4xx_hal.o
                0x0000000020000004                uwTickPrio
 .data.uwTickFreq
                0x0000000020000008        0x1 ./Drivers/STM32F4xx_HAL_Driver/Src/stm32f4xx_hal.o
                0x0000000020000008                uwTickFreq
 *fill*         0x0000000020000009        0x3 
 .data.CDC_Class
                0x000000002000000c       0x20 ./Middlewares/ST/STM32_USB_Host_Library/Class/CDC/Src/usbh_cdc.o
                0x000000002000000c                CDC_Class
 .data.uxTopUsedPriority
                0x000000002000002c        0x4 ./common/ThirdParty/FreeRTOS/tasks.o
                0x000000002000002c                uxTopUsedPriority
 .data.uxCriticalNesting
                0x0000000020000030        0x4 ./common/ThirdParty/FreeRTOS/portable/GCC/ARM_CM4F/port.o
 .data.xFreeBytesRemaining
                0x0000000020000034        0x4 ./common/ThirdParty/FreeRTOS/portable/MemMang/heap_2.o
 .data._impure_ptr
                0x0000000020000038        0x4 c:/st/stm32cubeide_1.8.0/stm32cubeide/plugins/com.st.stm32cube.ide.mcu.externaltools.gnu-tools-for-stm32.9-2020-q2-update.win32_2.0.0.202105311346/tools/bin/../lib/gcc/arm-none-eabi/9.3.1/../../../../arm-none-eabi/lib/thumb/v7e-m+fp/hard\libc_nano.a(lib_a-impure.o)
                0x0000000020000038                _impure_ptr
 .data.impure_data
                0x000000002000003c       0x60 c:/st/stm32cubeide_1.8.0/stm32cubeide/plugins/com.st.stm32cube.ide.mcu.externaltools.gnu-tools-for-stm32.9-2020-q2-update.win32_2.0.0.202105311346/tools/bin/../lib/gcc/arm-none-eabi/9.3.1/../../../../arm-none-eabi/lib/thumb/v7e-m+fp/hard\libc_nano.a(lib_a-impure.o)
 *(.RamFunc)
 *(.RamFunc*)
                0x000000002000009c                . = ALIGN (0x4)
                0x000000002000009c                _edata = .
                0x000000000800e50c                _siccmram = LOADADDR (.ccmram)

.igot.plt       0x000000002000009c        0x0 load address 0x000000000800e50c
 .igot.plt      0x000000002000009c        0x0 c:/st/stm32cubeide_1.8.0/stm32cubeide/plugins/com.st.stm32cube.ide.mcu.externaltools.gnu-tools-for-stm32.9-2020-q2-update.win32_2.0.0.202105311346/tools/bin/../lib/gcc/arm-none-eabi/9.3.1/thumb/v7e-m+fp/hard/crtbegin.o

.ccmram         0x0000000010000000        0x0 load address 0x000000000800e50c
                0x0000000010000000                . = ALIGN (0x4)
                0x0000000010000000                _sccmram = .
 *(.ccmram)
 *(.ccmram*)
                0x0000000010000000                . = ALIGN (0x4)
                0x0000000010000000                _eccmram = .
                0x0000000010000000                . = ALIGN (0x4)

.bss            0x000000002000009c    0x13d5c
                0x000000002000009c                _sbss = .
                0x000000002000009c                __bss_start__ = _sbss
 *(.bss)
 .bss           0x000000002000009c       0x1c c:/st/stm32cubeide_1.8.0/stm32cubeide/plugins/com.st.stm32cube.ide.mcu.externaltools.gnu-tools-for-stm32.9-2020-q2-update.win32_2.0.0.202105311346/tools/bin/../lib/gcc/arm-none-eabi/9.3.1/thumb/v7e-m+fp/hard/crtbegin.o
 *(.bss*)
 .bss.xSemaphore
                0x00000000200000b8        0x4 ./Core/Src/main.o
                0x00000000200000b8                xSemaphore
 .bss.__sbrk_heap_end
                0x00000000200000bc        0x4 ./Core/Src/sysmem.o
 .bss.Appli_state
                0x00000000200000c0        0x1 ./USB_HOST/App/usb_host.o
                0x00000000200000c0                Appli_state
 *fill*         0x00000000200000c1        0x3 
 .bss.pxCurrentTCB
                0x00000000200000c4        0x4 ./common/ThirdParty/FreeRTOS/tasks.o
                0x00000000200000c4                pxCurrentTCB
 .bss.pxReadyTasksLists
                0x00000000200000c8      0x12c ./common/ThirdParty/FreeRTOS/tasks.o
 .bss.xDelayedTaskList1
                0x00000000200001f4       0x14 ./common/ThirdParty/FreeRTOS/tasks.o
 .bss.xDelayedTaskList2
                0x0000000020000208       0x14 ./common/ThirdParty/FreeRTOS/tasks.o
 .bss.pxDelayedTaskList
                0x000000002000021c        0x4 ./common/ThirdParty/FreeRTOS/tasks.o
 .bss.pxOverflowDelayedTaskList
                0x0000000020000220        0x4 ./common/ThirdParty/FreeRTOS/tasks.o
 .bss.xPendingReadyList
                0x0000000020000224       0x14 ./common/ThirdParty/FreeRTOS/tasks.o
 .bss.xSuspendedTaskList
                0x0000000020000238       0x14 ./common/ThirdParty/FreeRTOS/tasks.o
 .bss.uxCurrentNumberOfTasks
                0x000000002000024c        0x4 ./common/ThirdParty/FreeRTOS/tasks.o
 .bss.xTickCount
                0x0000000020000250        0x4 ./common/ThirdParty/FreeRTOS/tasks.o
 .bss.uxTopReadyPriority
                0x0000000020000254        0x4 ./common/ThirdParty/FreeRTOS/tasks.o
 .bss.xSchedulerRunning
                0x0000000020000258        0x4 ./common/ThirdParty/FreeRTOS/tasks.o
 .bss.xPendedTicks
                0x000000002000025c        0x4 ./common/ThirdParty/FreeRTOS/tasks.o
 .bss.xYieldPending
                0x0000000020000260        0x4 ./common/ThirdParty/FreeRTOS/tasks.o
 .bss.xNumOfOverflows
                0x0000000020000264        0x4 ./common/ThirdParty/FreeRTOS/tasks.o
 .bss.uxTaskNumber
                0x0000000020000268        0x4 ./common/ThirdParty/FreeRTOS/tasks.o
 .bss.xNextTaskUnblockTime
                0x000000002000026c        0x4 ./common/ThirdParty/FreeRTOS/tasks.o
 .bss.xIdleTaskHandle
                0x0000000020000270        0x4 ./common/ThirdParty/FreeRTOS/tasks.o
 .bss.uxSchedulerSuspended
                0x0000000020000274        0x4 ./common/ThirdParty/FreeRTOS/tasks.o
 .bss.xActiveTimerList1
                0x0000000020000278       0x14 ./common/ThirdParty/FreeRTOS/timers.o
 .bss.xActiveTimerList2
                0x000000002000028c       0x14 ./common/ThirdParty/FreeRTOS/timers.o
 .bss.pxCurrentTimerList
                0x00000000200002a0        0x4 ./common/ThirdParty/FreeRTOS/timers.o
 .bss.pxOverflowTimerList
                0x00000000200002a4        0x4 ./common/ThirdParty/FreeRTOS/timers.o
 .bss.xTimerQueue
                0x00000000200002a8        0x4 ./common/ThirdParty/FreeRTOS/timers.o
 .bss.xTimerTaskHandle
                0x00000000200002ac        0x4 ./common/ThirdParty/FreeRTOS/timers.o
 .bss.xLastTime.10740
                0x00000000200002b0        0x4 ./common/ThirdParty/FreeRTOS/timers.o
 .bss.ucMaxSysCallPriority
                0x00000000200002b4        0x1 ./common/ThirdParty/FreeRTOS/portable/GCC/ARM_CM4F/port.o
 *fill*         0x00000000200002b5        0x3 
 .bss.ulMaxPRIGROUPValue