main.c:84:6:Taskmonitor	216	static
main.c:153:5:main	56	static,ignoring_inline_asm
main.c:224:6:SystemClock_Config	88	static
main.c:268:13:MX_I2C1_Init	8	static
main.c:302:13:MX_I2S3_Init	8	static
main.c:336:13:MX_SPI1_Init	8	static
main.c:374:13:MX_USART2_UART_Init	8	static
main.c:407:13:MX_GPIO_Init	56	static
main.c:496:6:Red_LED_App	24	static
main.c:505:6:Green_LED_App	24	static
main.c:514:6:Delay_App	24	static
main.c:528:6:TaskMonitor_App	16	static
main.c:547:6:HAL_TIM_PeriodElapsedCallback	16	static
main.c:564:6:Error_Handler	4	static,ignoring_inline_asm
