main.c:75:6:MEMS_Write	16	static
main.c:81:6:MEMS_Read	16	static
main.c:88:6:Green_LED_Task	16	static
main.c:101:6:vHandlerTask	32	static
main.c:124:6:HAL_GPIO_EXTI_Callback	24	static,ignoring_inline_asm
main.c:140:5:main	32	static,ignoring_inline_asm
main.c:212:6:SystemClock_Config	88	static
main.c:256:13:MX_I2C1_Init	8	static
main.c:290:13:MX_I2S3_Init	8	static
main.c:324:13:MX_SPI1_Init	8	static
main.c:362:13:MX_USART2_UART_Init	8	static
main.c:395:13:MX_GPIO_Init	56	static
main.c:497:6:HAL_TIM_PeriodElapsedCallback	16	static
main.c:514:6:Error_Handler	4	static,ignoring_inline_asm
