17:41:26 **** Incremental Build of configuration Debug for project 003 TaskMonitor_debug ****
make -j8 all 
arm-none-eabi-gcc "../Core/Src/main.c" -mcpu=cortex-m4 -std=gnu11 -g3 -DDEBUG -DUSE_HAL_DRIVER -DSTM32F407xx -c -I../Core/Inc -I../Drivers/STM32F4xx_HAL_Driver/Inc -I../Drivers/STM32F4xx_HAL_Driver/Inc/Legacy -I../Drivers/CMSIS/Device/ST/STM32F4xx/Include -I../Drivers/CMSIS/Include -I../USB_HOST/App -I../USB_HOST/Target -I../Middlewares/ST/STM32_USB_Host_Library/Core/Inc -I../Middlewares/ST/STM32_USB_Host_Library/Class/CDC/Inc -I"D:/STM32Workspace/RTOS_workspace/001Task/ThirdParty/FreeRTOS" -I"D:/STM32Workspace/RTOS_workspace/001Task/ThirdParty/FreeRTOS/include" -I"D:/STM32Workspace/RTOS_workspace/001Task/ThirdParty/FreeRTOS/portable/MemMang" -I"D:/STM32Workspace/RTOS_workspace/001Task/ThirdParty/SEGGER/Config" -I"D:/STM32Workspace/RTOS_workspace/001Task/ThirdParty/SEGGER/OS" -I"D:/STM32Workspace/RTOS_workspace/001Task/ThirdParty/SEGGER/Patch" -I"D:/STM32Workspace/RTOS_workspace/001Task/ThirdParty/SEGGER/SEGGER" -I"D:/STM32Workspace/RTOS_workspace/001Task/ThirdParty/FreeRTOS/portable/GCC/ARM_CM4F" -O0 -ffunction-sections -fdata-sections -Wall -fstack-usage -MMD -MP -MF"Core/Src/main.d" -MT"Core/Src/main.o" --specs=nano.specs -mfpu=fpv4-sp-d16 -mfloat-abi=hard -mthumb -o "Core/Src/main.o"
../Core/Src/main.c: In function 'main':
../Core/Src/main.c:157:16: warning: unused variable 'monitor_handle' [-Wunused-variable]
  157 |   TaskHandle_t monitor_handle;
      |                ^~~~~~~~~~~~~~
../Core/Src/main.c:156:16: warning: unused variable 'delay_handle' [-Wunused-variable]
  156 |   TaskHandle_t delay_handle;
      |                ^~~~~~~~~~~~
At top level:
../Core/Src/main.c:525:6: warning: 'TaskMonitor_App' defined but not used [-Wunused-function]
  525 | void TaskMonitor_App(void *pvParameters){
      |      ^~~~~~~~~~~~~~~
arm-none-eabi-gcc -o "003 TaskMonitor_debug.elf" @"objects.list"   -mcpu=cortex-m4 -T"D:\STM32Workspace\RTOS_workspace\003 TaskMonitor_debug\STM32F407VGTX_FLASH.ld" --specs=nosys.specs -Wl,-Map="003 TaskMonitor_debug.map" -Wl,--gc-sections -static --specs=nano.specs -mfpu=fpv4-sp-d16 -mfloat-abi=hard -mthumb -Wl,--start-group -lc -lm -Wl,--end-group
Finished building target: 003 TaskMonitor_debug.elf
 
arm-none-eabi-size   003\ TaskMonitor_debug.elf 
arm-none-eabi-objdump -h -S  003\ TaskMonitor_debug.elf  > "003 TaskMonitor_debug.list"
arm-none-eabi-objcopy  -O binary  003\ TaskMonitor_debug.elf  "003 TaskMonitor_debug.bin"
   text	   data	    bss	    dec	    hex	filename
  51140	    160	  82600	 133900	  20b0c	003 TaskMonitor_debug.elf
Finished building: default.size.stdout
 
Finished building: 003 TaskMonitor_debug.bin
 
Finished building: 003 TaskMonitor_debug.list
 

17:41:28 Build Finished. 0 errors, 3 warnings. (took 2s.214ms)

