11:42:05 **** Incremental Build of configuration Debug for project fat ****
make -j8 all 
arm-none-eabi-gcc "../FreeRTOS/portable/ARM_CM4F/port.c" -mcpu=cortex-m4 -std=gnu11 -g3 -DUSE_HAL_DRIVER -DDEBUG -DSTM32F407xx -c -I../Core/Inc -I"D:/STM32Workspace/RTOS_workspace/fat/FreeRTOS/include" -I"D:/STM32Workspace/RTOS_workspace/fat/FreeRTOS/portable/ARM_CM4F" -I"D:/STM32Workspace/RTOS_workspace/fat/Drivers/CMSIS/Device/ST/STM32F4xx/Include" -I"D:/STM32Workspace/RTOS_workspace/fat/Drivers/CMSIS/Include" -I"D:/STM32Workspace/RTOS_workspace/fat/Drivers/STM32F4xx_HAL_Driver/Inc" -I../Drivers/CMSIS/Include -I../Drivers/STM32F4xx_HAL_Driver/Inc -I../Drivers/CMSIS/Device/ST/STM32F4xx/Include -I../Drivers/STM32F4xx_HAL_Driver/Inc/Legacy -O0 -ffunction-sections -fdata-sections -Wall -fstack-usage -MMD -MP -MF"FreeRTOS/portable/ARM_CM4F/port.d" -MT"FreeRTOS/portable/ARM_CM4F/port.o" --specs=nano.specs -mfpu=fpv4-sp-d16 -mfloat-abi=hard -mthumb -o "FreeRTOS/portable/ARM_CM4F/port.o"
arm-none-eabi-gcc "../FreeRTOS/MemMang/heap_4.c" -mcpu=cortex-m4 -std=gnu11 -g3 -DUSE_HAL_DRIVER -DDEBUG -DSTM32F407xx -c -I../Core/Inc -I"D:/STM32Workspace/RTOS_workspace/fat/FreeRTOS/include" -I"D:/STM32Workspace/RTOS_workspace/fat/FreeRTOS/portable/ARM_CM4F" -I"D:/STM32Workspace/RTOS_workspace/fat/Drivers/CMSIS/Device/ST/STM32F4xx/Include" -I"D:/STM32Workspace/RTOS_workspace/fat/Drivers/CMSIS/Include" -I"D:/STM32Workspace/RTOS_workspace/fat/Drivers/STM32F4xx_HAL_Driver/Inc" -I../Drivers/CMSIS/Include -I../Drivers/STM32F4xx_HAL_Driver/Inc -I../Drivers/CMSIS/Device/ST/STM32F4xx/Include -I../Drivers/STM32F4xx_HAL_Driver/Inc/Legacy -O0 -ffunction-sections -fdata-sections -Wall -fstack-usage -MMD -MP -MF"FreeRTOS/MemMang/heap_4.d" -MT"FreeRTOS/MemMang/heap_4.o" --specs=nano.specs -mfpu=fpv4-sp-d16 -mfloat-abi=hard -mthumb -o "FreeRTOS/MemMang/heap_4.o"
arm-none-eabi-gcc "../FreeRTOS/croutine.c" -mcpu=cortex-m4 -std=gnu11 -g3 -DUSE_HAL_DRIVER -DDEBUG -DSTM32F407xx -c -I../Core/Inc -I"D:/STM32Workspace/RTOS_workspace/fat/FreeRTOS/include" -I"D:/STM32Workspace/RTOS_workspace/fat/FreeRTOS/portable/ARM_CM4F" -I"D:/STM32Workspace/RTOS_workspace/fat/Drivers/CMSIS/Device/ST/STM32F4xx/Include" -I"D:/STM32Workspace/RTOS_workspace/fat/Drivers/CMSIS/Include" -I"D:/STM32Workspace/RTOS_workspace/fat/Drivers/STM32F4xx_HAL_Driver/Inc" -I../Drivers/CMSIS/Include -I../Drivers/STM32F4xx_HAL_Driver/Inc -I../Drivers/CMSIS/Device/ST/STM32F4xx/Include -I../Drivers/STM32F4xx_HAL_Driver/Inc/Legacy -O0 -ffunction-sections -fdata-sections -Wall -fstack-usage -MMD -MP -MF"FreeRTOS/croutine.d" -MT"FreeRTOS/croutine.o" --specs=nano.specs -mfpu=fpv4-sp-d16 -mfloat-abi=hard -mthumb -o "FreeRTOS/croutine.o"
arm-none-eabi-gcc "../FreeRTOS/event_groups.c" -mcpu=cortex-m4 -std=gnu11 -g3 -DUSE_HAL_DRIVER -DDEBUG -DSTM32F407xx -c -I../Core/Inc -I"D:/STM32Workspace/RTOS_workspace/fat/FreeRTOS/include" -I"D:/STM32Workspace/RTOS_workspace/fat/FreeRTOS/portable/ARM_CM4F" -I"D:/STM32Workspace/RTOS_workspace/fat/Drivers/CMSIS/Device/ST/STM32F4xx/Include" -I"D:/STM32Workspace/RTOS_workspace/fat/Drivers/CMSIS/Include" -I"D:/STM32Workspace/RTOS_workspace/fat/Drivers/STM32F4xx_HAL_Driver/Inc" -I../Drivers/CMSIS/Include -I../Drivers/STM32F4xx_HAL_Driver/Inc -I../Drivers/CMSIS/Device/ST/STM32F4xx/Include -I../Drivers/STM32F4xx_HAL_Driver/Inc/Legacy -O0 -ffunction-sections -fdata-sections -Wall -fstack-usage -MMD -MP -MF"FreeRTOS/event_groups.d" -MT"FreeRTOS/event_groups.o" --specs=nano.specs -mfpu=fpv4-sp-d16 -mfloat-abi=hard -mthumb -o "FreeRTOS/event_groups.o"
arm-none-eabi-gcc "../FreeRTOS/list.c" -mcpu=cortex-m4 -std=gnu11 -g3 -DUSE_HAL_DRIVER -DDEBUG -DSTM32F407xx -c -I../Core/Inc -I"D:/STM32Workspace/RTOS_workspace/fat/FreeRTOS/include" -I"D:/STM32Workspace/RTOS_workspace/fat/FreeRTOS/portable/ARM_CM4F" -I"D:/STM32Workspace/RTOS_workspace/fat/Drivers/CMSIS/Device/ST/STM32F4xx/Include" -I"D:/STM32Workspace/RTOS_workspace/fat/Drivers/CMSIS/Include" -I"D:/STM32Workspace/RTOS_workspace/fat/Drivers/STM32F4xx_HAL_Driver/Inc" -I../Drivers/CMSIS/Include -I../Drivers/STM32F4xx_HAL_Driver/Inc -I../Drivers/CMSIS/Device/ST/STM32F4xx/Include -I../Drivers/STM32F4xx_HAL_Driver/Inc/Legacy -O0 -ffunction-sections -fdata-sections -Wall -fstack-usage -MMD -MP -MF"FreeRTOS/list.d" -MT"FreeRTOS/list.o" --specs=nano.specs -mfpu=fpv4-sp-d16 -mfloat-abi=hard -mthumb -o "FreeRTOS/list.o"
arm-none-eabi-gcc "../FreeRTOS/queue.c" -mcpu=cortex-m4 -std=gnu11 -g3 -DUSE_HAL_DRIVER -DDEBUG -DSTM32F407xx -c -I../Core/Inc -I"D:/STM32Workspace/RTOS_workspace/fat/FreeRTOS/include" -I"D:/STM32Workspace/RTOS_workspace/fat/FreeRTOS/portable/ARM_CM4F" -I"D:/STM32Workspace/RTOS_workspace/fat/Drivers/CMSIS/Device/ST/STM32F4xx/Include" -I"D:/STM32Workspace/RTOS_workspace/fat/Drivers/CMSIS/Include" -I"D:/STM32Workspace/RTOS_workspace/fat/Drivers/STM32F4xx_HAL_Driver/Inc" -I../Drivers/CMSIS/Include -I../Drivers/STM32F4xx_HAL_Driver/Inc -I../Drivers/CMSIS/Device/ST/STM32F4xx/Include -I../Drivers/STM32F4xx_HAL_Driver/Inc/Legacy -O0 -ffunction-sections -fdata-sections -Wall -fstack-usage -MMD -MP -MF"FreeRTOS/queue.d" -MT"FreeRTOS/queue.o" --specs=nano.specs -mfpu=fpv4-sp-d16 -mfloat-abi=hard -mthumb -o "FreeRTOS/queue.o"
arm-none-eabi-gcc "../FreeRTOS/stream_buffer.c" -mcpu=cortex-m4 -std=gnu11 -g3 -DUSE_HAL_DRIVER -DDEBUG -DSTM32F407xx -c -I../Core/Inc -I"D:/STM32Workspace/RTOS_workspace/fat/FreeRTOS/include" -I"D:/STM32Workspace/RTOS_workspace/fat/FreeRTOS/portable/ARM_CM4F" -I"D:/STM32Workspace/RTOS_workspace/fat/Drivers/CMSIS/Device/ST/STM32F4xx/Include" -I"D:/STM32Workspace/RTOS_workspace/fat/Drivers/CMSIS/Include" -I"D:/STM32Workspace/RTOS_workspace/fat/Drivers/STM32F4xx_HAL_Driver/Inc" -I../Drivers/CMSIS/Include -I../Drivers/STM32F4xx_HAL_Driver/Inc -I../Drivers/CMSIS/Device/ST/STM32F4xx/Include -I../Drivers/STM32F4xx_HAL_Driver/Inc/Legacy -O0 -ffunction-sections -fdata-sections -Wall -fstack-usage -MMD -MP -MF"FreeRTOS/stream_buffer.d" -MT"FreeRTOS/stream_buffer.o" --specs=nano.specs -mfpu=fpv4-sp-d16 -mfloat-abi=hard -mthumb -o "FreeRTOS/stream_buffer.o"
arm-none-eabi-gcc "../FreeRTOS/tasks.c" -mcpu=cortex-m4 -std=gnu11 -g3 -DUSE_HAL_DRIVER -DDEBUG -DSTM32F407xx -c -I../Core/Inc -I"D:/STM32Workspace/RTOS_workspace/fat/FreeRTOS/include" -I"D:/STM32Workspace/RTOS_workspace/fat/FreeRTOS/portable/ARM_CM4F" -I"D:/STM32Workspace/RTOS_workspace/fat/Drivers/CMSIS/Device/ST/STM32F4xx/Include" -I"D:/STM32Workspace/RTOS_workspace/fat/Drivers/CMSIS/Include" -I"D:/STM32Workspace/RTOS_workspace/fat/Drivers/STM32F4xx_HAL_Driver/Inc" -I../Drivers/CMSIS/Include -I../Drivers/STM32F4xx_HAL_Driver/Inc -I../Drivers/CMSIS/Device/ST/STM32F4xx/Include -I../Drivers/STM32F4xx_HAL_Driver/Inc/Legacy -O0 -ffunction-sections -fdata-sections -Wall -fstack-usage -MMD -MP -MF"FreeRTOS/tasks.d" -MT"FreeRTOS/tasks.o" --specs=nano.specs -mfpu=fpv4-sp-d16 -mfloat-abi=hard -mthumb -o "FreeRTOS/tasks.o"
../FreeRTOS/tasks.c: In function 'showTask':
../FreeRTOS/tasks.c:362:26: warning: format '%u' expects argument of type 'unsigned int', but argument 3 has type 'UBaseType_t' {aka 'long unsigned int'} [-Wformat=]
  362 |    printf("%10s         %u\n\r",aa,((TCB_t*)(object_item.pvOwner))->uxPriority);
      |                         ~^         ~~~~~~~~~~~~~~~~~~~~~~~~~~~~~~~~~~~~~~~~~~~
      |                          |                                        |
      |                          unsigned int                             UBaseType_t {aka long unsigned int}
      |                         %lu
../FreeRTOS/tasks.c:370:27: warning: format '%u' expects argument of type 'unsigned int', but argument 3 has type 'UBaseType_t' {aka 'long unsigned int'} [-Wformat=]
  370 |     printf("%10s         %u\n\r",aa,((TCB_t*)(object_item.pvOwner))->uxPriority);
      |                          ~^         ~~~~~~~~~~~~~~~~~~~~~~~~~~~~~~~~~~~~~~~~~~~
      |                           |                                        |
      |                           unsigned int                             UBaseType_t {aka long unsigned int}
      |                          %lu
arm-none-eabi-gcc "../FreeRTOS/timers.c" -mcpu=cortex-m4 -std=gnu11 -g3 -DUSE_HAL_DRIVER -DDEBUG -DSTM32F407xx -c -I../Core/Inc -I"D:/STM32Workspace/RTOS_workspace/fat/FreeRTOS/include" -I"D:/STM32Workspace/RTOS_workspace/fat/FreeRTOS/portable/ARM_CM4F" -I"D:/STM32Workspace/RTOS_workspace/fat/Drivers/CMSIS/Device/ST/STM32F4xx/Include" -I"D:/STM32Workspace/RTOS_workspace/fat/Drivers/CMSIS/Include" -I"D:/STM32Workspace/RTOS_workspace/fat/Drivers/STM32F4xx_HAL_Driver/Inc" -I../Drivers/CMSIS/Include -I../Drivers/STM32F4xx_HAL_Driver/Inc -I../Drivers/CMSIS/Device/ST/STM32F4xx/Include -I../Drivers/STM32F4xx_HAL_Driver/Inc/Legacy -O0 -ffunction-sections -fdata-sections -Wall -fstack-usage -MMD -MP -MF"FreeRTOS/timers.d" -MT"FreeRTOS/timers.o" --specs=nano.specs -mfpu=fpv4-sp-d16 -mfloat-abi=hard -mthumb -o "FreeRTOS/timers.o"
arm-none-eabi-gcc "../Drivers/STM32F4xx_HAL_Driver/Src/stm32f4xx_hal.c" -mcpu=cortex-m4 -std=gnu11 -g3 -DUSE_HAL_DRIVER -DDEBUG -DSTM32F407xx -c -I../Core/Inc -I"D:/STM32Workspace/RTOS_workspace/fat/FreeRTOS/include" -I"D:/STM32Workspace/RTOS_workspace/fat/FreeRTOS/portable/ARM_CM4F" -I"D:/STM32Workspace/RTOS_workspace/fat/Drivers/CMSIS/Device/ST/STM32F4xx/Include" -I"D:/STM32Workspace/RTOS_workspace/fat/Drivers/CMSIS/Include" -I"D:/STM32Workspace/RTOS_workspace/fat/Drivers/STM32F4xx_HAL_Driver/Inc" -I../Drivers/CMSIS/Include -I../Drivers/STM32F4xx_HAL_Driver/Inc -I../Drivers/CMSIS/Device/ST/STM32F4xx/Include -I../Drivers/STM32F4xx_HAL_Driver/Inc/Legacy -O0 -ffunction-sections -fdata-sections -Wall -fstack-usage -MMD -MP -MF"Drivers/STM32F4xx_HAL_Driver/Src/stm32f4xx_hal.d" -MT"Drivers/STM32F4xx_HAL_Driver/Src/stm32f4xx_hal.o" --specs=nano.specs -mfpu=fpv4-sp-d16 -mfloat-abi=hard -mthumb -o "Drivers/STM32F4xx_HAL_Driver/Src/stm32f4xx_hal.o"
arm-none-eabi-gcc "../Drivers/STM32F4xx_HAL_Driver/Src/stm32f4xx_hal_cortex.c" -mcpu=cortex-m4 -std=gnu11 -g3 -DUSE_HAL_DRIVER -DDEBUG -DSTM32F407xx -c -I../Core/Inc -I"D:/STM32Workspace/RTOS_workspace/fat/FreeRTOS/include" -I"D:/STM32Workspace/RTOS_workspace/fat/FreeRTOS/portable/ARM_CM4F" -I"D:/STM32Workspace/RTOS_workspace/fat/Drivers/CMSIS/Device/ST/STM32F4xx/Include" -I"D:/STM32Workspace/RTOS_workspace/fat/Drivers/CMSIS/Include" -I"D:/STM32Workspace/RTOS_workspace/fat/Drivers/STM32F4xx_HAL_Driver/Inc" -I../Drivers/CMSIS/Include -I../Drivers/STM32F4xx_HAL_Driver/Inc -I../Drivers/CMSIS/Device/ST/STM32F4xx/Include -I../Drivers/STM32F4xx_HAL_Driver/Inc/Legacy -O0 -ffunction-sections -fdata-sections -Wall -fstack-usage -MMD -MP -MF"Drivers/STM32F4xx_HAL_Driver/Src/stm32f4xx_hal_cortex.d" -MT"Drivers/STM32F4xx_HAL_Driver/Src/stm32f4xx_hal_cortex.o" --specs=nano.specs -mfpu=fpv4-sp-d16 -mfloat-abi=hard -mthumb -o "Drivers/STM32F4xx_HAL_Driver/Src/stm32f4xx_hal_cortex.o"
arm-none-eabi-gcc "../Drivers/STM32F4xx_HAL_Driver/Src/stm32f4xx_hal_dma.c" -mcpu=cortex-m4 -std=gnu11 -g3 -DUSE_HAL_DRIVER -DDEBUG -DSTM32F407xx -c -I../Core/Inc -I"D:/STM32Workspace/RTOS_workspace/fat/FreeRTOS/include" -I"D:/STM32Workspace/RTOS_workspace/fat/FreeRTOS/portable/ARM_CM4F" -I"D:/STM32Workspace/RTOS_workspace/fat/Drivers/CMSIS/Device/ST/STM32F4xx/Include" -I"D:/STM32Workspace/RTOS_workspace/fat/Drivers/CMSIS/Include" -I"D:/STM32Workspace/RTOS_workspace/fat/Drivers/STM32F4xx_HAL_Driver/Inc" -I../Drivers/CMSIS/Include -I../Drivers/STM32F4xx_HAL_Driver/Inc -I../Drivers/CMSIS/Device/ST/STM32F4xx/Include -I../Drivers/STM32F4xx_HAL_Driver/Inc/Legacy -O0 -ffunction-sections -fdata-sections -Wall -fstack-usage -MMD -MP -MF"Drivers/STM32F4xx_HAL_Driver/Src/stm32f4xx_hal_dma.d" -MT"Drivers/STM32F4xx_HAL_Driver/Src/stm32f4xx_hal_dma.o" --specs=nano.specs -mfpu=fpv4-sp-d16 -mfloat-abi=hard -mthumb -o "Drivers/STM32F4xx_HAL_Driver/Src/stm32f4xx_hal_dma.o"
arm-none-eabi-gcc "../Drivers/STM32F4xx_HAL_Driver/Src/stm32f4xx_hal_dma_ex.c" -mcpu=cortex-m4 -std=gnu11 -g3 -DUSE_HAL_DRIVER -DDEBUG -DSTM32F407xx -c -I../Core/Inc -I"D:/STM32Workspace/RTOS_workspace/fat/FreeRTOS/include" -I"D:/STM32Workspace/RTOS_workspace/fat/FreeRTOS/portable/ARM_CM4F" -I"D:/STM32Workspace/RTOS_workspace/fat/Drivers/CMSIS/Device/ST/STM32F4xx/Include" -I"D:/STM32Workspace/RTOS_workspace/fat/Drivers/CMSIS/Include" -I"D:/STM32Workspace/RTOS_workspace/fat/Drivers/STM32F4xx_HAL_Driver/Inc" -I../Drivers/CMSIS/Include -I../Drivers/STM32F4xx_HAL_Driver/Inc -I../Drivers/CMSIS/Device/ST/STM32F4xx/Include -I../Drivers/STM32F4xx_HAL_Driver/Inc/Legacy -O0 -ffunction-sections -fdata-sections -Wall -fstack-usage -MMD -MP -MF"Drivers/STM32F4xx_HAL_Driver/Src/stm32f4xx_hal_dma_ex.d" -MT"Drivers/STM32F4xx_HAL_Driver/Src/stm32f4xx_hal_dma_ex.o" --specs=nano.specs -mfpu=fpv4-sp-d16 -mfloat-abi=hard -mthumb -o "Drivers/STM32F4xx_HAL_Driver/Src/stm32f4xx_hal_dma_ex.o"
arm-none-eabi-gcc "../Drivers/STM32F4xx_HAL_Driver/Src/stm32f4xx_hal_exti.c" -mcpu=cortex-m4 -std=gnu11 -g3 -DUSE_HAL_DRIVER -DDEBUG -DSTM32F407xx -c -I../Core/Inc -I"D:/STM32Workspace/RTOS_workspace/fat/FreeRTOS/include" -I"D:/STM32Workspace/RTOS_workspace/fat/FreeRTOS/portable/ARM_CM4F" -I"D:/STM32Workspace/RTOS_workspace/fat/Drivers/CMSIS/Device/ST/STM32F4xx/Include" -I"D:/STM32Workspace/RTOS_workspace/fat/Drivers/CMSIS/Include" -I"D:/STM32Workspace/RTOS_workspace/fat/Drivers/STM32F4xx_HAL_Driver/Inc" -I../Drivers/CMSIS/Include -I../Drivers/STM32F4xx_HAL_Driver/Inc -I../Drivers/CMSIS/Device/ST/STM32F4xx/Include -I../Drivers/STM32F4xx_HAL_Driver/Inc/Legacy -O0 -ffunction-sections -fdata-sections -Wall -fstack-usage -MMD -MP -MF"Drivers/STM32F4xx_HAL_Driver/Src/stm32f4xx_hal_exti.d" -MT"Drivers/STM32F4xx_HAL_Driver/Src/stm32f4xx_hal_exti.o" --specs=nano.specs -mfpu=fpv4-sp-d16 -mfloat-abi=hard -mthumb -o "Drivers/STM32F4xx_HAL_Driver/Src/stm32f4xx_hal_exti.o"
arm-none-eabi-gcc "../Drivers/STM32F4xx_HAL_Driver/Src/stm32f4xx_hal_flash.c" -mcpu=cortex-m4 -std=gnu11 -g3 -DUSE_HAL_DRIVER -DDEBUG -DSTM32F407xx -c -I../Core/Inc -I"D:/STM32Workspace/RTOS_workspace/fat/FreeRTOS/include" -I"D:/STM32Workspace/RTOS_workspace/fat/FreeRTOS/portable/ARM_CM4F" -I"D:/STM32Workspace/RTOS_workspace/fat/Drivers/CMSIS/Device/ST/STM32F4xx/Include" -I"D:/STM32Workspace/RTOS_workspace/fat/Drivers/CMSIS/Include" -I"D:/STM32Workspace/RTOS_workspace/fat/Drivers/STM32F4xx_HAL_Driver/Inc" -I../Drivers/CMSIS/Include -I../Drivers/STM32F4xx_HAL_Driver/Inc -I../Drivers/CMSIS/Device/ST/STM32F4xx/Include -I../Drivers/STM32F4xx_HAL_Driver/Inc/Legacy -O0 -ffunction-sections -fdata-sections -Wall -fstack-usage -MMD -MP -MF"Drivers/STM32F4xx_HAL_Driver/Src/stm32f4xx_hal_flash.d" -MT"Drivers/STM32F4xx_HAL_Driver/Src/stm32f4xx_hal_flash.o" --specs=nano.specs -mfpu=fpv4-sp-d16 -mfloat-abi=hard -mthumb -o "Drivers/STM32F4xx_HAL_Driver/Src/stm32f4xx_hal_flash.o"
arm-none-eabi-gcc "../Drivers/STM32F4xx_HAL_Driver/Src/stm32f4xx_hal_flash_ex.c" -mcpu=cortex-m4 -std=gnu11 -g3 -DUSE_HAL_DRIVER -DDEBUG -DSTM32F407xx -c -I../Core/Inc -I"D:/STM32Workspace/RTOS_workspace/fat/FreeRTOS/include" -I"D:/STM32Workspace/RTOS_workspace/fat/FreeRTOS/portable/ARM_CM4F" -I"D:/STM32Workspace/RTOS_workspace/fat/Drivers/CMSIS/Device/ST/STM32F4xx/Include" -I"D:/STM32Workspace/RTOS_workspace/fat/Drivers/CMSIS/Include" -I"D:/STM32Workspace/RTOS_workspace/fat/Drivers/STM32F4xx_HAL_Driver/Inc" -I../Drivers/CMSIS/Include -I../Drivers/STM32F4xx_HAL_Driver/Inc -I../Drivers/CMSIS/Device/ST/STM32F4xx/Include -I../Drivers/STM32F4xx_HAL_Driver/Inc/Legacy -O0 -ffunction-sections -fdata-sections -Wall -fstack-usage -MMD -MP -MF"Drivers/STM32F4xx_HAL_Driver/Src/stm32f4xx_hal_flash_ex.d" -MT"Drivers/STM32F4xx_HAL_Driver/Src/stm32f4xx_hal_flash_ex.o" --specs=nano.specs -mfpu=fpv4-sp-d16 -mfloat-abi=hard -mthumb -o "Drivers/STM32F4xx_HAL_Driver/Src/stm32f4xx_hal_flash_ex.o"
arm-none-eabi-gcc "../Drivers/STM32F4xx_HAL_Driver/Src/stm32f4xx_hal_flash_ramfunc.c" -mcpu=cortex-m4 -std=gnu11 -g3 -DUSE_HAL_DRIVER -DDEBUG -DSTM32F407xx -c -I../Core/Inc -I"D:/STM32Workspace/RTOS_workspace/fat/FreeRTOS/include" -I"D:/STM32Workspace/RTOS_workspace/fat/FreeRTOS/portable/ARM_CM4F" -I"D:/STM32Workspace/RTOS_workspace/fat/Drivers/CMSIS/Device/ST/STM32F4xx/Include" -I"D:/STM32Workspace/RTOS_workspace/fat/Drivers/CMSIS/Include" -I"D:/STM32Workspace/RTOS_workspace/fat/Drivers/STM32F4xx_HAL_Driver/Inc" -I../Drivers/CMSIS/Include -I../Drivers/STM32F4xx_HAL_Driver/Inc -I../Drivers/CMSIS/Device/ST/STM32F4xx/Include -I../Drivers/STM32F4xx_HAL_Driver/Inc/Legacy -O0 -ffunction-sections -fdata-sections -Wall -fstack-usage -MMD -MP -MF"Drivers/STM32F4xx_HAL_Driver/Src/stm32f4xx_hal_flash_ramfunc.d" -MT"Drivers/STM32F4xx_HAL_Driver/Src/stm32f4xx_hal_flash_ramfunc.o" --specs=nano.specs -mfpu=fpv4-sp-d16 -mfloat-abi=hard -mthumb -o "Drivers/STM32F4xx_HAL_Driver/Src/stm32f4xx_hal_flash_ramfunc.o"
arm-none-eabi-gcc "../Drivers/STM32F4xx_HAL_Driver/Src/stm32f4xx_hal_gpio.c" -mcpu=cortex-m4 -std=gnu11 -g3 -DUSE_HAL_DRIVER -DDEBUG -DSTM32F407xx -c -I../Core/Inc -I"D:/STM32Workspace/RTOS_workspace/fat/FreeRTOS/include" -I"D:/STM32Workspace/RTOS_workspace/fat/FreeRTOS/portable/ARM_CM4F" -I"D:/STM32Workspace/RTOS_workspace/fat/Drivers/CMSIS/Device/ST/STM32F4xx/Include" -I"D:/STM32Workspace/RTOS_workspace/fat/Drivers/CMSIS/Include" -I"D:/STM32Workspace/RTOS_workspace/fat/Drivers/STM32F4xx_HAL_Driver/Inc" -I../Drivers/CMSIS/Include -I../Drivers/STM32F4xx_HAL_Driver/Inc -I../Drivers/CMSIS/Device/ST/STM32F4xx/Include -I../Drivers/STM32F4xx_HAL_Driver/Inc/Legacy -O0 -ffunction-sections -fdata-sections -Wall -fstack-usage -MMD -MP -MF"Drivers/STM32F4xx_HAL_Driver/Src/stm32f4xx_hal_gpio.d" -MT"Drivers/STM32F4xx_HAL_Driver/Src/stm32f4xx_hal_gpio.o" --specs=nano.specs -mfpu=fpv4-sp-d16 -mfloat-abi=hard -mthumb -o "Drivers/STM32F4xx_HAL_Driver/Src/stm32f4xx_hal_gpio.o"
arm-none-eabi-gcc "../Drivers/STM32F4xx_HAL_Driver/Src/stm32f4xx_hal_i2c.c" -mcpu=cortex-m4 -std=gnu11 -g3 -DUSE_HAL_DRIVER -DDEBUG -DSTM32F407xx -c -I../Core/Inc -I"D:/STM32Workspace/RTOS_workspace/fat/FreeRTOS/include" -I"D:/STM32Workspace/RTOS_workspace/fat/FreeRTOS/portable/ARM_CM4F" -I"D:/STM32Workspace/RTOS_workspace/fat/Drivers/CMSIS/Device/ST/STM32F4xx/Include" -I"D:/STM32Workspace/RTOS_workspace/fat/Drivers/CMSIS/Include" -I"D:/STM32Workspace/RTOS_workspace/fat/Drivers/STM32F4xx_HAL_Driver/Inc" -I../Drivers/CMSIS/Include -I../Drivers/STM32F4xx_HAL_Driver/Inc -I../Drivers/CMSIS/Device/ST/STM32F4xx/Include -I../Drivers/STM32F4xx_HAL_Driver/Inc/Legacy -O0 -ffunction-sections -fdata-sections -Wall -fstack-usage -MMD -MP -MF"Drivers/STM32F4xx_HAL_Driver/Src/stm32f4xx_hal_i2c.d" -MT"Drivers/STM32F4xx_HAL_Driver/Src/stm32f4xx_hal_i2c.o" --specs=nano.specs -mfpu=fpv4-sp-d16 -mfloat-abi=hard -mthumb -o "Drivers/STM32F4xx_HAL_Driver/Src/stm32f4xx_hal_i2c.o"
arm-none-eabi-gcc "../Drivers/STM32F4xx_HAL_Driver/Src/stm32f4xx_hal_i2c_ex.c" -mcpu=cortex-m4 -std=gnu11 -g3 -DUSE_HAL_DRIVER -DDEBUG -DSTM32F407xx -c -I../Core/Inc -I"D:/STM32Workspace/RTOS_workspace/fat/FreeRTOS/include" -I"D:/STM32Workspace/RTOS_workspace/fat/FreeRTOS/portable/ARM_CM4F" -I"D:/STM32Workspace/RTOS_workspace/fat/Drivers/CMSIS/Device/ST/STM32F4xx/Include" -I"D:/STM32Workspace/RTOS_workspace/fat/Drivers/CMSIS/Include" -I"D:/STM32Workspace/RTOS_workspace/fat/Drivers/STM32F4xx_HAL_Driver/Inc" -I../Drivers/CMSIS/Include -I../Drivers/STM32F4xx_HAL_Driver/Inc -I../Drivers/CMSIS/Device/ST/STM32F4xx/Include -I../Drivers/STM32F4xx_HAL_Driver/Inc/Legacy -O0 -ffunction-sections -fdata-sections -Wall -fstack-usage -MMD -MP -MF"Drivers/STM32F4xx_HAL_Driver/Src/stm32f4xx_hal_i2c_ex.d" -MT"Drivers/STM32F4xx_HAL_Driver/Src/stm32f4xx_hal_i2c_ex.o" --specs=nano.specs -mfpu=fpv4-sp-d16 -mfloat-abi=hard -mthumb -o "Drivers/STM32F4xx_HAL_Driver/Src/stm32f4xx_hal_i2c_ex.o"
arm-none-eabi-gcc "../Drivers/STM32F4xx_HAL_Driver/Src/stm32f4xx_hal_i2s.c" -mcpu=cortex-m4 -std=gnu11 -g3 -DUSE_HAL_DRIVER -DDEBUG -DSTM32F407xx -c -I../Core/Inc -I"D:/STM32Workspace/RTOS_workspace/fat/FreeRTOS/include" -I"D:/STM32Workspace/RTOS_workspace/fat/FreeRTOS/portable/ARM_CM4F" -I"D:/STM32Workspace/RTOS_workspace/fat/Drivers/CMSIS/Device/ST/STM32F4xx/Include" -I"D:/STM32Workspace/RTOS_workspace/fat/Drivers/CMSIS/Include" -I"D:/STM32Workspace/RTOS_workspace/fat/Drivers/STM32F4xx_HAL_Driver/Inc" -I../Drivers/CMSIS/Include -I../Drivers/STM32F4xx_HAL_Driver/Inc -I../Drivers/CMSIS/Device/ST/STM32F4xx/Include -I../Drivers/STM32F4xx_HAL_Driver/Inc/Legacy -O0 -ffunction-sections -fdata-sections -Wall -fstack-usage -MMD -MP -MF"Drivers/STM32F4xx_HAL_Driver/Src/stm32f4xx_hal_i2s.d" -MT"Drivers/STM32F4xx_HAL_Driver/Src/stm32f4xx_hal_i2s.o" --specs=nano.specs -mfpu=fpv4-sp-d16 -mfloat-abi=hard -mthumb -o "Drivers/STM32F4xx_HAL_Driver/Src/stm32f4xx_hal_i2s.o"
arm-none-eabi-gcc "../Drivers/STM32F4xx_HAL_Driver/Src/stm32f4xx_hal_i2s_ex.c" -mcpu=cortex-m4 -std=gnu11 -g3 -DUSE_HAL_DRIVER -DDEBUG -DSTM32F407xx -c -I../Core/Inc -I"D:/STM32Workspace/RTOS_workspace/fat/FreeRTOS/include" -I"D:/STM32Workspace/RTOS_workspace/fat/FreeRTOS/portable/ARM_CM4F" -I"D:/STM32Workspace/RTOS_workspace/fat/Drivers/CMSIS/Device/ST/STM32F4xx/Include" -I"D:/STM32Workspace/RTOS_workspace/fat/Drivers/CMSIS/Include" -I"D:/STM32Workspace/RTOS_workspace/fat/Drivers/STM32F4xx_HAL_Driver/Inc" -I../Drivers/CMSIS/Include -I../Drivers/STM32F4xx_HAL_Driver/Inc -I../Drivers/CMSIS/Device/ST/STM32F4xx/Include -I../Drivers/STM32F4xx_HAL_Driver/Inc/Legacy -O0 -ffunction-sections -fdata-sections -Wall -fstack-usage -MMD -MP -MF"Drivers/STM32F4xx_HAL_Driver/Src/stm32f4xx_hal_i2s_ex.d" -MT"Drivers/STM32F4xx_HAL_Driver/Src/stm32f4xx_hal_i2s_ex.o" --specs=nano.specs -mfpu=fpv4-sp-d16 -mfloat-abi=hard -mthumb -o "Drivers/STM32F4xx_HAL_Driver/Src/stm32f4xx_hal_i2s_ex.o"
arm-none-eabi-gcc "../Drivers/STM32F4xx_HAL_Driver/Src/stm32f4xx_hal_pwr.c" -mcpu=cortex-m4 -std=gnu11 -g3 -DUSE_HAL_DRIVER -DDEBUG -DSTM32F407xx -c -I../Core/Inc -I"D:/STM32Workspace/RTOS_workspace/fat/FreeRTOS/include" -I"D:/STM32Workspace/RTOS_workspace/fat/FreeRTOS/portable/ARM_CM4F" -I"D:/STM32Workspace/RTOS_workspace/fat/Drivers/CMSIS/Device/ST/STM32F4xx/Include" -I"D:/STM32Workspace/RTOS_workspace/fat/Drivers/CMSIS/Include" -I"D:/STM32Workspace/RTOS_workspace/fat/Drivers/STM32F4xx_HAL_Driver/Inc" -I../Drivers/CMSIS/Include -I../Drivers/STM32F4xx_HAL_Driver/Inc -I../Drivers/CMSIS/Device/ST/STM32F4xx/Include -I../Drivers/STM32F4xx_HAL_Driver/Inc/Legacy -O0 -ffunction-sections -fdata-sections -Wall -fstack-usage -MMD -MP -MF"Drivers/STM32F4xx_HAL_Driver/Src/stm32f4xx_hal_pwr.d" -MT"Drivers/STM32F4xx_HAL_Driver/Src/stm32f4xx_hal_pwr.o" --specs=nano.specs -mfpu=fpv4-sp-d16 -mfloat-abi=hard -mthumb -o "Drivers/STM32F4xx_HAL_Driver/Src/stm32f4xx_hal_pwr.o"
arm-none-eabi-gcc "../Drivers/STM32F4xx_HAL_Driver/Src/stm32f4xx_hal_pwr_ex.c" -mcpu=cortex-m4 -std=gnu11 -g3 -DUSE_HAL_DRIVER -DDEBUG -DSTM32F407xx -c -I../Core/Inc -I"D:/STM32Workspace/RTOS_workspace/fat/FreeRTOS/include" -I"D:/STM32Workspace/RTOS_workspace/fat/FreeRTOS/portable/ARM_CM4F" -I"D:/STM32Workspace/RTOS_workspace/fat/Drivers/CMSIS/Device/ST/STM32F4xx/Include" -I"D:/STM32Workspace/RTOS_workspace/fat/Drivers/CMSIS/Include" -I"D:/STM32Workspace/RTOS_workspace/fat/Drivers/STM32F4xx_HAL_Driver/Inc" -I../Drivers/CMSIS/Include -I../Drivers/STM32F4xx_HAL_Driver/Inc -I../Drivers/CMSIS/Device/ST/STM32F4xx/Include -I../Drivers/STM32F4xx_HAL_Driver/Inc/Legacy -O0 -ffunction-sections -fdata-sections -Wall -fstack-usage -MMD -MP -MF"Drivers/STM32F4xx_HAL_Driver/Src/stm32f4xx_hal_pwr_ex.d" -MT"Drivers/STM32F4xx_HAL_Driver/Src/stm32f4xx_hal_pwr_ex.o" --specs=nano.specs -mfpu=fpv4-sp-d16 -mfloat-abi=hard -mthumb -o "Drivers/STM32F4xx_HAL_Driver/Src/stm32f4xx_hal_pwr_ex.o"
arm-none-eabi-gcc "../Drivers/STM32F4xx_HAL_Driver/Src/stm32f4xx_hal_rcc.c" -mcpu=cortex-m4 -std=gnu11 -g3 -DUSE_HAL_DRIVER -DDEBUG -DSTM32F407xx -c -I../Core/Inc -I"D:/STM32Workspace/RTOS_workspace/fat/FreeRTOS/include" -I"D:/STM32Workspace/RTOS_workspace/fat/FreeRTOS/portable/ARM_CM4F" -I"D:/STM32Workspace/RTOS_workspace/fat/Drivers/CMSIS/Device/ST/STM32F4xx/Include" -I"D:/STM32Workspace/RTOS_workspace/fat/Drivers/CMSIS/Include" -I"D:/STM32Workspace/RTOS_workspace/fat/Drivers/STM32F4xx_HAL_Driver/Inc" -I../Drivers/CMSIS/Include -I../Drivers/STM32F4xx_HAL_Driver/Inc -I../Drivers/CMSIS/Device/ST/STM32F4xx/Include -I../Drivers/STM32F4xx_HAL_Driver/Inc/Legacy -O0 -ffunction-sections -fdata-sections -Wall -fstack-usage -MMD -MP -MF"Drivers/STM32F4xx_HAL_Driver/Src/stm32f4xx_hal_rcc.d" -MT"Drivers/STM32F4xx_HAL_Driver/Src/stm32f4xx_hal_rcc.o" --specs=nano.specs -mfpu=fpv4-sp-d16 -mfloat-abi=hard -mthumb -o "Drivers/STM32F4xx_HAL_Driver/Src/stm32f4xx_hal_rcc.o"
arm-none-eabi-gcc "../Drivers/STM32F4xx_HAL_Driver/Src/stm32f4xx_hal_rcc_ex.c" -mcpu=cortex-m4 -std=gnu11 -g3 -DUSE_HAL_DRIVER -DDEBUG -DSTM32F407xx -c -I../Core/Inc -I"D:/STM32Workspace/RTOS_workspace/fat/FreeRTOS/include" -I"D:/STM32Workspace/RTOS_workspace/fat/FreeRTOS/portable/ARM_CM4F" -I"D:/STM32Workspace/RTOS_workspace/fat/Drivers/CMSIS/Device/ST/STM32F4xx/Include" -I"D:/STM32Workspace/RTOS_workspace/fat/Drivers/CMSIS/Include" -I"D:/STM32Workspace/RTOS_workspace/fat/Drivers/STM32F4xx_HAL_Driver/Inc" -I../Drivers/CMSIS/Include -I../Drivers/STM32F4xx_HAL_Driver/Inc -I../Drivers/CMSIS/Device/ST/STM32F4xx/Include -I../Drivers/STM32F4xx_HAL_Driver/Inc/Legacy -O0 -ffunction-sections -fdata-sections -Wall -fstack-usage -MMD -MP -MF"Drivers/STM32F4xx_HAL_Driver/Src/stm32f4xx_hal_rcc_ex.d" -MT"Drivers/STM32F4xx_HAL_Driver/Src/stm32f4xx_hal_rcc_ex.o" --specs=nano.specs -mfpu=fpv4-sp-d16 -mfloat-abi=hard -mthumb -o "Drivers/STM32F4xx_HAL_Driver/Src/stm32f4xx_hal_rcc_ex.o"
arm-none-eabi-gcc "../Drivers/STM32F4xx_HAL_Driver/Src/stm32f4xx_hal_spi.c" -mcpu=cortex-m4 -std=gnu11 -g3 -DUSE_HAL_DRIVER -DDEBUG -DSTM32F407xx -c -I../Core/Inc -I"D:/STM32Workspace/RTOS_workspace/fat/FreeRTOS/include" -I"D:/STM32Workspace/RTOS_workspace/fat/FreeRTOS/portable/ARM_CM4F" -I"D:/STM32Workspace/RTOS_workspace/fat/Drivers/CMSIS/Device/ST/STM32F4xx/Include" -I"D:/STM32Workspace/RTOS_workspace/fat/Drivers/CMSIS/Include" -I"D:/STM32Workspace/RTOS_workspace/fat/Drivers/STM32F4xx_HAL_Driver/Inc" -I../Drivers/CMSIS/Include -I../Drivers/STM32F4xx_HAL_Driver/Inc -I../Drivers/CMSIS/Device/ST/STM32F4xx/Include -I../Drivers/STM32F4xx_HAL_Driver/Inc/Legacy -O0 -ffunction-sections -fdata-sections -Wall -fstack-usage -MMD -MP -MF"Drivers/STM32F4xx_HAL_Driver/Src/stm32f4xx_hal_spi.d" -MT"Drivers/STM32F4xx_HAL_Driver/Src/stm32f4xx_hal_spi.o" --specs=nano.specs -mfpu=fpv4-sp-d16 -mfloat-abi=hard -mthumb -o "Drivers/STM32F4xx_HAL_Driver/Src/stm32f4xx_hal_spi.o"
arm-none-eabi-gcc "../Drivers/STM32F4xx_HAL_Driver/Src/stm32f4xx_hal_tim.c" -mcpu=cortex-m4 -std=gnu11 -g3 -DUSE_HAL_DRIVER -DDEBUG -DSTM32F407xx -c -I../Core/Inc -I"D:/STM32Workspace/RTOS_workspace/fat/FreeRTOS/include" -I"D:/STM32Workspace/RTOS_workspace/fat/FreeRTOS/portable/ARM_CM4F" -I"D:/STM32Workspace/RTOS_workspace/fat/Drivers/CMSIS/Device/ST/STM32F4xx/Include" -I"D:/STM32Workspace/RTOS_workspace/fat/Drivers/CMSIS/Include" -I"D:/STM32Workspace/RTOS_workspace/fat/Drivers/STM32F4xx_HAL_Driver/Inc" -I../Drivers/CMSIS/Include -I../Drivers/STM32F4xx_HAL_Driver/Inc -I../Drivers/CMSIS/Device/ST/STM32F4xx/Include -I../Drivers/STM32F4xx_HAL_Driver/Inc/Legacy -O0 -ffunction-sections -fdata-sections -Wall -fstack-usage -MMD -MP -MF"Drivers/STM32F4xx_HAL_Driver/Src/stm32f4xx_hal_tim.d" -MT"Drivers/STM32F4xx_HAL_Driver/Src/stm32f4xx_hal_tim.o" --specs=nano.specs -mfpu=fpv4-sp-d16 -mfloat-abi=hard -mthumb -o "Drivers/STM32F4xx_HAL_Driver/Src/stm32f4xx_hal_tim.o"
arm-none-eabi-gcc "../Drivers/STM32F4xx_HAL_Driver/Src/stm32f4xx_hal_tim_ex.c" -mcpu=cortex-m4 -std=gnu11 -g3 -DUSE_HAL_DRIVER -DDEBUG -DSTM32F407xx -c -I../Core/Inc -I"D:/STM32Workspace/RTOS_workspace/fat/FreeRTOS/include" -I"D:/STM32Workspace/RTOS_workspace/fat/FreeRTOS/portable/ARM_CM4F" -I"D:/STM32Workspace/RTOS_workspace/fat/Drivers/CMSIS/Device/ST/STM32F4xx/Include" -I"D:/STM32Workspace/RTOS_workspace/fat/Drivers/CMSIS/Include" -I"D:/STM32Workspace/RTOS_workspace/fat/Drivers/STM32F4xx_HAL_Driver/Inc" -I../Drivers/CMSIS/Include -I../Drivers/STM32F4xx_HAL_Driver/Inc -I../Drivers/CMSIS/Device/ST/STM32F4xx/Include -I../Drivers/STM32F4xx_HAL_Driver/Inc/Legacy -O0 -ffunction-sections -fdata-sections -Wall -fstack-usage -MMD -MP -MF"Drivers/STM32F4xx_HAL_Driver/Src/stm32f4xx_hal_tim_ex.d" -MT"Drivers/STM32F4xx_HAL_Driver/Src/stm32f4xx_hal_tim_ex.o" --specs=nano.specs -mfpu=fpv4-sp-d16 -mfloat-abi=hard -mthumb -o "Drivers/STM32F4xx_HAL_Driver/Src/stm32f4xx_hal_tim_ex.o"
arm-none-eabi-gcc "../Drivers/STM32F4xx_HAL_Driver/Src/stm32f4xx_hal_uart.c" -mcpu=cortex-m4 -std=gnu11 -g3 -DUSE_HAL_DRIVER -DDEBUG -DSTM32F407xx -c -I../Core/Inc -I"D:/STM32Workspace/RTOS_workspace/fat/FreeRTOS/include" -I"D:/STM32Workspace/RTOS_workspace/fat/FreeRTOS/portable/ARM_CM4F" -I"D:/STM32Workspace/RTOS_workspace/fat/Drivers/CMSIS/Device/ST/STM32F4xx/Include" -I"D:/STM32Workspace/RTOS_workspace/fat/Drivers/CMSIS/Include" -I"D:/STM32Workspace/RTOS_workspace/fat/Drivers/STM32F4xx_HAL_Driver/Inc" -I../Drivers/CMSIS/Include -I../Drivers/STM32F4xx_HAL_Driver/Inc -I../Drivers/CMSIS/Device/ST/STM32F4xx/Include -I../Drivers/STM32F4xx_HAL_Driver/Inc/Legacy -O0 -ffunction-sections -fdata-sections -Wall -fstack-usage -MMD -MP -MF"Drivers/STM32F4xx_HAL_Driver/Src/stm32f4xx_hal_uart.d" -MT"Drivers/STM32F4xx_HAL_Driver/Src/stm32f4xx_hal_uart.o" --specs=nano.specs -mfpu=fpv4-sp-d16 -mfloat-abi=hard -mthumb -o "Drivers/STM32F4xx_HAL_Driver/Src/stm32f4xx_hal_uart.o"
arm-none-eabi-gcc "../Core/Src/AUDIO.c" -mcpu=cortex-m4 -std=gnu11 -g3 -DUSE_HAL_DRIVER -DDEBUG -DSTM32F407xx -c -I../Core/Inc -I"D:/STM32Workspace/RTOS_workspace/fat/FreeRTOS/include" -I"D:/STM32Workspace/RTOS_workspace/fat/FreeRTOS/portable/ARM_CM4F" -I"D:/STM32Workspace/RTOS_workspace/fat/Drivers/CMSIS/Device/ST/STM32F4xx/Include" -I"D:/STM32Workspace/RTOS_workspace/fat/Drivers/CMSIS/Include" -I"D:/STM32Workspace/RTOS_workspace/fat/Drivers/STM32F4xx_HAL_Driver/Inc" -I../Drivers/CMSIS/Include -I../Drivers/STM32F4xx_HAL_Driver/Inc -I../Drivers/CMSIS/Device/ST/STM32F4xx/Include -I../Drivers/STM32F4xx_HAL_Driver/Inc/Legacy -O0 -ffunction-sections -fdata-sections -Wall -fstack-usage -MMD -MP -MF"Core/Src/AUDIO.d" -MT"Core/Src/AUDIO.o" --specs=nano.specs -mfpu=fpv4-sp-d16 -mfloat-abi=hard -mthumb -o "Core/Src/AUDIO.o"
arm-none-eabi-gcc "../Core/Src/AUDIO_LINK.c" -mcpu=cortex-m4 -std=gnu11 -g3 -DUSE_HAL_DRIVER -DDEBUG -DSTM32F407xx -c -I../Core/Inc -I"D:/STM32Workspace/RTOS_workspace/fat/FreeRTOS/include" -I"D:/STM32Workspace/RTOS_workspace/fat/FreeRTOS/portable/ARM_CM4F" -I"D:/STM32Workspace/RTOS_workspace/fat/Drivers/CMSIS/Device/ST/STM32F4xx/Include" -I"D:/STM32Workspace/RTOS_workspace/fat/Drivers/CMSIS/Include" -I"D:/STM32Workspace/RTOS_workspace/fat/Drivers/STM32F4xx_HAL_Driver/Inc" -I../Drivers/CMSIS/Include -I../Drivers/STM32F4xx_HAL_Driver/Inc -I../Drivers/CMSIS/Device/ST/STM32F4xx/Include -I../Drivers/STM32F4xx_HAL_Driver/Inc/Legacy -O0 -ffunction-sections -fdata-sections -Wall -fstack-usage -MMD -MP -MF"Core/Src/AUDIO_LINK.d" -MT"Core/Src/AUDIO_LINK.o" --specs=nano.specs -mfpu=fpv4-sp-d16 -mfloat-abi=hard -mthumb -o "Core/Src/AUDIO_LINK.o"
arm-none-eabi-gcc "../Core/Src/File_Handling.c" -mcpu=cortex-m4 -std=gnu11 -g3 -DUSE_HAL_DRIVER -DDEBUG -DSTM32F407xx -c -I../Core/Inc -I"D:/STM32Workspace/RTOS_workspace/fat/FreeRTOS/include" -I"D:/STM32Workspace/RTOS_workspace/fat/FreeRTOS/portable/ARM_CM4F" -I"D:/STM32Workspace/RTOS_workspace/fat/Drivers/CMSIS/Device/ST/STM32F4xx/Include" -I"D:/STM32Workspace/RTOS_workspace/fat/Drivers/CMSIS/Include" -I"D:/STM32Workspace/RTOS_workspace/fat/Drivers/STM32F4xx_HAL_Driver/Inc" -I../Drivers/CMSIS/Include -I../Drivers/STM32F4xx_HAL_Driver/Inc -I../Drivers/CMSIS/Device/ST/STM32F4xx/Include -I../Drivers/STM32F4xx_HAL_Driver/Inc/Legacy -O0 -ffunction-sections -fdata-sections -Wall -fstack-usage -MMD -MP -MF"Core/Src/File_Handling.d" -MT"Core/Src/File_Handling.o" --specs=nano.specs -mfpu=fpv4-sp-d16 -mfloat-abi=hard -mthumb -o "Core/Src/File_Handling.o"
arm-none-eabi-gcc "../Core/Src/cs43l22.c" -mcpu=cortex-m4 -std=gnu11 -g3 -DUSE_HAL_DRIVER -DDEBUG -DSTM32F407xx -c -I../Core/Inc -I"D:/STM32Workspace/RTOS_workspace/fat/FreeRTOS/include" -I"D:/STM32Workspace/RTOS_workspace/fat/FreeRTOS/portable/ARM_CM4F" -I"D:/STM32Workspace/RTOS_workspace/fat/Drivers/CMSIS/Device/ST/STM32F4xx/Include" -I"D:/STM32Workspace/RTOS_workspace/fat/Drivers/CMSIS/Include" -I"D:/STM32Workspace/RTOS_workspace/fat/Drivers/STM32F4xx_HAL_Driver/Inc" -I../Drivers/CMSIS/Include -I../Drivers/STM32F4xx_HAL_Driver/Inc -I../Drivers/CMSIS/Device/ST/STM32F4xx/Include -I../Drivers/STM32F4xx_HAL_Driver/Inc/Legacy -O0 -ffunction-sections -fdata-sections -Wall -fstack-usage -MMD -MP -MF"Core/Src/cs43l22.d" -MT"Core/Src/cs43l22.o" --specs=nano.specs -mfpu=fpv4-sp-d16 -mfloat-abi=hard -mthumb -o "Core/Src/cs43l22.o"
arm-none-eabi-gcc "../Core/Src/diskio.c" -mcpu=cortex-m4 -std=gnu11 -g3 -DUSE_HAL_DRIVER -DDEBUG -DSTM32F407xx -c -I../Core/Inc -I"D:/STM32Workspace/RTOS_workspace/fat/FreeRTOS/include" -I"D:/STM32Workspace/RTOS_workspace/fat/FreeRTOS/portable/ARM_CM4F" -I"D:/STM32Workspace/RTOS_workspace/fat/Drivers/CMSIS/Device/ST/STM32F4xx/Include" -I"D:/STM32Workspace/RTOS_workspace/fat/Drivers/CMSIS/Include" -I"D:/STM32Workspace/RTOS_workspace/fat/Drivers/STM32F4xx_HAL_Driver/Inc" -I../Drivers/CMSIS/Include -I../Drivers/STM32F4xx_HAL_Driver/Inc -I../Drivers/CMSIS/Device/ST/STM32F4xx/Include -I../Drivers/STM32F4xx_HAL_Driver/Inc/Legacy -O0 -ffunction-sections -fdata-sections -Wall -fstack-usage -MMD -MP -MF"Core/Src/diskio.d" -MT"Core/Src/diskio.o" --specs=nano.specs -mfpu=fpv4-sp-d16 -mfloat-abi=hard -mthumb -o "Core/Src/diskio.o"
arm-none-eabi-gcc "../Core/Src/fatfs.c" -mcpu=cortex-m4 -std=gnu11 -g3 -DUSE_HAL_DRIVER -DDEBUG -DSTM32F407xx -c -I../Core/Inc -I"D:/STM32Workspace/RTOS_workspace/fat/FreeRTOS/include" -I"D:/STM32Workspace/RTOS_workspace/fat/FreeRTOS/portable/ARM_CM4F" -I"D:/STM32Workspace/RTOS_workspace/fat/Drivers/CMSIS/Device/ST/STM32F4xx/Include" -I"D:/STM32Workspace/RTOS_workspace/fat/Drivers/CMSIS/Include" -I"D:/STM32Workspace/RTOS_workspace/fat/Drivers/STM32F4xx_HAL_Driver/Inc" -I../Drivers/CMSIS/Include -I../Drivers/STM32F4xx_HAL_Driver/Inc -I../Drivers/CMSIS/Device/ST/STM32F4xx/Include -I../Drivers/STM32F4xx_HAL_Driver/Inc/Legacy -O0 -ffunction-sections -fdata-sections -Wall -fstack-usage -MMD -MP -MF"Core/Src/fatfs.d" -MT"Core/Src/fatfs.o" --specs=nano.specs -mfpu=fpv4-sp-d16 -mfloat-abi=hard -mthumb -o "Core/Src/fatfs.o"
arm-none-eabi-gcc "../Core/Src/ff.c" -mcpu=cortex-m4 -std=gnu11 -g3 -DUSE_HAL_DRIVER -DDEBUG -DSTM32F407xx -c -I../Core/Inc -I"D:/STM32Workspace/RTOS_workspace/fat/FreeRTOS/include" -I"D:/STM32Workspace/RTOS_workspace/fat/FreeRTOS/portable/ARM_CM4F" -I"D:/STM32Workspace/RTOS_workspace/fat/Drivers/CMSIS/Device/ST/STM32F4xx/Include" -I"D:/STM32Workspace/RTOS_workspace/fat/Drivers/CMSIS/Include" -I"D:/STM32Workspace/RTOS_workspace/fat/Drivers/STM32F4xx_HAL_Driver/Inc" -I../Drivers/CMSIS/Include -I../Drivers/STM32F4xx_HAL_Driver/Inc -I../Drivers/CMSIS/Device/ST/STM32F4xx/Include -I../Drivers/STM32F4xx_HAL_Driver/Inc/Legacy -O0 -ffunction-sections -fdata-sections -Wall -fstack-usage -MMD -MP -MF"Core/Src/ff.d" -MT"Core/Src/ff.o" --specs=nano.specs -mfpu=fpv4-sp-d16 -mfloat-abi=hard -mthumb -o "Core/Src/ff.o"
arm-none-eabi-gcc "../Core/Src/ff_gen_drv.c" -mcpu=cortex-m4 -std=gnu11 -g3 -DUSE_HAL_DRIVER -DDEBUG -DSTM32F407xx -c -I../Core/Inc -I"D:/STM32Workspace/RTOS_workspace/fat/FreeRTOS/include" -I"D:/STM32Workspace/RTOS_workspace/fat/FreeRTOS/portable/ARM_CM4F" -I"D:/STM32Workspace/RTOS_workspace/fat/Drivers/CMSIS/Device/ST/STM32F4xx/Include" -I"D:/STM32Workspace/RTOS_workspace/fat/Drivers/CMSIS/Include" -I"D:/STM32Workspace/RTOS_workspace/fat/Drivers/STM32F4xx_HAL_Driver/Inc" -I../Drivers/CMSIS/Include -I../Drivers/STM32F4xx_HAL_Driver/Inc -I../Drivers/CMSIS/Device/ST/STM32F4xx/Include -I../Drivers/STM32F4xx_HAL_Driver/Inc/Legacy -O0 -ffunction-sections -fdata-sections -Wall -fstack-usage -MMD -MP -MF"Core/Src/ff_gen_drv.d" -MT"Core/Src/ff_gen_drv.o" --specs=nano.specs -mfpu=fpv4-sp-d16 -mfloat-abi=hard -mthumb -o "Core/Src/ff_gen_drv.o"
arm-none-eabi-gcc "../Core/Src/fops.c" -mcpu=cortex-m4 -std=gnu11 -g3 -DUSE_HAL_DRIVER -DDEBUG -DSTM32F407xx -c -I../Core/Inc -I"D:/STM32Workspace/RTOS_workspace/fat/FreeRTOS/include" -I"D:/STM32Workspace/RTOS_workspace/fat/FreeRTOS/portable/ARM_CM4F" -I"D:/STM32Workspace/RTOS_workspace/fat/Drivers/CMSIS/Device/ST/STM32F4xx/Include" -I"D:/STM32Workspace/RTOS_workspace/fat/Drivers/CMSIS/Include" -I"D:/STM32Workspace/RTOS_workspace/fat/Drivers/STM32F4xx_HAL_Driver/Inc" -I../Drivers/CMSIS/Include -I../Drivers/STM32F4xx_HAL_Driver/Inc -I../Drivers/CMSIS/Device/ST/STM32F4xx/Include -I../Drivers/STM32F4xx_HAL_Driver/Inc/Legacy -O0 -ffunction-sections -fdata-sections -Wall -fstack-usage -MMD -MP -MF"Core/Src/fops.d" -MT"Core/Src/fops.o" --specs=nano.specs -mfpu=fpv4-sp-d16 -mfloat-abi=hard -mthumb -o "Core/Src/fops.o"
arm-none-eabi-gcc "../Core/Src/main.c" -mcpu=cortex-m4 -std=gnu11 -g3 -DUSE_HAL_DRIVER -DDEBUG -DSTM32F407xx -c -I../Core/Inc -I"D:/STM32Workspace/RTOS_workspace/fat/FreeRTOS/include" -I"D:/STM32Workspace/RTOS_workspace/fat/FreeRTOS/portable/ARM_CM4F" -I"D:/STM32Workspace/RTOS_workspace/fat/Drivers/CMSIS/Device/ST/STM32F4xx/Include" -I"D:/STM32Workspace/RTOS_workspace/fat/Drivers/CMSIS/Include" -I"D:/STM32Workspace/RTOS_workspace/fat/Drivers/STM32F4xx_HAL_Driver/Inc" -I../Drivers/CMSIS/Include -I../Drivers/STM32F4xx_HAL_Driver/Inc -I../Drivers/CMSIS/Device/ST/STM32F4xx/Include -I../Drivers/STM32F4xx_HAL_Driver/Inc/Legacy -O0 -ffunction-sections -fdata-sections -Wall -fstack-usage -MMD -MP -MF"Core/Src/main.d" -MT"Core/Src/main.o" --specs=nano.specs -mfpu=fpv4-sp-d16 -mfloat-abi=hard -mthumb -o "Core/Src/main.o"
arm-none-eabi-gcc "../Core/Src/mmc_sd.c" -mcpu=cortex-m4 -std=gnu11 -g3 -DUSE_HAL_DRIVER -DDEBUG -DSTM32F407xx -c -I../Core/Inc -I"D:/STM32Workspace/RTOS_workspace/fat/FreeRTOS/include" -I"D:/STM32Workspace/RTOS_workspace/fat/FreeRTOS/portable/ARM_CM4F" -I"D:/STM32Workspace/RTOS_workspace/fat/Drivers/CMSIS/Device/ST/STM32F4xx/Include" -I"D:/STM32Workspace/RTOS_workspace/fat/Drivers/CMSIS/Include" -I"D:/STM32Workspace/RTOS_workspace/fat/Drivers/STM32F4xx_HAL_Driver/Inc" -I../Drivers/CMSIS/Include -I../Drivers/STM32F4xx_HAL_Driver/Inc -I../Drivers/CMSIS/Device/ST/STM32F4xx/Include -I../Drivers/STM32F4xx_HAL_Driver/Inc/Legacy -O0 -ffunction-sections -fdata-sections -Wall -fstack-usage -MMD -MP -MF"Core/Src/mmc_sd.d" -MT"Core/Src/mmc_sd.o" --specs=nano.specs -mfpu=fpv4-sp-d16 -mfloat-abi=hard -mthumb -o "Core/Src/mmc_sd.o"
../Core/Src/fops.c: In function 'exf_write':
../Core/Src/fops.c:44:41: warning: passing argument 4 of 'f_write' from incompatible pointer type [-Wincompatible-pointer-types]
   44 |     return f_write(&USERFile, buf, len, &btw) == FR_OK ? 0 : 1;
      |                                         ^~~~
      |                                         |
      |                                         uint32_t * {aka long unsigned int *}
In file included from ../Core/Inc/fatfs.h:26,
                 from ../Core/Inc/fops.h:15,
                 from ../Core/Src/fops.c:10:
../Core/Inc/ff.h:245:61: note: expected 'UINT *' {aka 'unsigned int *'} but argument is of type 'uint32_t *' {aka 'long unsigned int *'}
  245 | FRESULT f_write (FIL* fp, const void* buff, UINT btw, UINT* bw); /* Write data to the file */
      |                                                       ~~~~~~^~
../Core/Src/fops.c: In function 'exf_read':
../Core/Src/fops.c:50:40: warning: passing argument 4 of 'f_read' from incompatible pointer type [-Wincompatible-pointer-types]
   50 |     return f_read(&USERFile, buf, len, &btr) == FR_OK ? 0 : 1;
      |                                        ^~~~
      |                                        |
      |                                        uint32_t * {aka long unsigned int *}
In file included from ../Core/Inc/fatfs.h:26,
                 from ../Core/Inc/fops.h:15,
                 from ../Core/Src/fops.c:10:
../Core/Inc/ff.h:244:54: note: expected 'UINT *' {aka 'unsigned int *'} but argument is of type 'uint32_t *' {aka 'long unsigned int *'}
  244 | FRESULT f_read (FIL* fp, void* buff, UINT btr, UINT* br);   /* Read data from the file */
      |                                                ~~~~~~^~
arm-none-eabi-gcc "../Core/Src/stm32f4xx_hal_msp.c" -mcpu=cortex-m4 -std=gnu11 -g3 -DUSE_HAL_DRIVER -DDEBUG -DSTM32F407xx -c -I../Core/Inc -I"D:/STM32Workspace/RTOS_workspace/fat/FreeRTOS/include" -I"D:/STM32Workspace/RTOS_workspace/fat/FreeRTOS/portable/ARM_CM4F" -I"D:/STM32Workspace/RTOS_workspace/fat/Drivers/CMSIS/Device/ST/STM32F4xx/Include" -I"D:/STM32Workspace/RTOS_workspace/fat/Drivers/CMSIS/Include" -I"D:/STM32Workspace/RTOS_workspace/fat/Drivers/STM32F4xx_HAL_Driver/Inc" -I../Drivers/CMSIS/Include -I../Drivers/STM32F4xx_HAL_Driver/Inc -I../Drivers/CMSIS/Device/ST/STM32F4xx/Include -I../Drivers/STM32F4xx_HAL_Driver/Inc/Legacy -O0 -ffunction-sections -fdata-sections -Wall -fstack-usage -MMD -MP -MF"Core/Src/stm32f4xx_hal_msp.d" -MT"Core/Src/stm32f4xx_hal_msp.o" --specs=nano.specs -mfpu=fpv4-sp-d16 -mfloat-abi=hard -mthumb -o "Core/Src/stm32f4xx_hal_msp.o"
arm-none-eabi-gcc "../Core/Src/stm32f4xx_hal_timebase_tim.c" -mcpu=cortex-m4 -std=gnu11 -g3 -DUSE_HAL_DRIVER -DDEBUG -DSTM32F407xx -c -I../Core/Inc -I"D:/STM32Workspace/RTOS_workspace/fat/FreeRTOS/include" -I"D:/STM32Workspace/RTOS_workspace/fat/FreeRTOS/portable/ARM_CM4F" -I"D:/STM32Workspace/RTOS_workspace/fat/Drivers/CMSIS/Device/ST/STM32F4xx/Include" -I"D:/STM32Workspace/RTOS_workspace/fat/Drivers/CMSIS/Include" -I"D:/STM32Workspace/RTOS_workspace/fat/Drivers/STM32F4xx_HAL_Driver/Inc" -I../Drivers/CMSIS/Include -I../Drivers/STM32F4xx_HAL_Driver/Inc -I../Drivers/CMSIS/Device/ST/STM32F4xx/Include -I../Drivers/STM32F4xx_HAL_Driver/Inc/Legacy -O0 -ffunction-sections -fdata-sections -Wall -fstack-usage -MMD -MP -MF"Core/Src/stm32f4xx_hal_timebase_tim.d" -MT"Core/Src/stm32f4xx_hal_timebase_tim.o" --specs=nano.specs -mfpu=fpv4-sp-d16 -mfloat-abi=hard -mthumb -o "Core/Src/stm32f4xx_hal_timebase_tim.o"
arm-none-eabi-gcc "../Core/Src/stm32f4xx_it.c" -mcpu=cortex-m4 -std=gnu11 -g3 -DUSE_HAL_DRIVER -DDEBUG -DSTM32F407xx -c -I../Core/Inc -I"D:/STM32Workspace/RTOS_workspace/fat/FreeRTOS/include" -I"D:/STM32Workspace/RTOS_workspace/fat/FreeRTOS/portable/ARM_CM4F" -I"D:/STM32Workspace/RTOS_workspace/fat/Drivers/CMSIS/Device/ST/STM32F4xx/Include" -I"D:/STM32Workspace/RTOS_workspace/fat/Drivers/CMSIS/Include" -I"D:/STM32Workspace/RTOS_workspace/fat/Drivers/STM32F4xx_HAL_Driver/Inc" -I../Drivers/CMSIS/Include -I../Drivers/STM32F4xx_HAL_Driver/Inc -I../Drivers/CMSIS/Device/ST/STM32F4xx/Include -I../Drivers/STM32F4xx_HAL_Driver/Inc/Legacy -O0 -ffunction-sections -fdata-sections -Wall -fstack-usage -MMD -MP -MF"Core/Src/stm32f4xx_it.d" -MT"Core/Src/stm32f4xx_it.o" --specs=nano.specs -mfpu=fpv4-sp-d16 -mfloat-abi=hard -mthumb -o "Core/Src/stm32f4xx_it.o"
arm-none-eabi-gcc "../Core/Src/syscalls.c" -mcpu=cortex-m4 -std=gnu11 -g3 -DUSE_HAL_DRIVER -DDEBUG -DSTM32F407xx -c -I../Core/Inc -I"D:/STM32Workspace/RTOS_workspace/fat/FreeRTOS/include" -I"D:/STM32Workspace/RTOS_workspace/fat/FreeRTOS/portable/ARM_CM4F" -I"D:/STM32Workspace/RTOS_workspace/fat/Drivers/CMSIS/Device/ST/STM32F4xx/Include" -I"D:/STM32Workspace/RTOS_workspace/fat/Drivers/CMSIS/Include" -I"D:/STM32Workspace/RTOS_workspace/fat/Drivers/STM32F4xx_HAL_Driver/Inc" -I../Drivers/CMSIS/Include -I../Drivers/STM32F4xx_HAL_Driver/Inc -I../Drivers/CMSIS/Device/ST/STM32F4xx/Include -I../Drivers/STM32F4xx_HAL_Driver/Inc/Legacy -O0 -ffunction-sections -fdata-sections -Wall -fstack-usage -MMD -MP -MF"Core/Src/syscalls.d" -MT"Core/Src/syscalls.o" --specs=nano.specs -mfpu=fpv4-sp-d16 -mfloat-abi=hard -mthumb -o "Core/Src/syscalls.o"
arm-none-eabi-gcc "../Core/Src/sysmem.c" -mcpu=cortex-m4 -std=gnu11 -g3 -DUSE_HAL_DRIVER -DDEBUG -DSTM32F407xx -c -I../Core/Inc -I"D:/STM32Workspace/RTOS_workspace/fat/FreeRTOS/include" -I"D:/STM32Workspace/RTOS_workspace/fat/FreeRTOS/portable/ARM_CM4F" -I"D:/STM32Workspace/RTOS_workspace/fat/Drivers/CMSIS/Device/ST/STM32F4xx/Include" -I"D:/STM32Workspace/RTOS_workspace/fat/Drivers/CMSIS/Include" -I"D:/STM32Workspace/RTOS_workspace/fat/Drivers/STM32F4xx_HAL_Driver/Inc" -I../Drivers/CMSIS/Include -I../Drivers/STM32F4xx_HAL_Driver/Inc -I../Drivers/CMSIS/Device/ST/STM32F4xx/Include -I../Drivers/STM32F4xx_HAL_Driver/Inc/Legacy -O0 -ffunction-sections -fdata-sections -Wall -fstack-usage -MMD -MP -MF"Core/Src/sysmem.d" -MT"Core/Src/sysmem.o" --specs=nano.specs -mfpu=fpv4-sp-d16 -mfloat-abi=hard -mthumb -o "Core/Src/sysmem.o"
arm-none-eabi-gcc "../Core/Src/system_stm32f4xx.c" -mcpu=cortex-m4 -std=gnu11 -g3 -DUSE_HAL_DRIVER -DDEBUG -DSTM32F407xx -c -I../Core/Inc -I"D:/STM32Workspace/RTOS_workspace/fat/FreeRTOS/include" -I"D:/STM32Workspace/RTOS_workspace/fat/FreeRTOS/portable/ARM_CM4F" -I"D:/STM32Workspace/RTOS_workspace/fat/Drivers/CMSIS/Device/ST/STM32F4xx/Include" -I"D:/STM32Workspace/RTOS_workspace/fat/Drivers/CMSIS/Include" -I"D:/STM32Workspace/RTOS_workspace/fat/Drivers/STM32F4xx_HAL_Driver/Inc" -I../Drivers/CMSIS/Include -I../Drivers/STM32F4xx_HAL_Driver/Inc -I../Drivers/CMSIS/Device/ST/STM32F4xx/Include -I../Drivers/STM32F4xx_HAL_Driver/Inc/Legacy -O0 -ffunction-sections -fdata-sections -Wall -fstack-usage -MMD -MP -MF"Core/Src/system_stm32f4xx.d" -MT"Core/Src/system_stm32f4xx.o" --specs=nano.specs -mfpu=fpv4-sp-d16 -mfloat-abi=hard -mthumb -o "Core/Src/system_stm32f4xx.o"
arm-none-eabi-gcc "../Core/Src/user_diskio.c" -mcpu=cortex-m4 -std=gnu11 -g3 -DUSE_HAL_DRIVER -DDEBUG -DSTM32F407xx -c -I../Core/Inc -I"D:/STM32Workspace/RTOS_workspace/fat/FreeRTOS/include" -I"D:/STM32Workspace/RTOS_workspace/fat/FreeRTOS/portable/ARM_CM4F" -I"D:/STM32Workspace/RTOS_workspace/fat/Drivers/CMSIS/Device/ST/STM32F4xx/Include" -I"D:/STM32Workspace/RTOS_workspace/fat/Drivers/CMSIS/Include" -I"D:/STM32Workspace/RTOS_workspace/fat/Drivers/STM32F4xx_HAL_Driver/Inc" -I../Drivers/CMSIS/Include -I../Drivers/STM32F4xx_HAL_Driver/Inc -I../Drivers/CMSIS/Device/ST/STM32F4xx/Include -I../Drivers/STM32F4xx_HAL_Driver/Inc/Legacy -O0 -ffunction-sections -fdata-sections -Wall -fstack-usage -MMD -MP -MF"Core/Src/user_diskio.d" -MT"Core/Src/user_diskio.o" --specs=nano.specs -mfpu=fpv4-sp-d16 -mfloat-abi=hard -mthumb -o "Core/Src/user_diskio.o"
arm-none-eabi-gcc "../Core/Src/waveplayer.c" -mcpu=cortex-m4 -std=gnu11 -g3 -DUSE_HAL_DRIVER -DDEBUG -DSTM32F407xx -c -I../Core/Inc -I"D:/STM32Workspace/RTOS_workspace/fat/FreeRTOS/include" -I"D:/STM32Workspace/RTOS_workspace/fat/FreeRTOS/portable/ARM_CM4F" -I"D:/STM32Workspace/RTOS_workspace/fat/Drivers/CMSIS/Device/ST/STM32F4xx/Include" -I"D:/STM32Workspace/RTOS_workspace/fat/Drivers/CMSIS/Include" -I"D:/STM32Workspace/RTOS_workspace/fat/Drivers/STM32F4xx_HAL_Driver/Inc" -I../Drivers/CMSIS/Include -I../Drivers/STM32F4xx_HAL_Driver/Inc -I../Drivers/CMSIS/Device/ST/STM32F4xx/Include -I../Drivers/STM32F4xx_HAL_Driver/Inc/Legacy -O0 -ffunction-sections -fdata-sections -Wall -fstack-usage -MMD -MP -MF"Core/Src/waveplayer.d" -MT"Core/Src/waveplayer.o" --specs=nano.specs -mfpu=fpv4-sp-d16 -mfloat-abi=hard -mthumb -o "Core/Src/waveplayer.o"
arm-none-eabi-gcc -o "fat.elf" @"objects.list"   -mcpu=cortex-m4 -T"D:\STM32Workspace\RTOS_workspace\fat\STM32F407VGTX_FLASH.ld" --specs=nosys.specs -Wl,-Map="fat.map" -Wl,--gc-sections -static --specs=nano.specs -mfpu=fpv4-sp-d16 -mfloat-abi=hard -mthumb -Wl,--start-group -lc -lm -Wl,--end-group
Finished building target: fat.elf
 
arm-none-eabi-size   fat.elf 
arm-none-eabi-objdump -h -S  fat.elf  > "fat.list"
arm-none-eabi-objcopy  -O binary  fat.elf  "fat.bin"
   text	   data	    bss	    dec	    hex	filename
  50904	    152	  86456	 137512	  21928	fat.elf
Finished building: fat.bin
Finished building: default.size.stdout
 
 
Finished building: fat.list
 
11:51:09 **** Incremental Build of configuration Debug for project fat ****
make -j8 all 
arm-none-eabi-gcc "../Core/Src/fops.c" -mcpu=cortex-m4 -std=gnu11 -g3 -DUSE_HAL_DRIVER -DDEBUG -DSTM32F407xx -c -I../Core/Inc -I"D:/STM32Workspace/RTOS_workspace/fat/FreeRTOS/include" -I"D:/STM32Workspace/RTOS_workspace/fat/FreeRTOS/portable/ARM_CM4F" -I"D:/STM32Workspace/RTOS_workspace/fat/Drivers/CMSIS/Device/ST/STM32F4xx/Include" -I"D:/STM32Workspace/RTOS_workspace/fat/Drivers/CMSIS/Include" -I"D:/STM32Workspace/RTOS_workspace/fat/Drivers/STM32F4xx_HAL_Driver/Inc" -I../Drivers/CMSIS/Include -I../Drivers/STM32F4xx_HAL_Driver/Inc -I../Drivers/CMSIS/Device/ST/STM32F4xx/Include -I../Drivers/STM32F4xx_HAL_Driver/Inc/Legacy -O0 -ffunction-sections -fdata-sections -Wall -fstack-usage -MMD -MP -MF"Core/Src/fops.d" -MT"Core/Src/fops.o" --specs=nano.specs -mfpu=fpv4-sp-d16 -mfloat-abi=hard -mthumb -o "Core/Src/fops.o"
arm-none-eabi-gcc "../Core/Src/main.c" -mcpu=cortex-m4 -std=gnu11 -g3 -DUSE_HAL_DRIVER -DDEBUG -DSTM32F407xx -c -I../Core/Inc -I"D:/STM32Workspace/RTOS_workspace/fat/FreeRTOS/include" -I"D:/STM32Workspace/RTOS_workspace/fat/FreeRTOS/portable/ARM_CM4F" -I"D:/STM32Workspace/RTOS_workspace/fat/Drivers/CMSIS/Device/ST/STM32F4xx/Include" -I"D:/STM32Workspace/RTOS_workspace/fat/Drivers/CMSIS/Include" -I"D:/STM32Workspace/RTOS_workspace/fat/Drivers/STM32F4xx_HAL_Driver/Inc" -I../Drivers/CMSIS/Include -I../Drivers/STM32F4xx_HAL_Driver/Inc -I../Drivers/CMSIS/Device/ST/STM32F4xx/Include -I../Drivers/STM32F4xx_HAL_Driver/Inc/Legacy -O0 -ffunction-sections -fdata-sections -Wall -fstack-usage -MMD -MP -MF"Core/Src/main.d" -MT"Core/Src/main.o" --specs=nano.specs -mfpu=fpv4-sp-d16 -mfloat-abi=hard -mthumb -o "Core/Src/main.o"
In file included from ../Core/Src/fops.c:11:
../Core/Inc/printf.h: In function '__io_putchar':
../Core/Inc/printf.h:30:22: error: 'huart2' undeclared (first use in this function); did you mean 'huart4'?
   30 |   HAL_UART_Transmit(&huart2, (uint8_t *)&ch, 1, 0xFFFF);
      |                      ^~~~~~
      |                      huart4
../Core/Inc/printf.h:30:22: note: each undeclared identifier is reported only once for each function it appears in
../Core/Src/fops.c: In function 'exf_write':
../Core/Src/fops.c:44:41: warning: passing argument 4 of 'f_write' from incompatible pointer type [-Wincompatible-pointer-types]
   44 |     return f_write(&USERFile, buf, len, &btw) == FR_OK ? 0 : 1;
      |                                         ^~~~
      |                                         |
      |                                         uint32_t * {aka long unsigned int *}
In file included from ../Core/Inc/fatfs.h:26,
                 from ../Core/Inc/fops.h:15,
                 from ../Core/Src/fops.c:10:
../Core/Inc/ff.h:245:61: note: expected 'UINT *' {aka 'unsigned int *'} but argument is of type 'uint32_t *' {aka 'long unsigned int *'}
  245 | FRESULT f_write (FIL* fp, const void* buff, UINT btw, UINT* bw); /* Write data to the file */
      |                                                       ~~~~~~^~
../Core/Src/fops.c: In function 'exf_read':
../Core/Src/fops.c:50:40: warning: passing argument 4 of 'f_read' from incompatible pointer type [-Wincompatible-pointer-types]
   50 |     return f_read(&USERFile, buf, len, &btr) == FR_OK ? 0 : 1;
      |                                        ^~~~
      |                                        |
      |                                        uint32_t * {aka long unsigned int *}
In file included from ../Core/Inc/fatfs.h:26,
                 from ../Core/Inc/fops.h:15,
                 from ../Core/Src/fops.c:10:
../Core/Inc/ff.h:244:54: note: expected 'UINT *' {aka 'unsigned int *'} but argument is of type 'uint32_t *' {aka 'long unsigned int *'}
  244 | FRESULT f_read (FIL* fp, void* buff, UINT btr, UINT* br);   /* Read data from the file */
      |                                                ~~~~~~^~
make: *** [Core/Src/subdir.mk:73: Core/Src/fops.o] Error 1
make: *** Waiting for unfinished jobs....
"make -j8 all" terminated with exit code 2. Build might be incomplete.
11:51:48 **** Incremental Build of configuration Debug for project fat ****
make -j8 all 
arm-none-eabi-gcc "../Core/Src/fops.c" -mcpu=cortex-m4 -std=gnu11 -g3 -DUSE_HAL_DRIVER -DDEBUG -DSTM32F407xx -c -I../Core/Inc -I"D:/STM32Workspace/RTOS_workspace/fat/FreeRTOS/include" -I"D:/STM32Workspace/RTOS_workspace/fat/FreeRTOS/portable/ARM_CM4F" -I"D:/STM32Workspace/RTOS_workspace/fat/Drivers/CMSIS/Device/ST/STM32F4xx/Include" -I"D:/STM32Workspace/RTOS_workspace/fat/Drivers/CMSIS/Include" -I"D:/STM32Workspace/RTOS_workspace/fat/Drivers/STM32F4xx_HAL_Driver/Inc" -I../Drivers/CMSIS/Include -I../Drivers/STM32F4xx_HAL_Driver/Inc -I../Drivers/CMSIS/Device/ST/STM32F4xx/Include -I../Drivers/STM32F4xx_HAL_Driver/Inc/Legacy -O0 -ffunction-sections -fdata-sections -Wall -fstack-usage -MMD -MP -MF"Core/Src/fops.d" -MT"Core/Src/fops.o" --specs=nano.specs -mfpu=fpv4-sp-d16 -mfloat-abi=hard -mthumb -o "Core/Src/fops.o"
../Core/Src/fops.c: In function 'exf_write':
../Core/Src/fops.c:44:41: warning: passing argument 4 of 'f_write' from incompatible pointer type [-Wincompatible-pointer-types]
   44 |     return f_write(&USERFile, buf, len, &btw) == FR_OK ? 0 : 1;
      |                                         ^~~~
      |                                         |
      |                                         uint32_t * {aka long unsigned int *}
In file included from ../Core/Inc/fatfs.h:26,
                 from ../Core/Inc/fops.h:15,
                 from ../Core/Src/fops.c:10:
../Core/Inc/ff.h:245:61: note: expected 'UINT *' {aka 'unsigned int *'} but argument is of type 'uint32_t *' {aka 'long unsigned int *'}
  245 | FRESULT f_write (FIL* fp, const void* buff, UINT btw, UINT* bw); /* Write data to the file */
      |                                                       ~~~~~~^~
../Core/Src/fops.c: In function 'exf_read':
../Core/Src/fops.c:50:40: warning: passing argument 4 of 'f_read' from incompatible pointer type [-Wincompatible-pointer-types]
   50 |     return f_read(&USERFile, buf, len, &btr) == FR_OK ? 0 : 1;
      |                                        ^~~~
      |                                        |
      |                                        uint32_t * {aka long unsigned int *}
In file included from ../Core/Inc/fatfs.h:26,
                 from ../Core/Inc/fops.h:15,
                 from ../Core/Src/fops.c:10:
../Core/Inc/ff.h:244:54: note: expected 'UINT *' {aka 'unsigned int *'} but argument is of type 'uint32_t *' {aka 'long unsigned int *'}
  244 | FRESULT f_read (FIL* fp, void* buff, UINT btr, UINT* br);   /* Read data from the file */
      |                                                ~~~~~~^~
arm-none-eabi-gcc -o "fat.elf" @"objects.list"   -mcpu=cortex-m4 -T"D:\STM32Workspace\RTOS_workspace\fat\STM32F407VGTX_FLASH.ld" --specs=nosys.specs -Wl,-Map="fat.map" -Wl,--gc-sections -static --specs=nano.specs -mfpu=fpv4-sp-d16 -mfloat-abi=hard -mthumb -Wl,--start-group -lc -lm -Wl,--end-group
Finished building target: fat.elf
 
arm-none-eabi-size   fat.elf 
arm-none-eabi-objdump -h -S  fat.elf  > "fat.list"
arm-none-eabi-objcopy  -O binary  fat.elf  "fat.bin"
   text	   data	    bss	    dec	    hex	filename
  62164	    208	  86720	 149092	  24664	fat.elf
Finished building: default.size.stdout
 
Finished building: fat.bin
 
Finished building: fat.list
 
11:54:07 **** Incremental Build of configuration Debug for project fat ****
make -j8 all 
arm-none-eabi-gcc "../Core/Src/fops.c" -mcpu=cortex-m4 -std=gnu11 -g3 -DUSE_HAL_DRIVER -DDEBUG -DSTM32F407xx -c -I../Core/Inc -I"D:/STM32Workspace/RTOS_workspace/fat/FreeRTOS/include" -I"D:/STM32Workspace/RTOS_workspace/fat/FreeRTOS/portable/ARM_CM4F" -I"D:/STM32Workspace/RTOS_workspace/fat/Drivers/CMSIS/Device/ST/STM32F4xx/Include" -I"D:/STM32Workspace/RTOS_workspace/fat/Drivers/CMSIS/Include" -I"D:/STM32Workspace/RTOS_workspace/fat/Drivers/STM32F4xx_HAL_Driver/Inc" -I../Drivers/CMSIS/Include -I../Drivers/STM32F4xx_HAL_Driver/Inc -I../Drivers/CMSIS/Device/ST/STM32F4xx/Include -I../Drivers/STM32F4xx_HAL_Driver/Inc/Legacy -O0 -ffunction-sections -fdata-sections -Wall -fstack-usage -MMD -MP -MF"Core/Src/fops.d" -MT"Core/Src/fops.o" --specs=nano.specs -mfpu=fpv4-sp-d16 -mfloat-abi=hard -mthumb -o "Core/Src/fops.o"
arm-none-eabi-gcc "../Core/Src/main.c" -mcpu=cortex-m4 -std=gnu11 -g3 -DUSE_HAL_DRIVER -DDEBUG -DSTM32F407xx -c -I../Core/Inc -I"D:/STM32Workspace/RTOS_workspace/fat/FreeRTOS/include" -I"D:/STM32Workspace/RTOS_workspace/fat/FreeRTOS/portable/ARM_CM4F" -I"D:/STM32Workspace/RTOS_workspace/fat/Drivers/CMSIS/Device/ST/STM32F4xx/Include" -I"D:/STM32Workspace/RTOS_workspace/fat/Drivers/CMSIS/Include" -I"D:/STM32Workspace/RTOS_workspace/fat/Drivers/STM32F4xx_HAL_Driver/Inc" -I../Drivers/CMSIS/Include -I../Drivers/STM32F4xx_HAL_Driver/Inc -I../Drivers/CMSIS/Device/ST/STM32F4xx/Include -I../Drivers/STM32F4xx_HAL_Driver/Inc/Legacy -O0 -ffunction-sections -fdata-sections -Wall -fstack-usage -MMD -MP -MF"Core/Src/main.d" -MT"Core/Src/main.o" --specs=nano.specs -mfpu=fpv4-sp-d16 -mfloat-abi=hard -mthumb -o "Core/Src/main.o"
../Core/Src/fops.c: In function 'exf_write':
../Core/Src/fops.c:44:41: warning: passing argument 4 of 'f_write' from incompatible pointer type [-Wincompatible-pointer-types]
   44 |     return f_write(&USERFile, buf, len, &btw) == FR_OK ? 0 : 1;
      |                                         ^~~~
      |                                         |
      |                                         uint32_t * {aka long unsigned int *}
In file included from ../Core/Inc/fatfs.h:26,
                 from ../Core/Inc/fops.h:15,
                 from ../Core/Src/fops.c:10:
../Core/Inc/ff.h:245:61: note: expected 'UINT *' {aka 'unsigned int *'} but argument is of type 'uint32_t *' {aka 'long unsigned int *'}
  245 | FRESULT f_write (FIL* fp, const void* buff, UINT btw, UINT* bw); /* Write data to the file */
      |                                                       ~~~~~~^~
../Core/Src/fops.c: In function 'exf_read':
../Core/Src/fops.c:50:40: warning: passing argument 4 of 'f_read' from incompatible pointer type [-Wincompatible-pointer-types]
   50 |     return f_read(&USERFile, buf, len, &btr) == FR_OK ? 0 : 1;
      |                                        ^~~~
      |                                        |
      |                                        uint32_t * {aka long unsigned int *}
In file included from ../Core/Inc/fatfs.h:26,
                 from ../Core/Inc/fops.h:15,
                 from ../Core/Src/fops.c:10:
../Core/Inc/ff.h:244:54: note: expected 'UINT *' {aka 'unsigned int *'} but argument is of type 'uint32_t *' {aka 'long unsigned int *'}
  244 | FRESULT f_read (FIL* fp, void* buff, UINT btr, UINT* br);   /* Read data from the file */
      |                                                ~~~~~~^~
arm-none-eabi-gcc -o "fat.elf" @"objects.list"   -mcpu=cortex-m4 -T"D:\STM32Workspace\RTOS_workspace\fat\STM32F407VGTX_FLASH.ld" --specs=nosys.specs -Wl,-Map="fat.map" -Wl,--gc-sections -static --specs=nano.specs -mfpu=fpv4-sp-d16 -mfloat-abi=hard -mthumb -Wl,--start-group -lc -lm -Wl,--end-group
Finished building target: fat.elf
 
arm-none-eabi-size   fat.elf 
arm-none-eabi-objdump -h -S  fat.elf  > "fat.list"
arm-none-eabi-objcopy  -O binary  fat.elf  "fat.bin"
   text	   data	    bss	    dec	    hex	filename
  62096	    208	  86720	 149024	  24620	fat.elf
Finished building: default.size.stdout
 
Finished building: fat.bin
 
Finished building: fat.list
 
11:55:17 **** Incremental Build of configuration Debug for project fat ****
make -j8 all 
arm-none-eabi-size   fat.elf 
   text	   data	    bss	    dec	    hex	filename
  62096	    208	  86720	 149024	  24620	fat.elf
Finished building: default.size.stdout
 
11:57:33 **** Incremental Build of configuration Debug for project fat ****
make -j8 all 
arm-none-eabi-size   fat.elf 
   text	   data	    bss	    dec	    hex	filename
  62096	    208	  86720	 149024	  24620	fat.elf
Finished building: default.size.stdout
 
12:02:42 **** Incremental Build of configuration Debug for project fat ****
make -j8 all 
arm-none-eabi-gcc "../Core/Src/main.c" -mcpu=cortex-m4 -std=gnu11 -g3 -DUSE_HAL_DRIVER -DDEBUG -DSTM32F407xx -c -I../Core/Inc -I"D:/STM32Workspace/RTOS_workspace/fat/FreeRTOS/include" -I"D:/STM32Workspace/RTOS_workspace/fat/FreeRTOS/portable/ARM_CM4F" -I"D:/STM32Workspace/RTOS_workspace/fat/Drivers/CMSIS/Device/ST/STM32F4xx/Include" -I"D:/STM32Workspace/RTOS_workspace/fat/Drivers/CMSIS/Include" -I"D:/STM32Workspace/RTOS_workspace/fat/Drivers/STM32F4xx_HAL_Driver/Inc" -I../Drivers/CMSIS/Include -I../Drivers/STM32F4xx_HAL_Driver/Inc -I../Drivers/CMSIS/Device/ST/STM32F4xx/Include -I../Drivers/STM32F4xx_HAL_Driver/Inc/Legacy -O0 -ffunction-sections -fdata-sections -Wall -fstack-usage -MMD -MP -MF"Core/Src/main.d" -MT"Core/Src/main.o" --specs=nano.specs -mfpu=fpv4-sp-d16 -mfloat-abi=hard -mthumb -o "Core/Src/main.o"
arm-none-eabi-gcc -o "fat.elf" @"objects.list"   -mcpu=cortex-m4 -T"D:\STM32Workspace\RTOS_workspace\fat\STM32F407VGTX_FLASH.ld" --specs=nosys.specs -Wl,-Map="fat.map" -Wl,--gc-sections -static --specs=nano.specs -mfpu=fpv4-sp-d16 -mfloat-abi=hard -mthumb -Wl,--start-group -lc -lm -Wl,--end-group
Finished building target: fat.elf
 
arm-none-eabi-size   fat.elf 
arm-none-eabi-objdump -h -S  fat.elf  > "fat.list"
arm-none-eabi-objcopy  -O binary  fat.elf  "fat.bin"
   text	   data	    bss	    dec	    hex	filename
  62068	    208	  86720	 148996	  24604	fat.elf
Finished building: default.size.stdout
 
Finished building: fat.bin
 
Finished building: fat.list
 
12:04:12 **** Incremental Build of configuration Debug for project fat ****
make -j8 all 
arm-none-eabi-size   fat.elf 
   text	   data	    bss	    dec	    hex	filename
  62068	    208	  86720	 148996	  24604	fat.elf
Finished building: default.size.stdout
 
